07-17 05:53:12.679 D/MccTable( 2301): getLocaleFromMcc to en_us mcc=310
07-17 05:53:12.681 D/MccTable( 2301): getLocaleForLanguageCountry: got perfect match: en-US
07-17 05:53:12.681 D/MccTable( 2301): WIFI_COUNTRY_CODE set to us
07-17 05:53:12.684 I/WifiService( 1657): WifiService trying to set country code to us with persist set to true
07-17 05:53:12.685 D/WifiService( 1657): New client listening to asynchronous messages
07-17 05:53:12.731 E/PhoneInterfaceManager( 2301): [PhoneIntfMgr] getIccId: ICC ID is null or empty.
07-17 05:53:12.739 I/Telephony( 2301): PstnIncomingCallNotifier: Registering: Handler (com.android.internal.telephony.gsm.GSMPhone) {3fc5dfd1}
07-17 05:53:12.772 D/DctController( 2301): [DctController] DataStateReceiver: phoneId= 0
07-17 05:53:12.772 D/DctController( 2301): [DctController] DataStateReceiver: ignore invalid subId=-1
07-17 05:53:12.804 D/GpsLocationProvider( 1657): received SIM realted action: android.intent.action.SIM_STATE_CHANGED
07-17 05:53:12.808 D/GpsLocationProvider( 1657): SIM MCC/MNC is still not available
07-17 05:53:12.855 E/libprocessgroup( 2796): failed to make and chown /acct/uid_10009: Read-only file system
07-17 05:53:12.855 W/Zygote  ( 2796): createProcessGroup failed, kernel missing CONFIG_CGROUP_CPUACCT?
07-17 05:53:12.863 I/ActivityManager( 1657): Start proc com.android.mms for broadcast com.android.mms/.transaction.MmsSystemEventReceiver: pid=2796 uid=10009 gids={50009, 9997, 3003, 1028, 1015} abi=x86
07-17 05:53:12.864 D/GpsLocationProvider( 1657): received SIM realted action: android.intent.action.SIM_STATE_CHANGED
07-17 05:53:12.869 D/GpsLocationProvider( 1657): SIM MCC/MNC is still not available
07-17 05:53:12.875 D/MccTable( 2301): updateMccMncConfiguration mccmnc='310260' fromServiceState=false
07-17 05:53:12.875 D/MccTable( 2301): updateMccMncConfiguration defaultMccMnc=
07-17 05:53:12.875 D/MccTable( 2301): updateMccMncConfiguration: mcc=310, mnc=260
07-17 05:53:12.875 D/MccTable( 2301): getLocaleFromMcc to en_us mcc=310
07-17 05:53:12.880 D/MccTable( 2301): getLocaleForLanguageCountry: got perfect match: en-US
07-17 05:53:12.882 D/MccTable( 2301): updateMccMncConfiguration updateConfig config={1.0 310mcc260mnc en_US ldltr ?swdp ?wdp ?hdp ?density ?lsize ?long ?orien ?uimode ?night ?touch ?keyb/?/? ?nav/?}
07-17 05:53:12.896 I/ActivityManager( 1657): Config changes=3 {1.0 310mcc260mnc en_US ldltr sw411dp w411dp h658dp 420dpi nrml port finger -keyb/v/h dpad/v s.6}
07-17 05:53:12.899 D/ActivityManager( 1657): Storing locale en-US for decryption UI
07-17 05:53:12.925 D/PermissionCache( 1176): checking android.permission.READ_FRAME_BUFFER for uid=1000 => granted (2451 us)
07-17 05:53:12.934 D/gralloc_ranchu( 1176): gralloc_alloc: Creating ashmem region of size 8294400
07-17 05:53:12.966 E/EGL_emulation( 1176): tid 1176: eglCreateSyncKHR(1865): error 0x3004 (EGL_BAD_ATTRIBUTE)
07-17 05:53:13.033 I/MediaProvider( 2338): Upgrading media database from version 0 to 700, which will destroy all old data
07-17 05:53:13.063 D/EGL_emulation( 2128): eglMakeCurrent: 0xa4e320a0: ver 2 0
07-17 05:53:13.097 D/CountryDetector( 1657): The first listener is added
07-17 05:53:13.120 D/EGL_emulation( 2128): eglMakeCurrent: 0xa4e320a0: ver 2 0
07-17 05:53:13.139 V/Mms     ( 2796): mnc/mcc: 
07-17 05:53:13.140 V/Mms     ( 2796): tag: bool value: enabledMMS - true
07-17 05:53:13.140 V/Mms     ( 2796): tag: int value: maxMessageSize - 307200
07-17 05:53:13.140 V/Mms     ( 2796): tag: int value: maxImageHeight - 480
07-17 05:53:13.140 V/Mms     ( 2796): tag: int value: maxImageWidth - 640
07-17 05:53:13.140 V/Mms     ( 2796): tag: int value: defaultSMSMessagesPerThread - 10000
07-17 05:53:13.140 V/Mms     ( 2796): tag: int value: defaultMMSMessagesPerThread - 1000
07-17 05:53:13.140 V/Mms     ( 2796): tag: int value: minMessageCountPerThread - 10
07-17 05:53:13.140 V/Mms     ( 2796): tag: int value: maxMessageCountPerThread - 5000
07-17 05:53:13.140 V/Mms     ( 2796): tag: string value: uaProfUrl - http://www.google.com/oha/rdf/ua-profile-kila.xml
07-17 05:53:13.140 V/Mms     ( 2796): tag: int value: recipientLimit - -1
07-17 05:53:13.140 V/Mms     ( 2796): tag: bool value: enableMultipartSMS - true
07-17 05:53:13.140 V/Mms     ( 2796): tag: int value: smsToMmsTextThreshold - -1
07-17 05:53:13.140 V/Mms     ( 2796): tag: bool value: enableSlideDuration - true
07-17 05:53:13.140 V/Mms     ( 2796): tag: int value: maxMessageTextSize - -1
07-17 05:53:13.160 E/SQLiteLog( 2338): (1) no such table: files
07-17 05:53:13.168 D/MccTable( 2301): updateMccMncConfiguration mccmnc='' fromServiceState=false
07-17 05:53:13.172 D/AlertReceiver( 2727): onReceive: a=android.intent.action.BOOT_COMPLETED Intent { act=android.intent.action.BOOT_COMPLETED flg=0x8000010 cmp=com.android.calendar/.alerts.AlertReceiver (has extras) }
07-17 05:53:13.177 W/BackupManagerService( 1657): dataChanged but no participant pkg='com.android.providers.settings' uid=1001
07-17 05:53:13.181 V/AlarmClock( 2630): AlarmInitReceiver android.intent.action.BOOT_COMPLETED
07-17 05:53:13.184 D/MmsSmsDatabaseHelper( 2301): [MmsSmsDb] tableName: threads hasAutoIncrement: CREATE TABLE threads (_id INTEGER PRIMARY KEY AUTOINCREMENT,date INTEGER DEFAULT 0,message_count INTEGER DEFAULT 0,recipient_ids TEXT,snippet TEXT,snippet_cs INTEGER DEFAULT 0,read INTEGER DEFAULT 1,archived INTEGER DEFAULT 0,type INTEGER DEFAULT 0,error INTEGER DEFAULT 0,has_attachment INTEGER DEFAULT 0) result: true
07-17 05:53:13.184 D/MmsSmsDatabaseHelper( 2301): [MmsSmsDb] tableName: canonical_addresses hasAutoIncrement: CREATE TABLE canonical_addresses (_id INTEGER PRIMARY KEY AUTOINCREMENT,address TEXT) result: true
07-17 05:53:13.185 D/MmsSmsDatabaseHelper( 2301): [MmsSmsDb] tableName: part hasAutoIncrement: CREATE TABLE part (_id INTEGER PRIMARY KEY AUTOINCREMENT,mid INTEGER,seq INTEGER DEFAULT 0,ct TEXT,name TEXT,chset INTEGER,cd TEXT,fn TEXT,cid TEXT,cl TEXT,ctt_s INTEGER,ctt_t TEXT,_data TEXT,text TEXT) result: true
07-17 05:53:13.187 D/AlertUtils( 2727): Flushing old alerts from shared prefs table
07-17 05:53:13.187 D/MmsSmsDatabaseHelper( 2301): [MmsSmsDb] tableName: pdu hasAutoIncrement: CREATE TABLE pdu (_id INTEGER PRIMARY KEY AUTOINCREMENT,thread_id INTEGER,date INTEGER,date_sent INTEGER DEFAULT 0,msg_box INTEGER,read INTEGER DEFAULT 0,m_id TEXT,sub TEXT,sub_cs INTEGER,ct_t TEXT,ct_l TEXT,exp INTEGER,m_cls TEXT,m_type INTEGER,v INTEGER,m_size INTEGER,pri INTEGER,rr INTEGER,rpt_a INTEGER,resp_st INTEGER,st INTEGER,tr_id TEXT,retr_st INTEGER,retr_txt TEXT,retr_txt_cs INTEGER,read_status INTEGER,ct_cls INTEGER,resp_txt TEXT,d_tm INTEGER,d_rpt INTEGER,locked INTEGER DEFAULT 0,sub_id INTEGER DEFAULT -1, seen INTEGER DEFAULT 0,creator TEXT,text_only INTEGER DEFAULT 0) result: true
07-17 05:53:13.188 D/MmsSmsDatabaseHelper( 2301): [getWritableDatabase] hasAutoIncrementThreads: true hasAutoIncrementAddresses: true hasAutoIncrementPart: true hasAutoIncrementPdu: true
07-17 05:53:13.191 D/AlertService( 2727): 0 Action = android.intent.action.BOOT_COMPLETED
07-17 05:53:13.194 D/Launcher.Model( 2534): Reload apps on config change. curr_mcc:310 prevmcc:0
07-17 05:53:13.197 D/AlertService( 2727): Scheduling next alarm with AlarmScheduler. sEventReminderReceived: null
07-17 05:53:13.203 W/BackupManagerService( 1657): dataChanged but no participant pkg='com.android.providers.settings' uid=1001
07-17 05:53:13.205 D/AlarmScheduler( 2727): No events found starting within 1 week.
07-17 05:53:13.206 D/Mms     ( 2796): cancelNotification
07-17 05:53:13.213 V/AlarmClock( 2630): AlarmInitReceiver - Reset timers and clear stopwatch data
07-17 05:53:13.215 V/AlarmClock( 2630): AlarmInitReceiver - resetting volume button default
07-17 05:53:13.219 W/BackupManagerService( 1657): dataChanged but no participant pkg='com.android.providers.settings' uid=1001
07-17 05:53:13.242 D/EGL_emulation( 2534): eglMakeCurrent: 0xa3e240a0: ver 2 0
07-17 05:53:13.266 I/AlarmClock( 2630): Alarms Table created
07-17 05:53:13.267 I/AlarmClock( 2630): Instance table created
07-17 05:53:13.267 I/AlarmClock( 2630): Cities table created
07-17 05:53:13.267 I/AlarmClock( 2630): Inserting default alarms
07-17 05:53:13.274 D/Mms     ( 2796): cancelNotification
07-17 05:53:13.285 V/AlarmClock( 2630): AlarmInitReceiver finished
07-17 05:53:13.291 D/GpsLocationProvider( 1657): received SIM realted action: android.intent.action.ACTION_SUBINFO_RECORD_UPDATED
07-17 05:53:13.297 D/GpsLocationProvider( 1657): SIM MCC/MNC is still not available
07-17 05:53:13.314 I/SystemBroadcastReceiver( 2180): Boot has been completed
07-17 05:53:13.329 I/LauncherIconVisibilityManager( 2180): Disable activity: ComponentInfo{com.android.inputmethod.latin/com.android.inputmethod.latin.setup.SetupActivity}
07-17 05:53:13.344 V/AlarmClock( 2630): AlarmInitReceiver android.intent.action.TIMEZONE_CHANGED
07-17 05:53:13.349 I/Email   ( 2558): Onetime initialization: 1
07-17 05:53:13.358 I/Email   ( 2558): Onetime initialization: 2
07-17 05:53:13.362 I/Email   ( 2558): Onetime initialization: completed.
07-17 05:53:13.367 E/MetadataRetrieverClient( 1185): failed to extract an album art
07-17 05:53:13.377 I/Exchange( 2519): EasService.onCreate
07-17 05:53:13.384 I/Exchange( 2519): RestartPingTask
07-17 05:53:13.384 V/AlarmClock( 2630): AlarmInitReceiver finished
07-17 05:53:13.389 I/WindowManager( 1657): Screen frozen for +486ms due to Window{31c2699c u0 com.android.launcher/com.android.launcher2.Launcher}
07-17 05:53:13.389 W/BackupManagerService( 1657): dataChanged but no participant pkg='com.android.providers.settings' uid=10005
07-17 05:53:13.406 V/AlarmClock( 2630): AlarmInitReceiver android.intent.action.TIME_SET
07-17 05:53:13.410 I/Exchange( 2519): RestartPingsTask did not start any pings.
07-17 05:53:13.411 I/Exchange( 2519): PSS stopIfIdle
07-17 05:53:13.411 I/Exchange( 2519): PSS has no active accounts; stopping service.
07-17 05:53:13.413 I/Exchange( 2519): onDestroy
07-17 05:53:13.427 V/AlarmClock( 2630): AlarmInitReceiver finished
07-17 05:53:13.443 V/Mms     ( 2796): onStart: #1 mResultCode: -1 = Activity.RESULT_OK
07-17 05:53:13.495 W/ResourceType( 2534): No package identifier when getting value for resource number 0x00000000
07-17 05:53:13.495 W/ResourceType( 2534): No package identifier when getting value for resource number 0x00000000
07-17 05:53:13.495 W/PackageManager( 2534): Failure retrieving resources for com.android.speechrecorder: Resource ID #0x0
07-17 05:53:13.495 W/ResourceType( 2534): No package identifier when getting value for resource number 0x00000000
07-17 05:53:13.495 W/PackageManager( 2534): Failure retrieving resources for com.android.speechrecorder: Resource ID #0x0
07-17 05:53:13.612 I/MmsService( 2301): mReceiver action: android.intent.action.ACTION_SUBINFO_RECORD_UPDATED
07-17 05:53:13.612 I/Telephony( 2301): : SUBINFO_RECORD_UPDATED : 1.
07-17 05:53:13.612 I/Telephony( 2301): PstnIncomingCallNotifier: Unregistering: Handler (com.android.internal.telephony.gsm.GSMPhone) {3fc5dfd1}
07-17 05:53:13.613 I/MmsService( 2301): MmsConfigManager.loadInBackground(): mcc/mnc: 310/260
07-17 05:53:13.616 I/MmsService( 2301): MmsConfigManager.load -- no mcc/mnc for sub: {mSubId=1, mIccId=89014103211118510720 mSlotId=0 mDisplayName=SUB 01 mNameSource=0 mColor=0 mNumber=+15555215554 mDisplayNumberFormat=1 mDataRoaming=0 mSimIconRes=[I@33b8ed15 mMcc 0 mMnc 0} using mcc/mnc from main context: 310/260
07-17 05:53:13.618 V/MmsService( 2301): MmsConfig: mUserAgent=, mUaProfUrl=
07-17 05:53:13.618 D/MmsService( 2301): MmsConfig.loadFromResources
07-17 05:53:13.619 V/MmsService( 2301): MmsConfig: all settings -- {smsToMmsTextThreshold=-1, httpParams=, maxImageWidth=2592, enabledMMS=true, maxImageHeight=1944, aliasEnabled=false, maxMessageSize=1048576, enableMMSReadReports=false, recipientLimit=2147483647, enabledNotifyWapMMSC=false, maxSubjectLength=40, smsToMmsTextLengthThreshold=-1, enableMMSDeliveryReports=false, uaProfTagName=x-wap-profile, enableMultipartSMS=true, aliasMinChars=2, supportMmsContentDisposition=true, allowAttachAudio=true, sendMultipartSmsAsSeparateMessages=false, maxMessageTextSize=-1, emailGatewayNumber=, enableGroupMms=true, aliasMaxChars=48, httpSocketTimeout=60000, config_cellBroadcastAppLinks=true, userAgent=, naiSuffix=, uaProfUrl=, enableSMSDeliveryReports=true, enabledTransID=false}
07-17 05:53:13.624 I/Telephony( 2301): PstnIncomingCallNotifier: Registering: Handler (com.android.internal.telephony.gsm.GSMPhone) {3fc5dfd1}
07-17 05:53:13.659 I/CalendarProvider2( 2748): Sending notification intent: Intent { act=android.intent.action.PROVIDER_CHANGED dat=content://com.android.calendar }
07-17 05:53:13.660 W/ContentResolver( 2748): Failed to get type for: content://com.android.calendar (Unknown URL content://com.android.calendar)
07-17 05:53:13.662 D/AlertReceiver( 2727): onReceive: a=android.intent.action.PROVIDER_CHANGED Intent { act=android.intent.action.PROVIDER_CHANGED dat=content://com.android.calendar flg=0x10 cmp=com.android.calendar/.alerts.AlertReceiver }
07-17 05:53:13.667 D/AlertService( 2727): 0 Action = android.intent.action.PROVIDER_CHANGED
07-17 05:53:13.680 D/GpsLocationProvider( 1657): received SIM realted action: android.intent.action.ACTION_SUBINFO_CONTENT_CHANGE
07-17 05:53:13.682 D/GpsLocationProvider( 1657): SIM MCC/MNC is available: 310260
07-17 05:53:13.682 D/GpsLocationProvider( 1657): Reset GPS properties, previous size = 5
07-17 05:53:13.682 D/GpsLocationProvider( 1657): GpsParamsResource: SUPL_HOST=supl.google.com
07-17 05:53:13.682 D/GpsLocationProvider( 1657): GpsParamsResource: SUPL_PORT=7275
07-17 05:53:13.682 D/GpsLocationProvider( 1657): GpsParamsResource: NTP_SERVER=north-america.pool.ntp.org
07-17 05:53:13.683 D/GpsLocationProvider( 1657): GpsParamsResource: SUPL_VER=0x20000
07-17 05:53:13.683 D/GpsLocationProvider( 1657): GpsParamsResource: SUPL_MODE=1
07-17 05:53:13.683 W/GpsLocationProvider( 1657): Could not open GPS configuration file /etc/gps.conf
07-17 05:53:13.683 D/GpsLocationProvider( 1657): GPS properties reloaded, size = 5
07-17 05:53:13.683 E/GpsLocationProvider( 1657): no AGPS interface in set_agps_server
07-17 05:53:13.683 E/GpsLocationProvider( 1657): no GPS configuration interface in configuraiton_update
07-17 05:53:13.683 D/GpsLocationProvider( 1657): final config = #Wed Jul 17 05:53:13 GMT+00:00 2019
07-17 05:53:13.683 D/GpsLocationProvider( 1657): SUPL_VER=0x20000
07-17 05:53:13.683 D/GpsLocationProvider( 1657): SUPL_HOST=supl.google.com
07-17 05:53:13.683 D/GpsLocationProvider( 1657): NTP_SERVER=north-america.pool.ntp.org
07-17 05:53:13.683 D/GpsLocationProvider( 1657): SUPL_PORT=7275
07-17 05:53:13.683 D/GpsLocationProvider( 1657): SUPL_MODE=1
07-17 05:53:13.736 I/MmsService( 2301): mReceiver action: android.intent.action.ACTION_SUBINFO_CONTENT_CHANGE
07-17 05:53:13.736 I/Telephony( 2301): PstnIncomingCallNotifier: Unregistering: Handler (com.android.internal.telephony.gsm.GSMPhone) {3fc5dfd1}
07-17 05:53:13.736 I/MmsService( 2301): MmsConfigManager.loadInBackground(): mcc/mnc: 310/260
07-17 05:53:13.743 I/MmsService( 2301): MmsConfigManager.load -- mcc/mnc for sub: {mSubId=1, mIccId=89014103211118510720 mSlotId=0 mDisplayName=SUB 01 mNameSource=0 mColor=0 mNumber=+15555215554 mDisplayNumberFormat=1 mDataRoaming=0 mSimIconRes=[I@a2033b8 mMcc 310 mMnc 260}
07-17 05:53:13.744 V/MmsService( 2301): MmsConfig: mUserAgent=, mUaProfUrl=
07-17 05:53:13.744 D/MmsService( 2301): MmsConfig.loadFromResources
07-17 05:53:13.744 V/MmsService( 2301): MmsConfig: all settings -- {smsToMmsTextThreshold=-1, httpParams=, maxImageWidth=2592, enabledMMS=true, maxImageHeight=1944, aliasEnabled=false, maxMessageSize=1048576, enableMMSReadReports=false, recipientLimit=2147483647, enabledNotifyWapMMSC=false, maxSubjectLength=40, smsToMmsTextLengthThreshold=-1, enableMMSDeliveryReports=false, uaProfTagName=x-wap-profile, enableMultipartSMS=true, aliasMinChars=2, supportMmsContentDisposition=true, allowAttachAudio=true, sendMultipartSmsAsSeparateMessages=false, maxMessageTextSize=-1, emailGatewayNumber=, enableGroupMms=true, aliasMaxChars=48, httpSocketTimeout=60000, config_cellBroadcastAppLinks=true, userAgent=, naiSuffix=, uaProfUrl=, enableSMSDeliveryReports=true, enabledTransID=false}
07-17 05:53:13.748 I/Telephony( 2301): PstnIncomingCallNotifier: Registering: Handler (com.android.internal.telephony.gsm.GSMPhone) {3fc5dfd1}
07-17 05:53:13.821 D/ConnectivityService( 1657): registerNetworkAgent NetworkAgentInfo{ ni{[type: MOBILE[LTE], state: CONNECTED/CONNECTED, reason: connected, extra: epc.tmobile.com, roaming: false, failover: false, isAvailable: true, isConnectedToProvisioningNetwork: false]}  network{null}  lp{{InterfaceName: eth0 LinkAddresses: [10.0.2.15/24,]  Routes: [0.0.0.0/0 -> 10.0.2.2 eth0,] DnsAddresses: [10.0.2.3,10.0.2.4,10.0.2.5,10.0.2.6,] Domains: null MTU: 1440 TcpBufferSizes: 524288,1048576,2097152,262144,524288,1048576}}  nc{[ Transports: CELLULAR Capabilities: MMS&SUPL&FOTA&IMS&CBS&IA&INTERNET&NOT_RESTRICTED&TRUSTED&NOT_VPN LinkUpBandwidth>=51200Kbps LinkDnBandwidth>=102400Kbps]}  Score{10} validated{false} created{false} explicitlySelected{false} }
07-17 05:53:13.821 D/ConnectivityService( 1657): NetworkAgentInfo [MOBILE (LTE) - 100] EVENT_NETWORK_INFO_CHANGED, going from null to CONNECTED
07-17 05:53:13.823 D/ConnectivityService( 1657): Adding iface eth0 to network 100
07-17 05:53:13.829 D/ConnectivityService( 1657): Setting MTU size: eth0, 1440
07-17 05:53:13.831 D/ConnectivityService( 1657): Adding Route [0.0.0.0/0 -> 10.0.2.2 eth0] to network 100
07-17 05:53:13.832 D/ConnectivityService( 1657): Setting Dns servers for network 100 to [/10.0.2.3, /10.0.2.4, /10.0.2.5, /10.0.2.6]
07-17 05:53:13.835 D/Nat464Xlat( 1657): requiresClat: netType=0, connected=true, hasIPv4Address=true
07-17 05:53:13.835 D/ConnectivityService( 1657): notifyType IP_CHANGED for NetworkAgentInfo [MOBILE (LTE) - 100]
07-17 05:53:13.835 D/ConnectivityService( 1657): notifyType PRECHECK for NetworkAgentInfo [MOBILE (LTE) - 100]
07-17 05:53:13.835 D/NetworkMonitorNetworkAgentInfo [MOBILE (LTE) - null]( 1657): DefaultState{ when=0 what=532481 target=com.android.internal.util.StateMachine$SmHandler }
07-17 05:53:13.836 D/NetworkMonitorNetworkAgentInfo [MOBILE (LTE) - null]( 1657): Connected
07-17 05:53:13.836 D/MccTable( 2301): updateMccMncConfiguration mccmnc='310260' fromServiceState=false
07-17 05:53:13.837 D/NetworkMonitorNetworkAgentInfo [MOBILE (LTE) - null]( 1657): EvaluatingState{ when=0 what=532486 arg1=1 target=com.android.internal.util.StateMachine$SmHandler }
07-17 05:53:13.837 D/ConnectivityService( 1657): rematching NetworkAgentInfo [MOBILE (LTE) - 100]
07-17 05:53:13.837 D/ConnectivityService( 1657):    accepting network in place of null
07-17 05:53:13.838 D/ConnectivityService( 1657): Setting tx/rx TCP buffers to 524288,1048576,2097152,262144,524288,1048576
07-17 05:53:13.838 D/NetworkMonitorNetworkAgentInfo [MOBILE (LTE) - null]( 1657): Checking http://clients3.google.com/generate_204 on epc.tmobile.com
07-17 05:53:13.838 D/MccTable( 2301): updateMccMncConfiguration defaultMccMnc=310260
07-17 05:53:13.838 D/MccTable( 2301): updateMccMncConfiguration: mcc=310, mnc=260
07-17 05:53:13.838 D/MccTable( 2301): getLocaleFromMcc to en_us mcc=310
07-17 05:53:13.838 D/MccTable( 2301): getLocaleForLanguageCountry: skipping already persisted
07-17 05:53:13.839 D/MccTable( 2301): updateMccMncConfiguration updateConfig config={1.0 310mcc260mnc ?locale ?layoutDir ?swdp ?wdp ?hdp ?density ?lsize ?long ?orien ?uimode ?night ?touch ?keyb/?/? ?nav/?}
07-17 05:53:13.843 D/CSLegacyTypeTracker( 1657): Sending connected broadcast for type 0 NetworkAgentInfo [MOBILE (LTE) - 100] isDefaultNetwork=true
07-17 05:53:13.844 D/ConnectivityService( 1657): sendStickyBroadcast: action=android.net.conn.CONNECTIVITY_CHANGE_IMMEDIATE
07-17 05:53:13.844 D/ConnectivityService( 1657): Switching to new default network: NetworkAgentInfo{ ni{[type: MOBILE[LTE], state: CONNECTED/CONNECTED, reason: connected, extra: epc.tmobile.com, roaming: false, failover: false, isAvailable: true, isConnectedToProvisioningNetwork: false]}  network{100}  lp{{InterfaceName: eth0 LinkAddresses: [10.0.2.15/24,]  Routes: [0.0.0.0/0 -> 10.0.2.2 eth0,] DnsAddresses: [10.0.2.3,10.0.2.4,10.0.2.5,10.0.2.6,] Domains: null MTU: 1440 TcpBufferSizes: 524288,1048576,2097152,262144,524288,1048576}}  nc{[ Transports: CELLULAR Capabilities: MMS&SUPL&FOTA&IMS&CBS&IA&INTERNET&NOT_RESTRICTED&TRUSTED&NOT_VPN LinkUpBandwidth>=51200Kbps LinkDnBandwidth>=102400Kbps]}  Score{10} validated{false} created{true} explicitlySelected{false} }
07-17 05:53:13.853 I//system/bin/netd( 1181): gethostby*.getanswer: asked for "clients3.google.com IN AAAA", got type "A"
07-17 05:53:13.857 D/GpsLocationProvider( 1657): received SIM realted action: android.intent.action.ACTION_SUBINFO_CONTENT_CHANGE
07-17 05:53:13.858 D/GpsLocationProvider( 1657): SIM MCC/MNC is available: 310260
07-17 05:53:13.858 D/GpsLocationProvider( 1657): Reset GPS properties, previous size = 5
07-17 05:53:13.858 D/GpsLocationProvider( 1657): GpsParamsResource: SUPL_HOST=supl.google.com
07-17 05:53:13.858 D/GpsLocationProvider( 1657): GpsParamsResource: SUPL_PORT=7275
07-17 05:53:13.858 D/GpsLocationProvider( 1657): GpsParamsResource: NTP_SERVER=north-america.pool.ntp.org
07-17 05:53:13.858 D/GpsLocationProvider( 1657): GpsParamsResource: SUPL_VER=0x20000
07-17 05:53:13.858 D/GpsLocationProvider( 1657): GpsParamsResource: SUPL_MODE=1
07-17 05:53:13.858 W/GpsLocationProvider( 1657): Could not open GPS configuration file /etc/gps.conf
07-17 05:53:13.858 D/GpsLocationProvider( 1657): GPS properties reloaded, size = 5
07-17 05:53:13.859 E/GpsLocationProvider( 1657): no AGPS interface in set_agps_server
07-17 05:53:13.859 E/GpsLocationProvider( 1657): no GPS configuration interface in configuraiton_update
07-17 05:53:13.859 D/GpsLocationProvider( 1657): final config = #Wed Jul 17 05:53:13 GMT+00:00 2019
07-17 05:53:13.859 D/GpsLocationProvider( 1657): SUPL_VER=0x20000
07-17 05:53:13.859 D/GpsLocationProvider( 1657): SUPL_HOST=supl.google.com
07-17 05:53:13.859 D/GpsLocationProvider( 1657): NTP_SERVER=north-america.pool.ntp.org
07-17 05:53:13.859 D/GpsLocationProvider( 1657): SUPL_PORT=7275
07-17 05:53:13.859 D/GpsLocationProvider( 1657): SUPL_MODE=1
07-17 05:53:13.859 D/GpsLocationProvider( 1657): received SIM realted action: android.intent.action.SIM_STATE_CHANGED
07-17 05:53:13.859 D/GpsLocationProvider( 1657): SIM MCC/MNC is available: 310260
07-17 05:53:13.859 D/GpsLocationProvider( 1657): Reset GPS properties, previous size = 5
07-17 05:53:13.859 D/GpsLocationProvider( 1657): GpsParamsResource: SUPL_HOST=supl.google.com
07-17 05:53:13.859 D/GpsLocationProvider( 1657): GpsParamsResource: SUPL_PORT=7275
07-17 05:53:13.860 V/IdletimerController( 1181): runCmd(/system/bin/ip6tables -t raw -A idletimer_raw_PREROUTING -i eth0 -j IDLETIMER --timeout 5 --label 0 --send_nl_msg 1) res_ipv4=1, res_ipv6=1
07-17 05:53:13.859 D/GpsLocationProvider( 1657): GpsParamsResource: NTP_SERVER=north-america.pool.ntp.org
07-17 05:53:13.860 D/GpsLocationProvider( 1657): GpsParamsResource: SUPL_VER=0x20000
07-17 05:53:13.860 D/GpsLocationProvider( 1657): GpsParamsResource: SUPL_MODE=1
07-17 05:53:13.860 W/GpsLocationProvider( 1657): Could not open GPS configuration file /etc/gps.conf
07-17 05:53:13.860 D/GpsLocationProvider( 1657): GPS properties reloaded, size = 5
07-17 05:53:13.860 E/GpsLocationProvider( 1657): no AGPS interface in set_agps_server
07-17 05:53:13.860 E/GpsLocationProvider( 1657): no GPS configuration interface in configuraiton_update
07-17 05:53:13.860 D/GpsLocationProvider( 1657): final config = #Wed Jul 17 05:53:13 GMT+00:00 2019
07-17 05:53:13.860 D/GpsLocationProvider( 1657): SUPL_VER=0x20000
07-17 05:53:13.860 D/GpsLocationProvider( 1657): SUPL_HOST=supl.google.com
07-17 05:53:13.860 D/GpsLocationProvider( 1657): NTP_SERVER=north-america.pool.ntp.org
07-17 05:53:13.860 D/GpsLocationProvider( 1657): SUPL_PORT=7275
07-17 05:53:13.860 D/GpsLocationProvider( 1657): SUPL_MODE=1
07-17 05:53:13.860 V/OtaStartupReceiver( 2301): onOtaspChanged: mOtaspMode=3
07-17 05:53:13.861 E/ConnectivityService( 1657): Exception in setupDataActivityTracking java.lang.IllegalStateException: command '14 idletimer add eth0 5 0' failed with '400 14 Failed to add interface'
07-17 05:53:13.862 D/ConnectivityService( 1657): notifyType AVAILABLE for NetworkAgentInfo [MOBILE (LTE) - 100]
07-17 05:53:13.863 D/ConnectivityManager.CallbackHandler( 2128): CM callback handler got msg 524290
07-17 05:53:13.867 D/ConnectivityService( 1657): setProvNotificationVisible: E visible=false networkType=0 action=com.android.internal.telephony.PROVISION0
07-17 05:53:13.867 D/ConnectivityService( 1657): setProvNotificationVisibleIntent: E visible=false networkType=0 extraInfo=null
07-17 05:53:13.878 I/MmsService( 2301): mReceiver action: android.intent.action.ACTION_SUBINFO_CONTENT_CHANGE
07-17 05:53:13.878 I/Telephony( 2301): PstnIncomingCallNotifier: Unregistering: Handler (com.android.internal.telephony.gsm.GSMPhone) {3fc5dfd1}
07-17 05:53:13.879 I/MmsService( 2301): MmsConfigManager.loadInBackground(): mcc/mnc: 310/260
07-17 05:53:13.882 I/MmsService( 2301): MmsConfigManager.load -- mcc/mnc for sub: {mSubId=1, mIccId=89014103211118510720 mSlotId=0 mDisplayName=SUB 01 mNameSource=0 mColor=0 mNumber=+15555215554 mDisplayNumberFormat=1 mDataRoaming=0 mSimIconRes=[I@1d320339 mMcc 310 mMnc 260}
07-17 05:53:13.882 V/MmsService( 2301): MmsConfig: mUserAgent=, mUaProfUrl=
07-17 05:53:13.882 D/MmsService( 2301): MmsConfig.loadFromResources
07-17 05:53:13.882 V/MmsService( 2301): MmsConfig: all settings -- {smsToMmsTextThreshold=-1, httpParams=, maxImageWidth=2592, enabledMMS=true, maxImageHeight=1944, aliasEnabled=false, maxMessageSize=1048576, enableMMSReadReports=false, recipientLimit=2147483647, enabledNotifyWapMMSC=false, maxSubjectLength=40, smsToMmsTextLengthThreshold=-1, enableMMSDeliveryReports=false, uaProfTagName=x-wap-profile, enableMultipartSMS=true, aliasMinChars=2, supportMmsContentDisposition=true, allowAttachAudio=true, sendMultipartSmsAsSeparateMessages=false, maxMessageTextSize=-1, emailGatewayNumber=, enableGroupMms=true, aliasMaxChars=48, httpSocketTimeout=60000, config_cellBroadcastAppLinks=true, userAgent=, naiSuffix=, uaProfUrl=, enableSMSDeliveryReports=true, enabledTransID=false}
07-17 05:53:13.892 I/Telephony( 2301): PstnIncomingCallNotifier: Registering: Handler (com.android.internal.telephony.gsm.GSMPhone) {3fc5dfd1}
07-17 05:53:13.941 W/OpenGLRenderer( 2534): Incorrectly called buildLayer on View: ShortcutAndWidgetContainer, destroying layer...
07-17 05:53:13.941 W/OpenGLRenderer( 2534): Incorrectly called buildLayer on View: ShortcutAndWidgetContainer, destroying layer...
07-17 05:53:13.941 W/OpenGLRenderer( 2534): Incorrectly called buildLayer on View: ShortcutAndWidgetContainer, destroying layer...
07-17 05:53:14.143 D/NetworkMonitorNetworkAgentInfo [MOBILE (LTE) - null]( 1657): isCaptivePortal: ret=204 headers={null=[HTTP/1.1 204 No Content], Content-Length=[0], Date=[Wed, 17 Jul 2019 05:53:15 GMT], Proxy-Connection=[keep-alive], X-Android-Received-Millis=[1563342794143], X-Android-Response-Source=[NETWORK 204], X-Android-Sent-Millis=[1563342793856]}
07-17 05:53:14.143 D/NetworkMonitorNetworkAgentInfo [MOBILE (LTE) - null]( 1657): Don't send network conditions - lacking user consent.
07-17 05:53:14.143 D/NetworkMonitorNetworkAgentInfo [MOBILE (LTE) - null]( 1657): Validated
07-17 05:53:14.144 D/ConnectivityService( 1657): Validated NetworkAgentInfo [MOBILE (LTE) - 100]
07-17 05:53:14.144 D/ConnectivityService( 1657): rematching NetworkAgentInfo [MOBILE (LTE) - 100]
07-17 05:53:14.144 D/ConnectivityService( 1657): Network NetworkAgentInfo [MOBILE (LTE) - 100] was already satisfying request 1. No change.
07-17 05:53:14.145 D/ConnectivityService( 1657): notifyType AVAILABLE for NetworkAgentInfo [MOBILE (LTE) - 100]
07-17 05:53:14.145 D/ConnectivityManager.CallbackHandler( 2128): CM callback handler got msg 524290
07-17 05:53:14.145 D/ConnectivityService( 1657): sendStickyBroadcast: action=android.net.conn.INET_CONDITION_ACTION
07-17 05:53:14.164 E/MetadataRetrieverClient( 1185): failed to extract an album art
07-17 05:53:14.189 W/BackupManagerService( 1657): dataChanged but no participant pkg='com.android.providers.settings' uid=10005
07-17 05:53:14.472 E/MetadataRetrieverClient( 1185): failed to extract an album art
07-17 05:53:14.490 E/MetadataRetrieverClient( 1185): failed to extract an album art
07-17 05:53:14.497 W/BackupManagerService( 1657): dataChanged but no participant pkg='com.android.providers.settings' uid=10005
07-17 05:53:14.785 W/AudioTrack( 1657): AUDIO_OUTPUT_FLAG_FAST denied by client
07-17 05:53:14.787 E/cutils-trace( 1185): Error opening trace file: Permission denied (13)
07-17 05:53:15.438 I/art     ( 1657): Explicit concurrent mark sweep GC freed 8698(667KB) AllocSpace objects, 10(668KB) LOS objects, 33% free, 6MB/10MB, paused 689us total 18.868ms
07-17 05:53:15.696 W/AudioTrack( 1657): AUDIO_OUTPUT_FLAG_FAST denied by client
07-17 05:53:15.793 W/MediaScanner( 2338): Error opening directory '/oem/media/', skipping: No such file or directory.
07-17 05:53:15.808 W/View    ( 2534): requestLayout() improperly called by com.android.launcher2.PagedViewIcon{138e9b59 VFED..CL ......ID 0,0-194,242 #0} during layout: running second layout pass
07-17 05:53:15.808 W/View    ( 2534): requestLayout() improperly called by com.android.launcher2.PagedViewIcon{6e3731e VFED..CL ......ID 211,0-405,242 #1} during layout: running second layout pass
07-17 05:53:15.808 W/View    ( 2534): requestLayout() improperly called by com.android.launcher2.PagedViewIcon{231f57ff VFED..CL ......ID 422,0-616,242 #2} during layout: running second layout pass
07-17 05:53:15.808 W/View    ( 2534): requestLayout() improperly called by com.android.launcher2.PagedViewIcon{f6259cc VFED..CL ......ID 633,0-827,242 #3} during layout: running second layout pass
07-17 05:53:15.808 W/View    ( 2534): requestLayout() improperly called by com.android.launcher2.PagedViewIcon{4049415 VFED..CL ......ID 844,0-1038,242 #4} during layout: running second layout pass
07-17 05:53:15.808 W/View    ( 2534): requestLayout() improperly called by com.android.launcher2.PagedViewIcon{384fa32a VFED..CL ......ID 0,250-194,492 #5} during layout: running second layout pass
07-17 05:53:15.808 W/View    ( 2534): requestLayout() improperly called by com.android.launcher2.PagedViewIcon{1a1b751b VFED..CL ......ID 211,250-405,492 #6} during layout: running second layout pass
07-17 05:53:15.808 W/View    ( 2534): requestLayout() improperly called by com.android.launcher2.PagedViewIcon{294146b8 VFED..CL ......ID 422,250-616,492 #7} during layout: running second layout pass
07-17 05:53:15.808 W/View    ( 2534): requestLayout() improperly called by com.android.launcher2.PagedViewIcon{1ea75c91 VFED..CL ......ID 633,250-827,492 #8} during layout: running second layout pass
07-17 05:53:15.808 W/View    ( 2534): requestLayout() improperly called by com.android.launcher2.PagedViewIcon{349cc7f6 VFED..CL ......ID 844,250-1038,492 #9} during layout: running second layout pass
07-17 05:53:15.808 W/View    ( 2534): requestLayout() improperly called by com.android.launcher2.PagedViewIcon{9f247f7 VFED..CL ......ID 0,500-194,742 #a} during layout: running second layout pass
07-17 05:53:15.808 W/View    ( 2534): requestLayout() improperly called by com.android.launcher2.PagedViewIcon{2e201664 VFED..CL ......ID 211,500-405,742 #b} during layout: running second layout pass
07-17 05:53:15.808 W/View    ( 2534): requestLayout() improperly called by com.android.launcher2.PagedViewIcon{1fd430cd VFED..CL ......ID 422,500-616,742 #c} during layout: running second layout pass
07-17 05:53:15.808 W/View    ( 2534): requestLayout() improperly called by com.android.launcher2.PagedViewIcon{3fc56d82 VFED..CL ......ID 633,500-827,742 #d} during layout: running second layout pass
07-17 05:53:15.808 W/View    ( 2534): requestLayout() improperly called by com.android.launcher2.PagedViewIcon{2f96c93 VFED..CL ......ID 844,500-1038,742 #e} during layout: running second layout pass
07-17 05:53:15.808 W/View    ( 2534): requestLayout() improperly called by com.android.launcher2.PagedViewIcon{ffa34d0 VFED..CL ......ID 0,750-194,992 #f} during layout: running second layout pass
07-17 05:53:15.808 W/View    ( 2534): requestLayout() improperly called by com.android.launcher2.PagedViewIcon{32800cc9 VFED..CL ......ID 211,750-405,992 #10} during layout: running second layout pass
07-17 05:53:15.808 W/View    ( 2534): requestLayout() improperly called by com.android.launcher2.PagedViewIcon{30e0dfce VFED..CL ......ID 422,750-616,992 #11} during layout: running second layout pass
07-17 05:53:15.808 W/View    ( 2534): requestLayout() improperly called by com.android.launcher2.PagedViewIcon{3b443eef VFED..CL ......ID 633,750-827,992 #12} during layout: running second layout pass
07-17 05:53:15.808 W/View    ( 2534): requestLayout() improperly called by com.android.launcher2.PagedViewIcon{2315cdfc VFED..CL ......ID 844,750-1038,992 #13} during layout: running second layout pass
07-17 05:53:15.808 W/View    ( 2534): requestLayout() improperly called by com.android.launcher2.PagedViewIcon{21f3ac85 VFED..CL ......ID 0,1000-194,1242 #14} during layout: running second layout pass
07-17 05:53:15.845 E/MetadataRetrieverClient( 1185): failed to extract an album art
07-17 05:53:15.867 E/MetadataRetrieverClient( 1185): failed to extract an album art
07-17 05:53:15.881 W/MediaScanner( 2338): Error opening directory '/storage/sdcard/.android_secure/', skipping: Permission denied.
07-17 05:53:15.884 V/MediaScanner( 2338): pruneDeadThumbnailFiles... android.database.sqlite.SQLiteCursor@30d1c981
07-17 05:53:15.884 V/MediaScanner( 2338): /pruneDeadThumbnailFiles... android.database.sqlite.SQLiteCursor@30d1c981
07-17 05:53:16.585 I/art     ( 2534): Background sticky concurrent mark sweep GC freed 517(86KB) AllocSpace objects, 5(311KB) LOS objects, 0% free, 26MB/26MB, paused 11.551ms total 23.786ms
07-17 05:53:16.848 D/ConnectivityService( 1657): sendStickyBroadcast: action=android.net.conn.CONNECTIVITY_CHANGE
07-17 05:53:16.851 D/Tethering( 1657): MasterInitialState.processMessage what=3
07-17 05:53:17.044 I/art     ( 2534): Background sticky concurrent mark sweep GC freed 232(11KB) AllocSpace objects, 1(569KB) LOS objects, 0% free, 29MB/29MB, paused 5.273ms total 46.691ms
07-17 05:53:17.521 E/StrictMode( 2727): A resource was acquired at attached stack trace but never released. See java.io.Closeable for information on avoiding resource leaks.
07-17 05:53:17.521 E/StrictMode( 2727): java.lang.Throwable: Explicit termination method 'close' not called
07-17 05:53:17.521 E/StrictMode( 2727): 	at dalvik.system.CloseGuard.open(CloseGuard.java:184)
07-17 05:53:17.521 E/StrictMode( 2727): 	at android.content.ContentResolver$CursorWrapperInner.<init>(ContentResolver.java:2447)
07-17 05:53:17.521 E/StrictMode( 2727): 	at android.content.ContentResolver.query(ContentResolver.java:502)
07-17 05:53:17.521 E/StrictMode( 2727): 	at android.content.CursorLoader.loadInBackground(CursorLoader.java:64)
07-17 05:53:17.521 E/StrictMode( 2727): 	at android.content.CursorLoader.loadInBackground(CursorLoader.java:42)
07-17 05:53:17.521 E/StrictMode( 2727): 	at android.content.AsyncTaskLoader.onLoadInBackground(AsyncTaskLoader.java:312)
07-17 05:53:17.521 E/StrictMode( 2727): 	at android.content.AsyncTaskLoader$LoadTask.doInBackground(AsyncTaskLoader.java:69)
07-17 05:53:17.521 E/StrictMode( 2727): 	at android.content.AsyncTaskLoader$LoadTask.doInBackground(AsyncTaskLoader.java:57)
07-17 05:53:17.521 E/StrictMode( 2727): 	at android.os.AsyncTask$2.call(AsyncTask.java:288)
07-17 05:53:17.521 E/StrictMode( 2727): 	at java.util.concurrent.FutureTask.run(FutureTask.java:237)
07-17 05:53:17.521 E/StrictMode( 2727): 	at java.util.concurrent.ThreadPoolExecutor.runWorker(ThreadPoolExecutor.java:1112)
07-17 05:53:17.521 E/StrictMode( 2727): 	at java.util.concurrent.ThreadPoolExecutor$Worker.run(ThreadPoolExecutor.java:587)
07-17 05:53:17.521 E/StrictMode( 2727): 	at java.lang.Thread.run(Thread.java:818)
07-17 05:53:17.522 W/CursorWrapperInner( 2727): Cursor finalized without prior close()
07-17 05:53:17.669 E/SQLiteLog( 2748): (284) automatic index on view_events(_id)
07-17 05:53:18.048 I/Choreographer( 2534): Skipped 103 frames!  The application may be doing too much work on its main thread.
07-17 05:53:18.061 E/StrictMode( 2796): A resource was acquired at attached stack trace but never released. See java.io.Closeable for information on avoiding resource leaks.
07-17 05:53:18.061 E/StrictMode( 2796): java.lang.Throwable: Explicit termination method 'release' not called
07-17 05:53:18.061 E/StrictMode( 2796): 	at dalvik.system.CloseGuard.open(CloseGuard.java:184)
07-17 05:53:18.061 E/StrictMode( 2796): 	at android.drm.DrmManagerClient.<init>(DrmManagerClient.java:258)
07-17 05:53:18.061 E/StrictMode( 2796): 	at com.google.android.mms.pdu.PduPersister.<init>(PduPersister.java:288)
07-17 05:53:18.061 E/StrictMode( 2796): 	at com.google.android.mms.pdu.PduPersister.getPduPersister(PduPersister.java:299)
07-17 05:53:18.061 E/StrictMode( 2796): 	at com.android.mms.transaction.TransactionService.onNewIntent(TransactionService.java:224)
07-17 05:53:18.061 E/StrictMode( 2796): 	at com.android.mms.transaction.TransactionService$ServiceHandler.handleMessage(TransactionService.java:626)
07-17 05:53:18.061 E/StrictMode( 2796): 	at android.os.Handler.dispatchMessage(Handler.java:102)
07-17 05:53:18.061 E/StrictMode( 2796): 	at android.os.Looper.loop(Looper.java:135)
07-17 05:53:18.061 E/StrictMode( 2796): 	at android.os.HandlerThread.run(HandlerThread.java:61)
07-17 05:53:18.097 I/art     ( 2534): Background sticky concurrent mark sweep GC freed 520(92KB) AllocSpace objects, 7(337KB) LOS objects, 0% free, 42MB/42MB, paused 6.078ms total 47.203ms
07-17 05:53:18.669 I/GlobalDismissManager( 2727): no sender configured
07-17 05:53:18.670 D/AlertService( 2727): Beginning updateAlertNotification
07-17 05:53:18.674 D/AlertService( 2727): No fired or scheduled alerts
07-17 05:53:18.683 D/AlertService( 2727): Scheduling next alarm with AlarmScheduler. sEventReminderReceived: null
07-17 05:53:18.687 D/AlarmScheduler( 2727): No events found starting within 1 week.
07-17 05:53:19.850 D/BackupManagerService( 1657): Received broadcast Intent { act=android.intent.action.PACKAGE_CHANGED dat=package:com.android.calendar flg=0x4000010 (has extras) }
07-17 05:53:19.853 I/InputReader( 1657): Reconfiguring input devices.  changes=0x00000010
07-17 05:53:19.870 I/InputReader( 1657): Reconfiguring input devices.  changes=0x00000010
07-17 05:53:19.875 I/InputReader( 1657): Reconfiguring input devices.  changes=0x00000010
07-17 05:53:19.897 I/InputReader( 1657): Reconfiguring input devices.  changes=0x00000010
07-17 05:53:19.900 D/BackupManagerService( 1657): Received broadcast Intent { act=android.intent.action.PACKAGE_CHANGED dat=package:com.android.email flg=0x4000010 (has extras) }
07-17 05:53:19.904 D/BackupManagerService( 1657): Received broadcast Intent { act=android.intent.action.PACKAGE_CHANGED dat=package:com.android.settings flg=0x4000010 (has extras) }
07-17 05:53:19.906 D/BackupManagerService( 1657): Received broadcast Intent { act=android.intent.action.PACKAGE_CHANGED dat=package:com.android.inputmethod.latin flg=0x4000010 (has extras) }
07-17 05:53:26.208 I/ActivityManager( 1657): Waited long enough for: ServiceRecord{25e3ec6d u0 com.android.music/.MediaPlaybackService}
07-17 05:53:28.198 I/ActivityManager( 1657): Waited long enough for: ServiceRecord{2ed9850f u0 com.android.calendar/.alerts.InitAlarmsService}
07-17 05:53:32.808 D/AlarmManagerService( 1657): Kernel timezone updated to 0 minutes west of GMT
07-17 05:53:32.810 D/AlarmManagerService( 1657): Setting time of day to sec=1563342812
07-17 05:53:32.011 V/AlarmClock( 2630): AlarmInitReceiver android.intent.action.TIME_SET
07-17 05:53:32.028 V/AlarmClock( 2630): AlarmInitReceiver finished
07-17 05:53:38.833 D/AndroidRuntime( 2932): 
07-17 05:53:38.833 D/AndroidRuntime( 2932): >>>>>> AndroidRuntime START com.android.internal.os.RuntimeInit <<<<<<
07-17 05:53:38.834 D/AndroidRuntime( 2932): CheckJNI is ON
07-17 05:53:38.876 E/memtrack( 2932): Couldn't load memtrack module (No such file or directory)
07-17 05:53:38.876 E/android.os.Debug( 2932): failed to load memtrack module: -2
07-17 05:53:38.889 D/AndroidRuntime( 2932): Calling main entry com.android.commands.pm.Pm
07-17 05:53:38.898 D/AndroidRuntime( 2932): Shutting down VM
07-17 05:53:38.904 I/art     ( 2932): Debugger is no longer active
07-17 05:53:39.249 D/AndroidRuntime( 2948): 
07-17 05:53:39.249 D/AndroidRuntime( 2948): >>>>>> AndroidRuntime START com.android.internal.os.RuntimeInit <<<<<<
07-17 05:53:39.250 D/AndroidRuntime( 2948): CheckJNI is ON
07-17 05:53:39.291 E/memtrack( 2948): Couldn't load memtrack module (No such file or directory)
07-17 05:53:39.291 E/android.os.Debug( 2948): failed to load memtrack module: -2
07-17 05:53:39.304 D/AndroidRuntime( 2948): Calling main entry com.android.commands.pm.Pm
07-17 05:53:39.311 D/AndroidRuntime( 2948): Shutting down VM
07-17 05:53:39.315 I/art     ( 2948): Debugger is no longer active
07-17 05:53:42.389 D/InitAlarmsService( 2727): Clearing and rescheduling alarms.
07-17 05:53:53.123 D/AndroidRuntime( 2963): 
07-17 05:53:53.123 D/AndroidRuntime( 2963): >>>>>> AndroidRuntime START com.android.internal.os.RuntimeInit <<<<<<
07-17 05:53:53.124 D/AndroidRuntime( 2963): CheckJNI is ON
07-17 05:53:53.165 E/memtrack( 2963): Couldn't load memtrack module (No such file or directory)
07-17 05:53:53.165 E/android.os.Debug( 2963): failed to load memtrack module: -2
07-17 05:53:53.179 D/AndroidRuntime( 2963): Calling main entry com.android.commands.pm.Pm
07-17 05:53:53.186 D/AndroidRuntime( 2963): Shutting down VM
07-17 05:53:53.192 I/art     ( 2963): Debugger is no longer active
07-17 05:53:53.598 D/AndroidRuntime( 2979): 
07-17 05:53:53.598 D/AndroidRuntime( 2979): >>>>>> AndroidRuntime START com.android.internal.os.RuntimeInit <<<<<<
07-17 05:53:53.599 D/AndroidRuntime( 2979): CheckJNI is ON
07-17 05:53:53.648 E/memtrack( 2979): Couldn't load memtrack module (No such file or directory)
07-17 05:53:53.648 E/android.os.Debug( 2979): failed to load memtrack module: -2
07-17 05:53:53.665 D/AndroidRuntime( 2979): Calling main entry com.android.commands.pm.Pm
07-17 05:53:53.674 D/AndroidRuntime( 2979): Shutting down VM
07-17 05:53:53.680 I/art     ( 2979): Debugger is no longer active
07-17 05:54:06.360 D/AndroidRuntime( 2997): 
07-17 05:54:06.360 D/AndroidRuntime( 2997): >>>>>> AndroidRuntime START com.android.internal.os.RuntimeInit <<<<<<
07-17 05:54:06.362 D/AndroidRuntime( 2997): CheckJNI is ON
07-17 05:54:06.574 E/memtrack( 2997): Couldn't load memtrack module (No such file or directory)
07-17 05:54:06.574 E/android.os.Debug( 2997): failed to load memtrack module: -2
07-17 05:54:06.615 D/AndroidRuntime( 2997): Calling main entry com.android.commands.pm.Pm
07-17 05:54:06.667 D/AndroidRuntime( 2997): Shutting down VM
07-17 05:54:06.716 I/art     ( 2997): Debugger is no longer active
07-17 05:54:07.210 D/AndroidRuntime( 3011): 
07-17 05:54:07.210 D/AndroidRuntime( 3011): >>>>>> AndroidRuntime START com.android.internal.os.RuntimeInit <<<<<<
07-17 05:54:07.211 D/AndroidRuntime( 3011): CheckJNI is ON
07-17 05:54:07.683 E/memtrack( 3011): Couldn't load memtrack module (No such file or directory)
07-17 05:54:07.683 E/android.os.Debug( 3011): failed to load memtrack module: -2
07-17 05:54:07.702 D/AndroidRuntime( 3011): Calling main entry com.android.commands.pm.Pm
07-17 05:54:07.717 I/installd( 1186): free_cache(57699) avail 607211520
07-17 05:54:07.728 D/AndroidRuntime( 3011): Shutting down VM
07-17 05:54:07.748 I/art     ( 3011): Debugger is no longer active
07-17 05:54:08.055 D/AndroidRuntime( 3026): 
07-17 05:54:08.055 D/AndroidRuntime( 3026): >>>>>> AndroidRuntime START com.android.internal.os.RuntimeInit <<<<<<
07-17 05:54:08.056 D/AndroidRuntime( 3026): CheckJNI is ON
07-17 05:54:08.113 E/memtrack( 3026): Couldn't load memtrack module (No such file or directory)
07-17 05:54:08.113 E/android.os.Debug( 3026): failed to load memtrack module: -2
07-17 05:54:08.134 D/AndroidRuntime( 3026): Calling main entry com.android.commands.pm.Pm
07-17 05:54:08.147 I/installd( 1186): free_cache(706331) avail 607154176
07-17 05:54:08.175 D/AndroidRuntime( 3026): Shutting down VM
07-17 05:54:08.189 I/art     ( 3026): Debugger is no longer active
07-17 05:54:08.471 D/AndroidRuntime( 3041): 
07-17 05:54:08.471 D/AndroidRuntime( 3041): >>>>>> AndroidRuntime START com.android.internal.os.RuntimeInit <<<<<<
07-17 05:54:08.472 D/AndroidRuntime( 3041): CheckJNI is ON
07-17 05:54:08.518 E/memtrack( 3041): Couldn't load memtrack module (No such file or directory)
07-17 05:54:08.518 E/android.os.Debug( 3041): failed to load memtrack module: -2
07-17 05:54:08.533 D/AndroidRuntime( 3041): Calling main entry com.android.commands.pm.Pm
07-17 05:54:08.538 I/installd( 1186): free_cache(33600) avail 606445568
07-17 05:54:08.544 D/AndroidRuntime( 3041): Shutting down VM
07-17 05:54:08.551 I/art     ( 3041): Debugger is no longer active
07-17 05:54:08.851 D/AndroidRuntime( 3056): 
07-17 05:54:08.851 D/AndroidRuntime( 3056): >>>>>> AndroidRuntime START com.android.internal.os.RuntimeInit <<<<<<
07-17 05:54:08.852 D/AndroidRuntime( 3056): CheckJNI is ON
07-17 05:54:08.902 E/memtrack( 3056): Couldn't load memtrack module (No such file or directory)
07-17 05:54:08.902 E/android.os.Debug( 3056): failed to load memtrack module: -2
07-17 05:54:08.916 D/AndroidRuntime( 3056): Calling main entry com.android.commands.pm.Pm
07-17 05:54:08.923 I/installd( 1186): free_cache(10980) avail 606408704
07-17 05:54:08.928 D/AndroidRuntime( 3056): Shutting down VM
07-17 05:54:08.934 I/art     ( 3056): Debugger is no longer active
07-17 05:54:09.223 D/AndroidRuntime( 3071): 
07-17 05:54:09.223 D/AndroidRuntime( 3071): >>>>>> AndroidRuntime START com.android.internal.os.RuntimeInit <<<<<<
07-17 05:54:09.224 D/AndroidRuntime( 3071): CheckJNI is ON
07-17 05:54:09.262 E/memtrack( 3071): Couldn't load memtrack module (No such file or directory)
07-17 05:54:09.262 E/android.os.Debug( 3071): failed to load memtrack module: -2
07-17 05:54:09.281 D/AndroidRuntime( 3071): Calling main entry com.android.commands.pm.Pm
07-17 05:54:09.287 I/installd( 1186): free_cache(11527) avail 606396416
07-17 05:54:09.292 D/AndroidRuntime( 3071): Shutting down VM
07-17 05:54:09.298 I/art     ( 3071): Debugger is no longer active
07-17 05:54:09.594 D/AndroidRuntime( 3086): 
07-17 05:54:09.594 D/AndroidRuntime( 3086): >>>>>> AndroidRuntime START com.android.internal.os.RuntimeInit <<<<<<
07-17 05:54:09.595 D/AndroidRuntime( 3086): CheckJNI is ON
07-17 05:54:09.653 E/memtrack( 3086): Couldn't load memtrack module (No such file or directory)
07-17 05:54:09.653 E/android.os.Debug( 3086): failed to load memtrack module: -2
07-17 05:54:09.670 D/AndroidRuntime( 3086): Calling main entry com.android.commands.pm.Pm
07-17 05:54:09.679 I/installd( 1186): free_cache(10954) avail 606384128
07-17 05:54:09.685 D/AndroidRuntime( 3086): Shutting down VM
07-17 05:54:09.695 I/art     ( 3086): Debugger is no longer active
07-17 05:54:09.972 D/AndroidRuntime( 3101): 
07-17 05:54:09.972 D/AndroidRuntime( 3101): >>>>>> AndroidRuntime START com.android.internal.os.RuntimeInit <<<<<<
07-17 05:54:09.973 D/AndroidRuntime( 3101): CheckJNI is ON
07-17 05:54:10.021 E/memtrack( 3101): Couldn't load memtrack module (No such file or directory)
07-17 05:54:10.022 E/android.os.Debug( 3101): failed to load memtrack module: -2
07-17 05:54:10.036 D/AndroidRuntime( 3101): Calling main entry com.android.commands.pm.Pm
07-17 05:54:10.046 I/installd( 1186): free_cache(22104) avail 606371840
07-17 05:54:10.051 D/AndroidRuntime( 3101): Shutting down VM
07-17 05:54:10.055 I/art     ( 3101): Debugger is no longer active
07-17 05:54:10.343 D/AndroidRuntime( 3116): 
07-17 05:54:10.343 D/AndroidRuntime( 3116): >>>>>> AndroidRuntime START com.android.internal.os.RuntimeInit <<<<<<
07-17 05:54:10.344 D/AndroidRuntime( 3116): CheckJNI is ON
07-17 05:54:10.387 E/memtrack( 3116): Couldn't load memtrack module (No such file or directory)
07-17 05:54:10.387 E/android.os.Debug( 3116): failed to load memtrack module: -2
07-17 05:54:10.399 D/AndroidRuntime( 3116): Calling main entry com.android.commands.pm.Pm
07-17 05:54:10.405 I/installd( 1186): free_cache(12376) avail 606347264
07-17 05:54:10.410 D/AndroidRuntime( 3116): Shutting down VM
07-17 05:54:10.414 I/art     ( 3116): Debugger is no longer active
07-17 05:54:10.554 I/MediaFocusControl( 1657):  AudioFocus  abandonAudioFocus() from android.media.AudioManager@21bf3a11com.android.music.MediaPlaybackService$3@1c431776
07-17 05:54:10.701 D/AndroidRuntime( 3131): 
07-17 05:54:10.701 D/AndroidRuntime( 3131): >>>>>> AndroidRuntime START com.android.internal.os.RuntimeInit <<<<<<
07-17 05:54:10.702 D/AndroidRuntime( 3131): CheckJNI is ON
07-17 05:54:10.748 E/memtrack( 3131): Couldn't load memtrack module (No such file or directory)
07-17 05:54:10.748 E/android.os.Debug( 3131): failed to load memtrack module: -2
07-17 05:54:10.763 D/AndroidRuntime( 3131): Calling main entry com.android.commands.pm.Pm
07-17 05:54:10.769 I/installd( 1186): free_cache(1589645) avail 606330880
