07-17 05:53:01.864 W/Binder  ( 1657): java.lang.NullPointerException: Attempt to invoke interface method 'int android.app.IActivityManager.checkPermission(java.lang.String, int, int)' on a null object reference
07-17 05:53:01.864 W/Binder  ( 1657): 	at android.app.ContextImpl.checkPermission(ContextImpl.java:1859)
07-17 05:53:01.864 W/Binder  ( 1657): 	at android.app.ContextImpl.checkCallingOrSelfPermission(ContextImpl.java:1885)
07-17 05:53:01.864 W/Binder  ( 1657): 	at android.app.ContextImpl.enforceCallingOrSelfPermission(ContextImpl.java:1922)
07-17 05:53:01.864 W/Binder  ( 1657): 	at com.android.server.power.PowerManagerService$BinderService.updateWakeLockWorkSource(PowerManagerService.java:2809)
07-17 05:53:01.864 W/Binder  ( 1657): 	at com.android.server.power.PowerManagerService$BinderService.updateWakeLockUids(PowerManagerService.java:2800)
07-17 05:53:01.864 W/Binder  ( 1657): 	at android.os.IPowerManager$Stub.onTransact(IPowerManager.java:105)
07-17 05:53:01.864 W/Binder  ( 1657): 	at android.os.Binder.execTransact(Binder.java:446)
07-17 05:53:01.866 E/audio_hw_generic( 1185): Error opening input stream format 1, channel_mask 0010, sample_rate 16000
07-17 05:53:01.867 I/AudioFlinger( 1185): AudioFlinger's thread 0xb5a03000 ready to run
07-17 05:53:01.868 E/AudioFlinger( 1185): int android::load_audio_interface(const char*, audio_hw_device_t**) couldn't load audio hw module audio.r_submix (No such file or directory)
07-17 05:53:01.868 I/AudioFlinger( 1185): loadHwModule() error -2 loading module r_submix 
07-17 05:53:01.868 W/AudioPolicyManager( 1185): could not open HW module r_submix
07-17 05:53:01.868 W/AudioPolicyManager( 1185): Input device 80000100 unreachable
07-17 05:53:01.868 E/SoundTriggerHwService( 1185): couldn't load sound trigger module sound_trigger.primary (No such file or directory)
07-17 05:53:01.879 I/art     ( 1657): DexFile_isDexOptNeeded file /system/priv-app/Contacts/x86/Contacts.odex needs to be relocated for /system/priv-app/Contacts/Contacts.apk
07-17 05:53:01.882 I/PackageManager( 1657): /system/priv-app/ContactsProvider changed; collecting certs
07-17 05:53:01.888 I/art     ( 1657): DexFile_isDexOptNeeded failed to open oat file '/data/dalvik-cache/x86/system@priv-app@ContactsProvider@ContactsProvider.apk@classes.dex' for file location '/system/priv-app/ContactsProvider/ContactsProvider.apk': Failed to open oat filename for reading: No such file or directory
07-17 05:53:01.893 I/art     ( 1657): DexFile_isDexOptNeeded file /system/priv-app/ContactsProvider/x86/ContactsProvider.odex needs to be relocated for /system/priv-app/ContactsProvider/ContactsProvider.apk
07-17 05:53:01.897 I/PackageManager( 1657): /system/priv-app/DefaultContainerService changed; collecting certs
07-17 05:53:01.901 I/art     ( 1657): DexFile_isDexOptNeeded failed to open oat file '/data/dalvik-cache/x86/system@priv-app@DefaultContainerService@DefaultContainerService.apk@classes.dex' for file location '/system/priv-app/DefaultContainerService/DefaultContainerService.apk': Failed to open oat filename for reading: No such file or directory
07-17 05:53:01.902 I/art     ( 1657): DexFile_isDexOptNeeded file /system/priv-app/DefaultContainerService/x86/DefaultContainerService.odex needs to be relocated for /system/priv-app/DefaultContainerService/DefaultContainerService.apk
07-17 05:53:01.935 W/PackageParser( 1657): No actions in intent filter at /system/priv-app/Dialer/Dialer.apk Binary XML file line #166
07-17 05:53:01.936 I/PackageManager( 1657): /system/priv-app/Dialer changed; collecting certs
07-17 05:53:02.021 D/AndroidRuntime( 1775): 
07-17 05:53:02.021 D/AndroidRuntime( 1775): >>>>>> AndroidRuntime START com.android.internal.os.RuntimeInit <<<<<<
07-17 05:53:02.023 D/AndroidRuntime( 1775): CheckJNI is ON
07-17 05:53:02.037 I/art     ( 1657): Background sticky concurrent mark sweep GC freed 11258(513KB) AllocSpace objects, 9(718KB) LOS objects, 8% free, 4MB/5MB, paused 11.891ms total 28.548ms
07-17 05:53:02.083 I/art     ( 1657): DexFile_isDexOptNeeded failed to open oat file '/data/dalvik-cache/x86/system@priv-app@Dialer@Dialer.apk@classes.dex' for file location '/system/priv-app/Dialer/Dialer.apk': Failed to open oat filename for reading: No such file or directory
07-17 05:53:02.088 E/memtrack( 1775): Couldn't load memtrack module (No such file or directory)
07-17 05:53:02.088 E/android.os.Debug( 1775): failed to load memtrack module: -2
07-17 05:53:02.100 I/art     ( 1657): DexFile_isDexOptNeeded file /system/priv-app/Dialer/x86/Dialer.odex needs to be relocated for /system/priv-app/Dialer/Dialer.apk
07-17 05:53:02.103 D/AndroidRuntime( 1775): Calling main entry com.android.commands.pm.Pm
07-17 05:53:02.103 I/PackageManager( 1657): /system/priv-app/DownloadProvider changed; collecting certs
07-17 05:53:02.106 D/AndroidRuntime( 1775): Shutting down VM
07-17 05:53:02.107 I/PackageManager( 1657): New shared user android.media: id=10005
07-17 05:53:02.107 I/art     ( 1657): DexFile_isDexOptNeeded failed to open oat file '/data/dalvik-cache/x86/system@priv-app@DownloadProvider@DownloadProvider.apk@classes.dex' for file location '/system/priv-app/DownloadProvider/DownloadProvider.apk': Failed to open oat filename for reading: No such file or directory
07-17 05:53:02.114 I/art     ( 1657): DexFile_isDexOptNeeded file /system/priv-app/DownloadProvider/x86/DownloadProvider.odex needs to be relocated for /system/priv-app/DownloadProvider/DownloadProvider.apk
07-17 05:53:02.114 I/art     ( 1775): Debugger is no longer active
07-17 05:53:02.116 I/PackageManager( 1657): /system/priv-app/ExternalStorageProvider changed; collecting certs
07-17 05:53:02.121 I/art     ( 1657): DexFile_isDexOptNeeded failed to open oat file '/data/dalvik-cache/x86/system@priv-app@ExternalStorageProvider@ExternalStorageProvider.apk@classes.dex' for file location '/system/priv-app/ExternalStorageProvider/ExternalStorageProvider.apk': Failed to open oat filename for reading: No such file or directory
07-17 05:53:02.121 I/art     ( 1657): DexFile_isDexOptNeeded file /system/priv-app/ExternalStorageProvider/x86/ExternalStorageProvider.odex needs to be relocated for /system/priv-app/ExternalStorageProvider/ExternalStorageProvider.apk
07-17 05:53:02.123 I/PackageManager( 1657): /system/priv-app/FusedLocation changed; collecting certs
07-17 05:53:02.126 I/art     ( 1657): DexFile_isDexOptNeeded failed to open oat file '/data/dalvik-cache/x86/system@priv-app@FusedLocation@FusedLocation.apk@classes.dex' for file location '/system/priv-app/FusedLocation/FusedLocation.apk': Failed to open oat filename for reading: No such file or directory
07-17 05:53:02.127 I/art     ( 1657): DexFile_isDexOptNeeded file /system/priv-app/FusedLocation/x86/FusedLocation.odex needs to be relocated for /system/priv-app/FusedLocation/FusedLocation.apk
07-17 05:53:02.135 I/PackageManager( 1657): /system/priv-app/InputDevices changed; collecting certs
07-17 05:53:02.141 I/art     ( 1657): DexFile_isDexOptNeeded failed to open oat file '/data/dalvik-cache/x86/system@priv-app@InputDevices@InputDevices.apk@classes.dex' for file location '/system/priv-app/InputDevices/InputDevices.apk': Failed to open oat filename for reading: No such file or directory
07-17 05:53:02.143 I/art     ( 1657): DexFile_isDexOptNeeded file /system/priv-app/InputDevices/x86/InputDevices.odex needs to be relocated for /system/priv-app/InputDevices/InputDevices.apk
07-17 05:53:02.161 I/PackageManager( 1657): /system/priv-app/Launcher2 changed; collecting certs
07-17 05:53:02.181 I/art     ( 1657): DexFile_isDexOptNeeded failed to open oat file '/data/dalvik-cache/x86/system@priv-app@Launcher2@Launcher2.apk@classes.dex' for file location '/system/priv-app/Launcher2/Launcher2.apk': Failed to open oat filename for reading: No such file or directory
07-17 05:53:02.187 I/art     ( 1657): DexFile_isDexOptNeeded file /system/priv-app/Launcher2/x86/Launcher2.odex needs to be relocated for /system/priv-app/Launcher2/Launcher2.apk
07-17 05:53:02.193 I/PackageManager( 1657): /system/priv-app/ManagedProvisioning changed; collecting certs
07-17 05:53:02.202 I/art     ( 1657): DexFile_isDexOptNeeded failed to open oat file '/data/dalvik-cache/x86/system@priv-app@ManagedProvisioning@ManagedProvisioning.apk@classes.dex' for file location '/system/priv-app/ManagedProvisioning/ManagedProvisioning.apk': Failed to open oat filename for reading: No such file or directory
07-17 05:53:02.215 I/art     ( 1657): DexFile_isDexOptNeeded file /system/priv-app/ManagedProvisioning/x86/ManagedProvisioning.odex needs to be relocated for /system/priv-app/ManagedProvisioning/ManagedProvisioning.apk
07-17 05:53:02.218 I/PackageManager( 1657): /system/priv-app/MediaProvider changed; collecting certs
07-17 05:53:02.222 I/art     ( 1657): DexFile_isDexOptNeeded failed to open oat file '/data/dalvik-cache/x86/system@priv-app@MediaProvider@MediaProvider.apk@classes.dex' for file location '/system/priv-app/MediaProvider/MediaProvider.apk': Failed to open oat filename for reading: No such file or directory
07-17 05:53:02.227 I/art     ( 1657): DexFile_isDexOptNeeded file /system/priv-app/MediaProvider/x86/MediaProvider.odex needs to be relocated for /system/priv-app/MediaProvider/MediaProvider.apk
07-17 05:53:02.250 I/PackageManager( 1657): /system/priv-app/Mms changed; collecting certs
07-17 05:53:02.278 I/art     ( 1657): DexFile_isDexOptNeeded failed to open oat file '/data/dalvik-cache/x86/system@priv-app@Mms@Mms.apk@classes.dex' for file location '/system/priv-app/Mms/Mms.apk': Failed to open oat filename for reading: No such file or directory
07-17 05:53:02.284 I/art     ( 1657): DexFile_isDexOptNeeded file /system/priv-app/Mms/x86/Mms.odex needs to be relocated for /system/priv-app/Mms/Mms.apk
07-17 05:53:02.290 I/PackageManager( 1657): /system/priv-app/MmsService changed; collecting certs
07-17 05:53:02.302 I/art     ( 1657): DexFile_isDexOptNeeded failed to open oat file '/data/dalvik-cache/x86/system@priv-app@MmsService@MmsService.apk@classes.dex' for file location '/system/priv-app/MmsService/MmsService.apk': Failed to open oat filename for reading: No such file or directory
07-17 05:53:02.311 I/art     ( 1657): DexFile_isDexOptNeeded file /system/priv-app/MmsService/x86/MmsService.odex needs to be relocated for /system/priv-app/MmsService/MmsService.apk
07-17 05:53:02.314 I/PackageManager( 1657): /system/priv-app/ProxyHandler changed; collecting certs
07-17 05:53:02.317 I/art     ( 1657): DexFile_isDexOptNeeded failed to open oat file '/data/dalvik-cache/x86/system@priv-app@ProxyHandler@ProxyHandler.apk@classes.dex' for file location '/system/priv-app/ProxyHandler/ProxyHandler.apk': Failed to open oat filename for reading: No such file or directory
07-17 05:53:02.321 I/art     ( 1657): DexFile_isDexOptNeeded file /system/priv-app/ProxyHandler/x86/ProxyHandler.odex needs to be relocated for /system/priv-app/ProxyHandler/ProxyHandler.apk
07-17 05:53:02.377 I/PackageManager( 1657): /system/priv-app/Settings changed; collecting certs
07-17 05:53:02.389 D/AndroidRuntime( 1791): 
07-17 05:53:02.389 D/AndroidRuntime( 1791): >>>>>> AndroidRuntime START com.android.internal.os.RuntimeInit <<<<<<
07-17 05:53:02.390 D/AndroidRuntime( 1791): CheckJNI is ON
07-17 05:53:02.447 E/memtrack( 1791): Couldn't load memtrack module (No such file or directory)
07-17 05:53:02.447 E/android.os.Debug( 1791): failed to load memtrack module: -2
07-17 05:53:02.450 I/art     ( 1657): DexFile_isDexOptNeeded failed to open oat file '/data/dalvik-cache/x86/system@priv-app@Settings@Settings.apk@classes.dex' for file location '/system/priv-app/Settings/Settings.apk': Failed to open oat filename for reading: No such file or directory
07-17 05:53:02.462 I/art     ( 1657): DexFile_isDexOptNeeded file /system/priv-app/Settings/x86/Settings.odex needs to be relocated for /system/priv-app/Settings/Settings.apk
07-17 05:53:02.465 D/AndroidRuntime( 1791): Calling main entry com.android.commands.pm.Pm
07-17 05:53:02.469 D/AndroidRuntime( 1791): Shutting down VM
07-17 05:53:02.472 I/PackageManager( 1657): /system/priv-app/SettingsProvider changed; collecting certs
07-17 05:53:02.476 I/art     ( 1791): Debugger is no longer active
07-17 05:53:02.479 I/art     ( 1657): DexFile_isDexOptNeeded failed to open oat file '/data/dalvik-cache/x86/system@priv-app@SettingsProvider@SettingsProvider.apk@classes.dex' for file location '/system/priv-app/SettingsProvider/SettingsProvider.apk': Failed to open oat filename for reading: No such file or directory
07-17 05:53:02.485 I/art     ( 1657): DexFile_isDexOptNeeded file /system/priv-app/SettingsProvider/x86/SettingsProvider.odex needs to be relocated for /system/priv-app/SettingsProvider/SettingsProvider.apk
07-17 05:53:02.487 I/PackageManager( 1657): /system/priv-app/SharedStorageBackup changed; collecting certs
07-17 05:53:02.493 I/art     ( 1657): DexFile_isDexOptNeeded failed to open oat file '/data/dalvik-cache/x86/system@priv-app@SharedStorageBackup@SharedStorageBackup.apk@classes.dex' for file location '/system/priv-app/SharedStorageBackup/SharedStorageBackup.apk': Failed to open oat filename for reading: No such file or directory
07-17 05:53:02.494 I/art     ( 1657): DexFile_isDexOptNeeded file /system/priv-app/SharedStorageBackup/x86/SharedStorageBackup.odex needs to be relocated for /system/priv-app/SharedStorageBackup/SharedStorageBackup.apk
07-17 05:53:02.504 I/PackageManager( 1657): /system/priv-app/Shell changed; collecting certs
07-17 05:53:02.508 I/art     ( 1657): DexFile_isDexOptNeeded failed to open oat file '/data/dalvik-cache/x86/system@priv-app@Shell@Shell.apk@classes.dex' for file location '/system/priv-app/Shell/Shell.apk': Failed to open oat filename for reading: No such file or directory
07-17 05:53:02.512 I/art     ( 1657): DexFile_isDexOptNeeded file /system/priv-app/Shell/x86/Shell.odex needs to be relocated for /system/priv-app/Shell/Shell.apk
07-17 05:53:02.537 I/PackageManager( 1657): /system/priv-app/SystemUI changed; collecting certs
07-17 05:53:02.583 I/PackageManager( 1657): New shared user android.uid.systemui: id=10012
07-17 05:53:02.584 I/art     ( 1657): DexFile_isDexOptNeeded failed to open oat file '/data/dalvik-cache/x86/system@priv-app@SystemUI@SystemUI.apk@classes.dex' for file location '/system/priv-app/SystemUI/SystemUI.apk': Failed to open oat filename for reading: No such file or directory
07-17 05:53:02.589 I/art     ( 1657): DexFile_isDexOptNeeded file /system/priv-app/SystemUI/x86/SystemUI.odex needs to be relocated for /system/priv-app/SystemUI/SystemUI.apk
07-17 05:53:02.619 W/ResourceType( 1657): Failure getting entry for 0x7f08025b (t=7 e=603) (error -75)
07-17 05:53:02.621 I/PackageManager( 1657): /system/priv-app/TeleService changed; collecting certs
07-17 05:53:02.640 I/art     ( 1657): DexFile_isDexOptNeeded failed to open oat file '/data/dalvik-cache/x86/system@priv-app@TeleService@TeleService.apk@classes.dex' for file location '/system/priv-app/TeleService/TeleService.apk': Failed to open oat filename for reading: No such file or directory
07-17 05:53:02.645 I/art     ( 1657): DexFile_isDexOptNeeded file /system/priv-app/TeleService/x86/TeleService.odex needs to be relocated for /system/priv-app/TeleService/TeleService.apk
07-17 05:53:02.651 I/PackageManager( 1657): /system/priv-app/Telecom changed; collecting certs
07-17 05:53:02.660 I/art     ( 1657): DexFile_isDexOptNeeded failed to open oat file '/data/dalvik-cache/x86/system@priv-app@Telecom@Telecom.apk@classes.dex' for file location '/system/priv-app/Telecom/Telecom.apk': Failed to open oat filename for reading: No such file or directory
07-17 05:53:02.671 I/art     ( 1657): DexFile_isDexOptNeeded file /system/priv-app/Telecom/x86/Telecom.odex needs to be relocated for /system/priv-app/Telecom/Telecom.apk
07-17 05:53:02.686 I/PackageManager( 1657): /system/priv-app/TelephonyProvider changed; collecting certs
07-17 05:53:02.705 I/art     ( 1657): DexFile_isDexOptNeeded failed to open oat file '/data/dalvik-cache/x86/system@priv-app@TelephonyProvider@TelephonyProvider.apk@classes.dex' for file location '/system/priv-app/TelephonyProvider/TelephonyProvider.apk': Failed to open oat filename for reading: No such file or directory
07-17 05:53:02.715 I/art     ( 1657): DexFile_isDexOptNeeded file /system/priv-app/TelephonyProvider/x86/TelephonyProvider.odex needs to be relocated for /system/priv-app/TelephonyProvider/TelephonyProvider.apk
07-17 05:53:02.718 I/PackageManager( 1657): /system/priv-app/VpnDialogs changed; collecting certs
07-17 05:53:02.724 I/art     ( 1657): DexFile_isDexOptNeeded failed to open oat file '/data/dalvik-cache/x86/system@priv-app@VpnDialogs@VpnDialogs.apk@classes.dex' for file location '/system/priv-app/VpnDialogs/VpnDialogs.apk': Failed to open oat filename for reading: No such file or directory
07-17 05:53:02.725 I/art     ( 1657): DexFile_isDexOptNeeded file /system/priv-app/VpnDialogs/x86/VpnDialogs.odex needs to be relocated for /system/priv-app/VpnDialogs/VpnDialogs.apk
07-17 05:53:02.732 I/PackageManager( 1657): /system/app/BasicDreams changed; collecting certs
07-17 05:53:02.737 I/art     ( 1657): DexFile_isDexOptNeeded failed to open oat file '/data/dalvik-cache/x86/system@app@BasicDreams@BasicDreams.apk@classes.dex' for file location '/system/app/BasicDreams/BasicDreams.apk': Failed to open oat filename for reading: No such file or directory
07-17 05:53:02.738 I/art     ( 1657): DexFile_isDexOptNeeded file /system/app/BasicDreams/x86/BasicDreams.odex needs to be relocated for /system/app/BasicDreams/BasicDreams.apk
07-17 05:53:02.774 I/PackageManager( 1657): /system/app/Browser changed; collecting certs
07-17 05:53:02.775 D/AndroidRuntime( 1807): 
07-17 05:53:02.775 D/AndroidRuntime( 1807): >>>>>> AndroidRuntime START com.android.internal.os.RuntimeInit <<<<<<
07-17 05:53:02.776 D/AndroidRuntime( 1807): CheckJNI is ON
07-17 05:53:02.821 I/art     ( 1657): DexFile_isDexOptNeeded failed to open oat file '/data/dalvik-cache/x86/system@app@Browser@Browser.apk@classes.dex' for file location '/system/app/Browser/Browser.apk': Failed to open oat filename for reading: No such file or directory
07-17 05:53:02.828 I/art     ( 1657): DexFile_isDexOptNeeded file /system/app/Browser/x86/Browser.odex needs to be relocated for /system/app/Browser/Browser.apk
07-17 05:53:02.833 I/PackageManager( 1657): /system/app/Calculator changed; collecting certs
07-17 05:53:02.840 I/art     ( 1657): DexFile_isDexOptNeeded failed to open oat file '/data/dalvik-cache/x86/system@app@Calculator@Calculator.apk@classes.dex' for file location '/system/app/Calculator/Calculator.apk': Failed to open oat filename for reading: No such file or directory
07-17 05:53:02.841 E/memtrack( 1807): Couldn't load memtrack module (No such file or directory)
07-17 05:53:02.842 E/android.os.Debug( 1807): failed to load memtrack module: -2
07-17 05:53:02.843 I/art     ( 1657): DexFile_isDexOptNeeded file /system/app/Calculator/x86/Calculator.odex needs to be relocated for /system/app/Calculator/Calculator.apk
07-17 05:53:02.860 D/AndroidRuntime( 1807): Calling main entry com.android.commands.pm.Pm
07-17 05:53:02.866 D/AndroidRuntime( 1807): Shutting down VM
07-17 05:53:02.871 I/art     ( 1807): Debugger is no longer active
07-17 05:53:02.873 I/PackageManager( 1657): /system/app/Calendar changed; collecting certs
07-17 05:53:02.910 I/art     ( 1657): DexFile_isDexOptNeeded failed to open oat file '/data/dalvik-cache/x86/system@app@Calendar@Calendar.apk@classes.dex' for file location '/system/app/Calendar/Calendar.apk': Failed to open oat filename for reading: No such file or directory
07-17 05:53:02.926 I/art     ( 1657): DexFile_isDexOptNeeded file /system/app/Calendar/x86/Calendar.odex needs to be relocated for /system/app/Calendar/Calendar.apk
07-17 05:53:02.930 I/PackageManager( 1657): /system/app/CaptivePortalLogin changed; collecting certs
07-17 05:53:02.935 I/art     ( 1657): DexFile_isDexOptNeeded failed to open oat file '/data/dalvik-cache/x86/system@app@CaptivePortalLogin@CaptivePortalLogin.apk@classes.dex' for file location '/system/app/CaptivePortalLogin/CaptivePortalLogin.apk': Failed to open oat filename for reading: No such file or directory
07-17 05:53:02.938 I/art     ( 1657): DexFile_isDexOptNeeded file /system/app/CaptivePortalLogin/x86/CaptivePortalLogin.odex needs to be relocated for /system/app/CaptivePortalLogin/CaptivePortalLogin.apk
07-17 05:53:02.942 I/PackageManager( 1657): /system/app/CertInstaller changed; collecting certs
07-17 05:53:02.947 I/art     ( 1657): DexFile_isDexOptNeeded failed to open oat file '/data/dalvik-cache/x86/system@app@CertInstaller@CertInstaller.apk@classes.dex' for file location '/system/app/CertInstaller/CertInstaller.apk': Failed to open oat filename for reading: No such file or directory
07-17 05:53:02.949 I/art     ( 1657): DexFile_isDexOptNeeded file /system/app/CertInstaller/x86/CertInstaller.odex needs to be relocated for /system/app/CertInstaller/CertInstaller.apk
07-17 05:53:02.951 I/PackageManager( 1657): /system/app/CustomLocale changed; collecting certs
07-17 05:53:02.956 I/art     ( 1657): DexFile_isDexOptNeeded failed to open oat file '/data/dalvik-cache/x86/system@app@CustomLocale@CustomLocale.apk@classes.dex' for file location '/system/app/CustomLocale/CustomLocale.apk': Failed to open oat filename for reading: No such file or directory
07-17 05:53:02.964 I/art     ( 1657): DexFile_isDexOptNeeded file /system/app/CustomLocale/x86/CustomLocale.odex needs to be relocated for /system/app/CustomLocale/CustomLocale.apk
07-17 05:53:02.967 I/art     ( 1657): Background sticky concurrent mark sweep GC freed 11544(690KB) AllocSpace objects, 5(80KB) LOS objects, 30% free, 2MB/3MB, paused 6.742ms total 13.305ms
07-17 05:53:02.990 I/PackageManager( 1657): /system/app/DeskClock changed; collecting certs
07-17 05:53:03.025 I/art     ( 1657): DexFile_isDexOptNeeded failed to open oat file '/data/dalvik-cache/x86/system@app@DeskClock@DeskClock.apk@classes.dex' for file location '/system/app/DeskClock/DeskClock.apk': Failed to open oat filename for reading: No such file or directory
07-17 05:53:03.032 I/art     ( 1657): DexFile_isDexOptNeeded file /system/app/DeskClock/x86/DeskClock.odex needs to be relocated for /system/app/DeskClock/DeskClock.apk
07-17 05:53:03.035 I/PackageManager( 1657): /system/app/Development changed; collecting certs
07-17 05:53:03.041 I/art     ( 1657): DexFile_isDexOptNeeded failed to open oat file '/data/dalvik-cache/x86/system@app@Development@Development.apk@classes.dex' for file location '/system/app/Development/Development.apk': Failed to open oat filename for reading: No such file or directory
07-17 05:53:03.044 I/art     ( 1657): DexFile_isDexOptNeeded file /system/app/Development/x86/Development.odex needs to be relocated for /system/app/Development/Development.apk
07-17 05:53:03.047 I/PackageManager( 1657): /system/app/DevelopmentSettings changed; collecting certs
07-17 05:53:03.058 I/PackageManager( 1657): /system/app/DocumentsUI changed; collecting certs
07-17 05:53:03.078 I/art     ( 1657): DexFile_isDexOptNeeded failed to open oat file '/data/dalvik-cache/x86/system@app@DocumentsUI@DocumentsUI.apk@classes.dex' for file location '/system/app/DocumentsUI/DocumentsUI.apk': Failed to open oat filename for reading: No such file or directory
07-17 05:53:03.084 I/art     ( 1657): DexFile_isDexOptNeeded file /system/app/DocumentsUI/x86/DocumentsUI.odex needs to be relocated for /system/app/DocumentsUI/DocumentsUI.apk
07-17 05:53:03.092 I/PackageManager( 1657): /system/app/DownloadProviderUi changed; collecting certs
07-17 05:53:03.099 I/art     ( 1657): DexFile_isDexOptNeeded failed to open oat file '/data/dalvik-cache/x86/system@app@DownloadProviderUi@DownloadProviderUi.apk@classes.dex' for file location '/system/app/DownloadProviderUi/DownloadProviderUi.apk': Failed to open oat filename for reading: No such file or directory
07-17 05:53:03.103 I/art     ( 1657): DexFile_isDexOptNeeded file /system/app/DownloadProviderUi/x86/DownloadProviderUi.odex needs to be relocated for /system/app/DownloadProviderUi/DownloadProviderUi.apk
07-17 05:53:03.133 I/PackageManager( 1657): /system/app/Email changed; collecting certs
07-17 05:53:03.153 D/AndroidRuntime( 1825): 
07-17 05:53:03.153 D/AndroidRuntime( 1825): >>>>>> AndroidRuntime START com.android.internal.os.RuntimeInit <<<<<<
07-17 05:53:03.154 D/AndroidRuntime( 1825): CheckJNI is ON
07-17 05:53:03.189 I/art     ( 1657): DexFile_isDexOptNeeded failed to open oat file '/data/dalvik-cache/x86/system@app@Email@Email.apk@classes.dex' for file location '/system/app/Email/Email.apk': Failed to open oat filename for reading: No such file or directory
07-17 05:53:03.197 I/art     ( 1657): DexFile_isDexOptNeeded file /system/app/Email/x86/Email.odex needs to be relocated for /system/app/Email/Email.apk
07-17 05:53:03.203 I/PackageManager( 1657): /system/app/EmulatorSmokeTests changed; collecting certs
07-17 05:53:03.206 E/memtrack( 1825): Couldn't load memtrack module (No such file or directory)
07-17 05:53:03.206 E/android.os.Debug( 1825): failed to load memtrack module: -2
07-17 05:53:03.207 I/art     ( 1657): DexFile_isDexOptNeeded failed to open oat file '/data/dalvik-cache/x86/system@app@EmulatorSmokeTests@EmulatorSmokeTests.apk@classes.dex' for file location '/system/app/EmulatorSmokeTests/EmulatorSmokeTests.apk': Failed to open oat filename for reading: No such file or directory
07-17 05:53:03.210 I/art     ( 1657): DexFile_isDexOptNeeded file /system/app/EmulatorSmokeTests/x86/EmulatorSmokeTests.odex needs to be relocated for /system/app/EmulatorSmokeTests/EmulatorSmokeTests.apk
07-17 05:53:03.213 I/PackageManager( 1657): /system/app/Exchange2 changed; collecting certs
07-17 05:53:03.218 I/art     ( 1657): DexFile_isDexOptNeeded failed to open oat file '/data/dalvik-cache/x86/system@app@Exchange2@Exchange2.apk@classes.dex' for file location '/system/app/Exchange2/Exchange2.apk': Failed to open oat filename for reading: No such file or directory
07-17 05:53:03.221 I/art     ( 1657): DexFile_isDexOptNeeded file /system/app/Exchange2/x86/Exchange2.odex needs to be relocated for /system/app/Exchange2/Exchange2.apk
07-17 05:53:03.223 I/PackageManager( 1657): /system/app/Fallback changed; collecting certs
07-17 05:53:03.223 D/AndroidRuntime( 1825): Calling main entry com.android.commands.pm.Pm
07-17 05:53:03.227 D/AndroidRuntime( 1825): Shutting down VM
07-17 05:53:03.227 I/art     ( 1657): DexFile_isDexOptNeeded failed to open oat file '/data/dalvik-cache/x86/system@app@Fallback@Fallback.apk@classes.dex' for file location '/system/app/Fallback/Fallback.apk': Failed to open oat filename for reading: No such file or directory
07-17 05:53:03.228 I/art     ( 1657): DexFile_isDexOptNeeded file /system/app/Fallback/x86/Fallback.odex needs to be relocated for /system/app/Fallback/Fallback.apk
07-17 05:53:03.237 I/art     ( 1825): Debugger is no longer active
07-17 05:53:03.241 I/PackageManager( 1657): /system/app/Gallery changed; collecting certs
07-17 05:53:03.256 I/art     ( 1657): DexFile_isDexOptNeeded failed to open oat file '/data/dalvik-cache/x86/system@app@Gallery@Gallery.apk@classes.dex' for file location '/system/app/Gallery/Gallery.apk': Failed to open oat filename for reading: No such file or directory
07-17 05:53:03.259 I/art     ( 1657): DexFile_isDexOptNeeded file /system/app/Gallery/x86/Gallery.odex needs to be relocated for /system/app/Gallery/Gallery.apk
07-17 05:53:03.263 I/PackageManager( 1657): /system/app/HTMLViewer changed; collecting certs
07-17 05:53:03.267 I/art     ( 1657): DexFile_isDexOptNeeded failed to open oat file '/data/dalvik-cache/x86/system@app@HTMLViewer@HTMLViewer.apk@classes.dex' for file location '/system/app/HTMLViewer/HTMLViewer.apk': Failed to open oat filename for reading: No such file or directory
07-17 05:53:03.268 I/art     ( 1657): DexFile_isDexOptNeeded file /system/app/HTMLViewer/x86/HTMLViewer.odex needs to be relocated for /system/app/HTMLViewer/HTMLViewer.apk
07-17 05:53:03.269 I/PackageManager( 1657): /system/app/KeyChain changed; collecting certs
07-17 05:53:03.274 I/art     ( 1657): DexFile_isDexOptNeeded failed to open oat file '/data/dalvik-cache/x86/system@app@KeyChain@KeyChain.apk@classes.dex' for file location '/system/app/KeyChain/KeyChain.apk': Failed to open oat filename for reading: No such file or directory
07-17 05:53:03.275 I/art     ( 1657): DexFile_isDexOptNeeded file /system/app/KeyChain/x86/KeyChain.odex needs to be relocated for /system/app/KeyChain/KeyChain.apk
07-17 05:53:03.310 I/PackageManager( 1657): /system/app/LatinIME changed; collecting certs
07-17 05:53:03.407 I/art     ( 1657): DexFile_isDexOptNeeded failed to open oat file '/data/dalvik-cache/x86/system@app@LatinIME@LatinIME.apk@classes.dex' for file location '/system/app/LatinIME/LatinIME.apk': Failed to open oat filename for reading: No such file or directory
07-17 05:53:03.415 I/art     ( 1657): DexFile_isDexOptNeeded file /system/app/LatinIME/x86/LatinIME.odex needs to be relocated for /system/app/LatinIME/LatinIME.apk
07-17 05:53:03.435 I/PackageManager( 1657): /system/app/LegacyCamera changed; collecting certs
07-17 05:53:03.482 I/art     ( 1657): Background sticky concurrent mark sweep GC freed 9766(483KB) AllocSpace objects, 15(796KB) LOS objects, 9% free, 5MB/5MB, paused 8.382ms total 25.683ms
07-17 05:53:03.508 I/art     ( 1657): DexFile_isDexOptNeeded failed to open oat file '/data/dalvik-cache/x86/system@app@LegacyCamera@LegacyCamera.apk@classes.dex' for file location '/system/app/LegacyCamera/LegacyCamera.apk': Failed to open oat filename for reading: No such file or directory
07-17 05:53:03.512 I/art     ( 1657): DexFile_isDexOptNeeded file /system/app/LegacyCamera/x86/LegacyCamera.odex needs to be relocated for /system/app/LegacyCamera/LegacyCamera.apk
07-17 05:53:03.517 I/PackageManager( 1657): /system/app/LiveWallpapersPicker changed; collecting certs
07-17 05:53:03.523 I/art     ( 1657): DexFile_isDexOptNeeded failed to open oat file '/data/dalvik-cache/x86/system@app@LiveWallpapersPicker@LiveWallpapersPicker.apk@classes.dex' for file location '/system/app/LiveWallpapersPicker/LiveWallpapersPicker.apk': Failed to open oat filename for reading: No such file or directory
07-17 05:53:03.524 I/art     ( 1657): DexFile_isDexOptNeeded file /system/app/LiveWallpapersPicker/x86/LiveWallpapersPicker.odex needs to be relocated for /system/app/LiveWallpapersPicker/LiveWallpapersPicker.apk
07-17 05:53:03.534 I/PackageManager( 1657): /system/app/Music changed; collecting certs
07-17 05:53:03.543 D/AndroidRuntime( 1841): 
07-17 05:53:03.543 D/AndroidRuntime( 1841): >>>>>> AndroidRuntime START com.android.internal.os.RuntimeInit <<<<<<
07-17 05:53:03.544 D/AndroidRuntime( 1841): CheckJNI is ON
07-17 05:53:03.550 I/art     ( 1657): DexFile_isDexOptNeeded failed to open oat file '/data/dalvik-cache/x86/system@app@Music@Music.apk@classes.dex' for file location '/system/app/Music/Music.apk': Failed to open oat filename for reading: No such file or directory
07-17 05:53:03.557 I/art     ( 1657): DexFile_isDexOptNeeded file /system/app/Music/x86/Music.odex needs to be relocated for /system/app/Music/Music.apk
07-17 05:53:03.559 I/PackageManager( 1657): /system/app/NetSpeed changed; collecting certs
07-17 05:53:03.564 I/art     ( 1657): DexFile_isDexOptNeeded failed to open oat file '/data/dalvik-cache/x86/system@app@NetSpeed@NetSpeed.apk@classes.dex' for file location '/system/app/NetSpeed/NetSpeed.apk': Failed to open oat filename for reading: No such file or directory
07-17 05:53:03.565 I/art     ( 1657): DexFile_isDexOptNeeded file /system/app/NetSpeed/x86/NetSpeed.odex needs to be relocated for /system/app/NetSpeed/NetSpeed.apk
07-17 05:53:03.578 I/PackageManager( 1657): /system/app/OpenWnn changed; collecting certs
07-17 05:53:03.611 E/memtrack( 1841): Couldn't load memtrack module (No such file or directory)
07-17 05:53:03.611 E/android.os.Debug( 1841): failed to load memtrack module: -2
07-17 05:53:03.621 I/art     ( 1657): DexFile_isDexOptNeeded failed to open oat file '/data/dalvik-cache/x86/system@app@OpenWnn@OpenWnn.apk@classes.dex' for file location '/system/app/OpenWnn/OpenWnn.apk': Failed to open oat filename for reading: No such file or directory
07-17 05:53:03.626 I/art     ( 1657): DexFile_isDexOptNeeded file /system/app/OpenWnn/x86/OpenWnn.odex needs to be relocated for /system/app/OpenWnn/OpenWnn.apk
07-17 05:53:03.628 I/PackageManager( 1657): /system/app/PacProcessor changed; collecting certs
07-17 05:53:03.629 D/AndroidRuntime( 1841): Calling main entry com.android.commands.pm.Pm
07-17 05:53:03.634 D/AndroidRuntime( 1841): Shutting down VM
07-17 05:53:03.634 I/art     ( 1657): DexFile_isDexOptNeeded failed to open oat file '/data/dalvik-cache/x86/system@app@PacProcessor@PacProcessor.apk@classes.dex' for file location '/system/app/PacProcessor/PacProcessor.apk': Failed to open oat filename for reading: No such file or directory
07-17 05:53:03.636 I/art     ( 1657): DexFile_isDexOptNeeded file /system/app/PacProcessor/x86/PacProcessor.odex needs to be relocated for /system/app/PacProcessor/PacProcessor.apk
07-17 05:53:03.639 I/art     ( 1841): Debugger is no longer active
07-17 05:53:03.643 I/PackageManager( 1657): /system/app/PackageInstaller changed; collecting certs
07-17 05:53:03.650 I/art     ( 1657): DexFile_isDexOptNeeded failed to open oat file '/data/dalvik-cache/x86/system@app@PackageInstaller@PackageInstaller.apk@classes.dex' for file location '/system/app/PackageInstaller/PackageInstaller.apk': Failed to open oat filename for reading: No such file or directory
07-17 05:53:03.657 I/art     ( 1657): DexFile_isDexOptNeeded file /system/app/PackageInstaller/x86/PackageInstaller.odex needs to be relocated for /system/app/PackageInstaller/PackageInstaller.apk
07-17 05:53:03.666 I/PackageManager( 1657): /system/app/PicoTts changed; collecting certs
07-17 05:53:03.672 I/art     ( 1657): DexFile_isDexOptNeeded failed to open oat file '/data/dalvik-cache/x86/system@app@PicoTts@PicoTts.apk@classes.dex' for file location '/system/app/PicoTts/PicoTts.apk': Failed to open oat filename for reading: No such file or directory
07-17 05:53:03.673 I/art     ( 1657): DexFile_isDexOptNeeded file /system/app/PicoTts/x86/PicoTts.odex needs to be relocated for /system/app/PicoTts/PicoTts.apk
07-17 05:53:03.678 I/PackageManager( 1657): /system/app/PrintSpooler changed; collecting certs
07-17 05:53:03.686 I/art     ( 1657): DexFile_isDexOptNeeded failed to open oat file '/data/dalvik-cache/x86/system@app@PrintSpooler@PrintSpooler.apk@classes.dex' for file location '/system/app/PrintSpooler/PrintSpooler.apk': Failed to open oat filename for reading: No such file or directory
07-17 05:53:03.694 I/art     ( 1657): DexFile_isDexOptNeeded file /system/app/PrintSpooler/x86/PrintSpooler.odex needs to be relocated for /system/app/PrintSpooler/PrintSpooler.apk
07-17 05:53:03.697 I/PackageManager( 1657): /system/app/Protips changed; collecting certs
07-17 05:53:03.705 I/art     ( 1657): DexFile_isDexOptNeeded failed to open oat file '/data/dalvik-cache/x86/system@app@Protips@Protips.apk@classes.dex' for file location '/system/app/Protips/Protips.apk': Failed to open oat filename for reading: No such file or directory
07-17 05:53:03.707 I/art     ( 1657): DexFile_isDexOptNeeded file /system/app/Protips/x86/Protips.odex needs to be relocated for /system/app/Protips/Protips.apk
07-17 05:53:03.718 I/PackageManager( 1657): /system/app/QuickSearchBox changed; collecting certs
07-17 05:53:03.739 I/art     ( 1657): DexFile_isDexOptNeeded failed to open oat file '/data/dalvik-cache/x86/system@app@QuickSearchBox@QuickSearchBox.apk@classes.dex' for file location '/system/app/QuickSearchBox/QuickSearchBox.apk': Failed to open oat filename for reading: No such file or directory
07-17 05:53:03.749 I/art     ( 1657): DexFile_isDexOptNeeded file /system/app/QuickSearchBox/x86/QuickSearchBox.odex needs to be relocated for /system/app/QuickSearchBox/QuickSearchBox.apk
07-17 05:53:03.753 I/PackageManager( 1657): /system/app/SdkSetup changed; collecting certs
07-17 05:53:03.758 I/art     ( 1657): DexFile_isDexOptNeeded failed to open oat file '/data/dalvik-cache/x86/system@app@SdkSetup@SdkSetup.apk@classes.dex' for file location '/system/app/SdkSetup/SdkSetup.apk': Failed to open oat filename for reading: No such file or directory
07-17 05:53:03.761 I/art     ( 1657): DexFile_isDexOptNeeded file /system/app/SdkSetup/x86/SdkSetup.odex needs to be relocated for /system/app/SdkSetup/SdkSetup.apk
07-17 05:53:03.764 I/PackageManager( 1657): /system/app/SoundRecorder changed; collecting certs
07-17 05:53:03.769 I/art     ( 1657): DexFile_isDexOptNeeded failed to open oat file '/data/dalvik-cache/x86/system@app@SoundRecorder@SoundRecorder.apk@classes.dex' for file location '/system/app/SoundRecorder/SoundRecorder.apk': Failed to open oat filename for reading: No such file or directory
07-17 05:53:03.773 I/art     ( 1657): DexFile_isDexOptNeeded file /system/app/SoundRecorder/x86/SoundRecorder.odex needs to be relocated for /system/app/SoundRecorder/SoundRecorder.apk
07-17 05:53:03.775 I/PackageManager( 1657): /system/app/SpeechRecorder changed; collecting certs
07-17 05:53:03.780 I/art     ( 1657): DexFile_isDexOptNeeded failed to open oat file '/data/dalvik-cache/x86/system@app@SpeechRecorder@SpeechRecorder.apk@classes.dex' for file location '/system/app/SpeechRecorder/SpeechRecorder.apk': Failed to open oat filename for reading: No such file or directory
07-17 05:53:03.782 I/art     ( 1657): DexFile_isDexOptNeeded file /system/app/SpeechRecorder/x86/SpeechRecorder.odex needs to be relocated for /system/app/SpeechRecorder/SpeechRecorder.apk
07-17 05:53:03.789 I/PackageManager( 1657): /system/app/UserDictionaryProvider changed; collecting certs
07-17 05:53:03.798 I/art     ( 1657): DexFile_isDexOptNeeded failed to open oat file '/data/dalvik-cache/x86/system@app@UserDictionaryProvider@UserDictionaryProvider.apk@classes.dex' for file location '/system/app/UserDictionaryProvider/UserDictionaryProvider.apk': Failed to open oat filename for reading: No such file or directory
07-17 05:53:03.800 I/art     ( 1657): DexFile_isDexOptNeeded file /system/app/UserDictionaryProvider/x86/UserDictionaryProvider.odex needs to be relocated for /system/app/UserDictionaryProvider/UserDictionaryProvider.apk
07-17 05:53:03.815 I/PackageManager( 1657): /system/app/webview changed; collecting certs
07-17 05:53:03.824 I/art     ( 1657): DexFile_isDexOptNeeded failed to open oat file '/data/dalvik-cache/x86/system@app@webview@webview.apk@classes.dex' for file location '/system/app/webview/webview.apk': Failed to open oat filename for reading: No such file or directory
07-17 05:53:03.828 I/art     ( 1657): DexFile_isDexOptNeeded file /system/app/webview/x86/webview.odex needs to be relocated for /system/app/webview/webview.apk
07-17 05:53:03.829 D/PackageManager( 1657): No files in app dir /system/vendor/app
07-17 05:53:03.829 D/PackageManager( 1657): No files in app dir /oem/app
07-17 05:53:03.882 W/PackageParser( 1657): No actions in intent filter at /data/app/ApiDemos/ApiDemos.apk Binary XML file line #3027
07-17 05:53:03.883 W/PackageParser( 1657): No actions in intent filter at /data/app/ApiDemos/ApiDemos.apk Binary XML file line #3033
07-17 05:53:03.883 I/PackageManager( 1657): /data/app/ApiDemos changed; collecting certs
07-17 05:53:03.913 D/AndroidRuntime( 1857): 
07-17 05:53:03.913 D/AndroidRuntime( 1857): >>>>>> AndroidRuntime START com.android.internal.os.RuntimeInit <<<<<<
07-17 05:53:03.914 D/AndroidRuntime( 1857): CheckJNI is ON
07-17 05:53:03.956 E/memtrack( 1857): Couldn't load memtrack module (No such file or directory)
07-17 05:53:03.956 E/android.os.Debug( 1857): failed to load memtrack module: -2
07-17 05:53:03.971 D/AndroidRuntime( 1857): Calling main entry com.android.commands.pm.Pm
07-17 05:53:03.976 D/AndroidRuntime( 1857): Shutting down VM
07-17 05:53:03.984 I/art     ( 1857): Debugger is no longer active
07-17 05:53:04.250 D/AndroidRuntime( 1875): 
07-17 05:53:04.250 D/AndroidRuntime( 1875): >>>>>> AndroidRuntime START com.android.internal.os.RuntimeInit <<<<<<
07-17 05:53:04.251 D/AndroidRuntime( 1875): CheckJNI is ON
07-17 05:53:04.294 E/memtrack( 1875): Couldn't load memtrack module (No such file or directory)
07-17 05:53:04.294 E/android.os.Debug( 1875): failed to load memtrack module: -2
07-17 05:53:04.306 W/PackageManager( 1657): Package com.example.android.apis desires unavailable shared library com.example.will.never.exist; ignoring!
07-17 05:53:04.311 I/art     ( 1657): DexFile_isDexOptNeeded failed to open oat file '/data/dalvik-cache/x86/data@app@ApiDemos@ApiDemos.apk@classes.dex' for file location '/data/app/ApiDemos/ApiDemos.apk': Failed to open oat filename for reading: No such file or directory
07-17 05:53:04.311 I/art     ( 1657): DexFile_isDexOptNeeded failed to open oat file '/data/app/ApiDemos/x86/ApiDemos.odex' for file location '/data/app/ApiDemos/ApiDemos.apk': Failed to open oat filename for reading: No such file or directory
07-17 05:53:04.312 D/AndroidRuntime( 1875): Calling main entry com.android.commands.pm.Pm
07-17 05:53:04.315 I/PackageManager( 1657): /data/app/CubeLiveWallpapers changed; collecting certs
07-17 05:53:04.316 D/AndroidRuntime( 1875): Shutting down VM
07-17 05:53:04.326 I/art     ( 1875): Debugger is no longer active
07-17 05:53:04.332 I/art     ( 1657): DexFile_isDexOptNeeded failed to open oat file '/data/dalvik-cache/x86/data@app@CubeLiveWallpapers@CubeLiveWallpapers.apk@classes.dex' for file location '/data/app/CubeLiveWallpapers/CubeLiveWallpapers.apk': Failed to open oat filename for reading: No such file or directory
07-17 05:53:04.332 I/art     ( 1657): DexFile_isDexOptNeeded failed to open oat file '/data/app/CubeLiveWallpapers/x86/CubeLiveWallpapers.odex' for file location '/data/app/CubeLiveWallpapers/CubeLiveWallpapers.apk': Failed to open oat filename for reading: No such file or directory
07-17 05:53:04.339 I/PackageManager( 1657): /data/app/GestureBuilder changed; collecting certs
07-17 05:53:04.350 I/art     ( 1657): DexFile_isDexOptNeeded failed to open oat file '/data/dalvik-cache/x86/data@app@GestureBuilder@GestureBuilder.apk@classes.dex' for file location '/data/app/GestureBuilder/GestureBuilder.apk': Failed to open oat filename for reading: No such file or directory
07-17 05:53:04.350 I/art     ( 1657): DexFile_isDexOptNeeded failed to open oat file '/data/app/GestureBuilder/x86/GestureBuilder.odex' for file location '/data/app/GestureBuilder/GestureBuilder.apk': Failed to open oat filename for reading: No such file or directory
07-17 05:53:04.352 I/PackageManager( 1657): /data/app/SmokeTest changed; collecting certs
07-17 05:53:04.359 I/art     ( 1657): DexFile_isDexOptNeeded failed to open oat file '/data/dalvik-cache/x86/data@app@SmokeTest@SmokeTest.apk@classes.dex' for file location '/data/app/SmokeTest/SmokeTest.apk': Failed to open oat filename for reading: No such file or directory
07-17 05:53:04.359 I/art     ( 1657): DexFile_isDexOptNeeded failed to open oat file '/data/app/SmokeTest/x86/SmokeTest.odex' for file location '/data/app/SmokeTest/SmokeTest.apk': Failed to open oat filename for reading: No such file or directory
07-17 05:53:04.361 I/PackageManager( 1657): /data/app/SmokeTestApp changed; collecting certs
07-17 05:53:04.367 I/art     ( 1657): DexFile_isDexOptNeeded failed to open oat file '/data/dalvik-cache/x86/data@app@SmokeTestApp@SmokeTestApp.apk@classes.dex' for file location '/data/app/SmokeTestApp/SmokeTestApp.apk': Failed to open oat filename for reading: No such file or directory
07-17 05:53:04.367 I/art     ( 1657): DexFile_isDexOptNeeded failed to open oat file '/data/app/SmokeTestApp/x86/SmokeTestApp.odex' for file location '/data/app/SmokeTestApp/SmokeTestApp.apk': Failed to open oat filename for reading: No such file or directory
07-17 05:53:04.369 I/PackageManager( 1657): /data/app/SoftKeyboard changed; collecting certs
07-17 05:53:04.383 I/art     ( 1657): DexFile_isDexOptNeeded failed to open oat file '/data/dalvik-cache/x86/data@app@SoftKeyboard@SoftKeyboard.apk@classes.dex' for file location '/data/app/SoftKeyboard/SoftKeyboard.apk': Failed to open oat filename for reading: No such file or directory
07-17 05:53:04.383 I/art     ( 1657): DexFile_isDexOptNeeded failed to open oat file '/data/app/SoftKeyboard/x86/SoftKeyboard.odex' for file location '/data/app/SoftKeyboard/SoftKeyboard.apk': Failed to open oat filename for reading: No such file or directory
07-17 05:53:04.385 I/PackageManager( 1657): /data/app/WidgetPreview changed; collecting certs
07-17 05:53:04.393 I/art     ( 1657): DexFile_isDexOptNeeded failed to open oat file '/data/dalvik-cache/x86/data@app@WidgetPreview@WidgetPreview.apk@classes.dex' for file location '/data/app/WidgetPreview/WidgetPreview.apk': Failed to open oat filename for reading: No such file or directory
07-17 05:53:04.393 I/art     ( 1657): DexFile_isDexOptNeeded failed to open oat file '/data/app/WidgetPreview/x86/WidgetPreview.odex' for file location '/data/app/WidgetPreview/WidgetPreview.apk': Failed to open oat filename for reading: No such file or directory
07-17 05:53:04.393 D/PackageManager( 1657): No files in app dir /data/app-private
07-17 05:53:04.393 W/PackageManager( 1657): Package com.example.android.apis desires unavailable shared library com.example.will.never.exist; ignoring!
07-17 05:53:04.393 W/PackageManager( 1657): Package com.android.camera desires unavailable shared library com.google.android.media.effects; ignoring!
07-17 05:53:04.393 I/PackageManager( 1657): Adjusting ABI for : com.android.settings to x86
07-17 05:53:04.393 I/art     ( 1657): DexFile_isDexOptNeeded failed to open oat file '/data/dalvik-cache/x86/system@priv-app@Settings@Settings.apk@classes.dex' for file location '/system/priv-app/Settings/Settings.apk': Failed to open oat filename for reading: No such file or directory
07-17 05:53:04.394 I/art     ( 1657): DexFile_isDexOptNeeded file /system/priv-app/Settings/x86/Settings.odex needs to be relocated for /system/priv-app/Settings/Settings.apk
07-17 05:53:04.394 I/PackageManager( 1657): Running patchoat on: com.android.settings
07-17 05:53:04.394 E/installd( 1889): Running /system/bin/patchoat isa=x86 in-fd=5 (/system/priv-app/Settings/x86/Settings.odex) out-fd=6 (/data/dalvik-cache/x86/system@priv-app@Settings@Settings.apk@classes.dex)
07-17 05:53:04.399 E/cutils-trace( 1889): Error opening trace file: Permission denied (13)
07-17 05:53:04.438 I/PackageManager( 1657): Adjusting ABI for : com.android.inputdevices to x86
07-17 05:53:04.439 I/art     ( 1657): DexFile_isDexOptNeeded failed to open oat file '/data/dalvik-cache/x86/system@priv-app@InputDevices@InputDevices.apk@classes.dex' for file location '/system/priv-app/InputDevices/InputDevices.apk': Failed to open oat filename for reading: No such file or directory
07-17 05:53:04.439 I/art     ( 1657): DexFile_isDexOptNeeded file /system/priv-app/InputDevices/x86/InputDevices.odex needs to be relocated for /system/priv-app/InputDevices/InputDevices.apk
07-17 05:53:04.439 I/PackageManager( 1657): Running patchoat on: com.android.inputdevices
07-17 05:53:04.439 E/installd( 1890): Running /system/bin/patchoat isa=x86 in-fd=5 (/system/priv-app/InputDevices/x86/InputDevices.odex) out-fd=6 (/data/dalvik-cache/x86/system@priv-app@InputDevices@InputDevices.apk@classes.dex)
07-17 05:53:04.444 E/cutils-trace( 1890): Error opening trace file: Permission denied (13)
07-17 05:53:04.446 I/PackageManager( 1657): Adjusting ABI for : com.android.keychain to x86
07-17 05:53:04.446 I/art     ( 1657): DexFile_isDexOptNeeded failed to open oat file '/data/dalvik-cache/x86/system@app@KeyChain@KeyChain.apk@classes.dex' for file location '/system/app/KeyChain/KeyChain.apk': Failed to open oat filename for reading: No such file or directory
07-17 05:53:04.446 I/art     ( 1657): DexFile_isDexOptNeeded file /system/app/KeyChain/x86/KeyChain.odex needs to be relocated for /system/app/KeyChain/KeyChain.apk
07-17 05:53:04.446 I/PackageManager( 1657): Running patchoat on: com.android.keychain
07-17 05:53:04.447 E/installd( 1891): Running /system/bin/patchoat isa=x86 in-fd=5 (/system/app/KeyChain/x86/KeyChain.odex) out-fd=6 (/data/dalvik-cache/x86/system@app@KeyChain@KeyChain.apk@classes.dex)
07-17 05:53:04.452 E/cutils-trace( 1891): Error opening trace file: Permission denied (13)
07-17 05:53:04.453 I/PackageManager( 1657): Adjusting ABI for : com.android.providers.settings to x86
07-17 05:53:04.453 I/art     ( 1657): DexFile_isDexOptNeeded failed to open oat file '/data/dalvik-cache/x86/system@priv-app@SettingsProvider@SettingsProvider.apk@classes.dex' for file location '/system/priv-app/SettingsProvider/SettingsProvider.apk': Failed to open oat filename for reading: No such file or directory
07-17 05:53:04.453 I/art     ( 1657): DexFile_isDexOptNeeded file /system/priv-app/SettingsProvider/x86/SettingsProvider.odex needs to be relocated for /system/priv-app/SettingsProvider/SettingsProvider.apk
07-17 05:53:04.453 I/PackageManager( 1657): Running patchoat on: com.android.providers.settings
07-17 05:53:04.454 E/installd( 1892): Running /system/bin/patchoat isa=x86 in-fd=5 (/system/priv-app/SettingsProvider/x86/SettingsProvider.odex) out-fd=6 (/data/dalvik-cache/x86/system@priv-app@SettingsProvider@SettingsProvider.apk@classes.dex)
07-17 05:53:04.458 E/cutils-trace( 1892): Error opening trace file: Permission denied (13)
07-17 05:53:04.461 I/PackageManager( 1657): Adjusting ABI for : com.android.location.fused to x86
