07-17 05:53:07.886 W/ResourcesManager( 1657): Asset path '/system/framework/com.android.location.provider.jar' does not exist or contains no resources.
07-17 05:53:07.893 E/OMXNodeInstance( 1185): getParameter(100663311) ERROR: 0x8000100e
07-17 05:53:07.893 E/OMXNodeInstance( 1185): getParameter(100663297) ERROR: 0x8000100e
07-17 05:53:07.893 E/OMXNodeInstance( 1185): OMX_GetExtensionIndex OMX.google.android.index.storeMetaDataInBuffers failed
07-17 05:53:07.895 E/OMXNodeInstance( 1185): getParameter(100663311) ERROR: 0x8000100e
07-17 05:53:07.895 E/OMXNodeInstance( 1185): getParameter(100663297) ERROR: 0x8000100e
07-17 05:53:07.895 E/OMXNodeInstance( 1185): OMX_GetExtensionIndex OMX.google.android.index.storeMetaDataInBuffers failed
07-17 05:53:07.897 I/LatinIME( 2180): Hardware accelerated drawing: true
07-17 05:53:07.902 I/CommonTimeManagementService( 1657): No common time service detected on this platform.  Common time services will be unavailable.
07-17 05:53:07.905 I/SoftMPEG4Encoder( 1185): Construct SoftMPEG4Encoder
07-17 05:53:07.905 I/InputReader( 1657): Reconfiguring input devices.  changes=0x00000020
07-17 05:53:07.905 E/OMXNodeInstance( 1185): getParameter(100663311) ERROR: 0x8000100e
07-17 05:53:07.905 W/ACodec  ( 1185): do not know color format 0x7f000789 = 2130708361
07-17 05:53:07.906 E/OMXNodeInstance( 1185): getParameter(100663297) ERROR: 0x8000100e
07-17 05:53:07.906 V/WiredAccessoryManager( 1657): init()
07-17 05:53:07.907 I/MmsServiceBroker( 1657): Connecting to MmsService
07-17 05:53:07.907 W/ContextImpl( 1657): Calling a method in the system process without a qualified user: android.app.ContextImpl.bindService:1750 com.android.server.MmsServiceBroker.tryConnecting:134 com.android.server.MmsServiceBroker.systemRunning:121 com.android.server.SystemServer$2.run:1182 com.android.server.am.ActivityManagerService.systemReady:11326 
07-17 05:53:07.908 E/GpsLocationProvider( 1657): no AGPS interface in set_agps_server
07-17 05:53:07.912 I/InputReader( 1657): Reconfiguring input devices.  changes=0x00000010
07-17 05:53:07.913 I/SoftAVCEncoder( 1185): Construct SoftAVCEncoder
07-17 05:53:07.913 E/OMXNodeInstance( 1185): getParameter(100663311) ERROR: 0x8000100e
07-17 05:53:07.913 W/ACodec  ( 1185): do not know color format 0x7f000789 = 2130708361
07-17 05:53:07.913 E/OMXNodeInstance( 1185): getParameter(100663297) ERROR: 0x8000100e
07-17 05:53:07.915 I/SoftMPEG4Encoder( 1185): Construct SoftMPEG4Encoder
07-17 05:53:07.915 E/OMXNodeInstance( 1185): getParameter(100663311) ERROR: 0x8000100e
07-17 05:53:07.915 W/ACodec  ( 1185): do not know color format 0x7f000789 = 2130708361
07-17 05:53:07.916 E/OMXNodeInstance( 1185): getParameter(100663297) ERROR: 0x8000100e
07-17 05:53:07.945 E/OMXNodeInstance( 1185): getParameter(100663311) ERROR: 0x8000100e
07-17 05:53:07.945 E/libprocessgroup( 2255): failed to make and chown /acct/uid_1001: Read-only file system
07-17 05:53:07.949 W/ACodec  ( 1185): do not know color format 0x7f000789 = 2130708361
07-17 05:53:07.949 W/Zygote  ( 2255): createProcessGroup failed, kernel missing CONFIG_CGROUP_CPUACCT?
07-17 05:53:07.949 E/OMXNodeInstance( 1185): getParameter(100663297) ERROR: 0x8000100e
07-17 05:53:07.973 I/ActivityManager( 1657): Start proc com.android.phone for service com.android.mms.service/.MmsService: pid=2255 uid=1001 gids={41001, 9997, 3002, 3001, 3003, 1028, 1015} abi=x86
07-17 05:53:07.974 W/VoiceInteractionManagerService( 1657): no available voice interaction services found for user 0
07-17 05:53:07.974 W/VoiceInteractionManagerService( 1657): no available voice recognition services found for user 0
07-17 05:53:08.037 E/libprocessgroup( 2280): failed to make and chown /acct/uid_1001: Read-only file system
07-17 05:53:08.038 W/Zygote  ( 2280): createProcessGroup failed, kernel missing CONFIG_CGROUP_CPUACCT?
07-17 05:53:08.098 I/ActivityManager( 1657): Start proc com.android.server.telecom for added application com.android.server.telecom: pid=2280 uid=1001 gids={41001, 9997, 3002, 3001, 3003, 1028, 1015} abi=x86
07-17 05:53:08.126 E/libprocessgroup( 2301): failed to make and chown /acct/uid_1001: Read-only file system
07-17 05:53:08.126 W/Zygote  ( 2301): createProcessGroup failed, kernel missing CONFIG_CGROUP_CPUACCT?
07-17 05:53:08.133 I/ActivityManager( 1657): Start proc com.android.phone for added application com.android.phone: pid=2301 uid=1001 gids={41001, 9997, 3002, 3001, 3003, 1028, 1015} abi=x86
07-17 05:53:08.134 I/ActivityManager( 1657): START u0 {act=android.intent.action.MAIN cat=[android.intent.category.HOME] flg=0x10000000 cmp=com.android.settings/.CryptKeeper} from uid 0 on display 0
07-17 05:53:08.166 E/libprocessgroup( 2318): failed to make and chown /acct/uid_1000: Read-only file system
07-17 05:53:08.166 W/Zygote  ( 2318): createProcessGroup failed, kernel missing CONFIG_CGROUP_CPUACCT?
07-17 05:53:08.169 I/ActivityManager( 1657): Start proc com.android.settings for activity com.android.settings/.CryptKeeper: pid=2318 uid=1000 gids={41000, 9997, 1028, 1015, 3002, 3001, 3003} abi=x86
07-17 05:53:08.170 I/FusedLocation( 1657): engine started (com.android.location.fused)
07-17 05:53:08.174 D/GpsNetInitiatedHandler( 1657): location enabled :true
07-17 05:53:08.187 E/art     ( 2318): Failed sending reply to debugger: Broken pipe
07-17 05:53:08.187 I/art     ( 2318): Debugger is no longer active
07-17 05:53:08.192 D/NuPlayerDriver( 1185): reset(0xb540d040)
07-17 05:53:08.195 D/NuPlayerDriver( 1185): reset(0xb6250ca0)
07-17 05:53:08.201 E/libprocessgroup( 2338): failed to make and chown /acct/uid_10005: Read-only file system
07-17 05:53:08.201 W/Zygote  ( 2338): createProcessGroup failed, kernel missing CONFIG_CGROUP_CPUACCT?
07-17 05:53:08.202 I/ActivityManager( 1657): Start proc android.process.media for broadcast com.android.providers.downloads/.DownloadReceiver: pid=2338 uid=10005 gids={50005, 9997, 1028, 1015, 1023, 1024, 2001, 3003, 3007} abi=x86
07-17 05:53:08.238 W/ActivityManager( 1657): No pending application record for pid 2255 (IApplicationThread android.app.ApplicationThreadProxy@390a03dd); dropping process
07-17 05:53:08.247 D/NuPlayerDriver( 1185): notifyResetComplete(0xb540d040)
07-17 05:53:08.251 D/VolumeUI( 2128): Registering volume controller
07-17 05:53:08.253 W/InputAttributes( 2180): No editor info for this field. Bug?
07-17 05:53:08.254 W/AppWidgetServiceImpl( 1657): Failed to read state: java.io.FileNotFoundException: /data/system/users/0/appwidgets.xml: open failed: ENOENT (No such file or directory)
07-17 05:53:08.254 V/AppWidgetServiceImpl( 1657): Upgrading widget database from 0 to 1
07-17 05:53:08.265 E/libprocessgroup( 2359): failed to make and chown /acct/uid_10039: Read-only file system
07-17 05:53:08.266 W/Zygote  ( 2359): createProcessGroup failed, kernel missing CONFIG_CGROUP_CPUACCT?
07-17 05:53:08.271 D/PermissionCache( 1176): checking android.permission.HARDWARE_TEST for uid=1000 => granted (128 us)
07-17 05:53:08.272 I/ActivityManager( 1657): Start proc com.android.printspooler for service com.android.printspooler/.model.PrintSpoolerService: pid=2359 uid=10039 gids={50039, 9997} abi=x86
07-17 05:53:08.284 I/LatinIME:LogUtils( 2180): Dictionary info: dictionary = PersonalizationDictionary.en_US ; version = 1563342788 ; date = ?
07-17 05:53:08.285 I/LatinIME:LogUtils( 2180): Dictionary info: dictionary = UserHistoryDictionary.en_US ; version = 1563342788 ; date = ?
07-17 05:53:08.293 I/LatinIME:LogUtils( 2180): Dictionary info: dictionary = userunigram.en_US ; version = 1563342788 ; date = ?
07-17 05:53:08.295 I/LatinIME:LogUtils( 2180): Dictionary info: dictionary = ContextualDictionary.en_US ; version = 1563342788 ; date = ?
07-17 05:53:08.295 D/NuPlayerDriver( 1185): notifyResetComplete(0xb6250ca0)
07-17 05:53:08.298 E/libprocessgroup( 2383): failed to make and chown /acct/uid_10002: Read-only file system
07-17 05:53:08.298 W/Zygote  ( 2383): createProcessGroup failed, kernel missing CONFIG_CGROUP_CPUACCT?
07-17 05:53:08.299 I/LatinIME:LogUtils( 2180): Dictionary info: dictionary = contacts.en_US ; version = 1563342788 ; date = ?
07-17 05:53:08.306 I/ActivityManager( 1657): Start proc android.process.acore for content provider com.android.providers.contacts/.CallLogProvider: pid=2383 uid=10002 gids={50002, 9997, 3003, 1028, 1015} abi=x86
07-17 05:53:08.309 E/BluetoothAdapter( 2280): Bluetooth binder is null
07-17 05:53:08.335 D/NuPlayerDriver( 1185): start(0xb5011040)
07-17 05:53:08.336 I/GenericSource( 1185): start
07-17 05:53:08.344 D/NuPlayerDriver( 1185): start(0xb540d040)
07-17 05:53:08.345 I/GenericSource( 1185): start
07-17 05:53:08.412 I/PrintSpoolerService( 2359): No existing print spooler state.
07-17 05:53:08.448 D/NuPlayerDriver( 1185): reset(0xb540d040)
07-17 05:53:08.503 D/NuPlayerDriver( 1185): notifyResetComplete(0xb540d040)
07-17 05:53:08.531 I/ActivityManager( 1657): START u0 {act=android.intent.action.MAIN cat=[android.intent.category.HOME] flg=0x10000000 cmp=com.android.sdksetup/.DefaultActivity} from uid 0 on display 0
07-17 05:53:08.545 D/NuPlayerDriver( 1185): reset(0xb5011040)
07-17 05:53:08.550 D/NuPlayerDriver( 1185): start(0xb5217040)
07-17 05:53:08.550 I/GenericSource( 1185): start
07-17 05:53:08.572 D/NuPlayerDriver( 1185): notifyResetComplete(0xb5011040)
07-17 05:53:08.584 E/BluetoothAdapter( 2280): Bluetooth binder is null
07-17 05:53:08.587 E/libprocessgroup( 2433): failed to make and chown /acct/uid_10042: Read-only file system
07-17 05:53:08.588 W/Zygote  ( 2433): createProcessGroup failed, kernel missing CONFIG_CGROUP_CPUACCT?
07-17 05:53:08.592 I/ActivityManager( 1657): Start proc com.android.sdksetup for activity com.android.sdksetup/.DefaultActivity: pid=2433 uid=10042 gids={50042, 9997} abi=x86
07-17 05:53:08.615 D/NuPlayerDriver( 1185): start(0xb6250ca0)
07-17 05:53:08.615 I/GenericSource( 1185): start
07-17 05:53:08.639 I/LatinIME:LogUtils( 2180): Dictionary info: dictionary = PersonalizationDictionary.en_US ; version = 1563342788 ; date = ?
07-17 05:53:08.640 I/Choreographer( 2128): Skipped 39 frames!  The application may be doing too much work on its main thread.
07-17 05:53:08.640 I/LatinIME:LogUtils( 2180): Dictionary info: dictionary = PersonalizationDictionary.en_US ; version = 1563342788 ; date = ?
07-17 05:53:08.685 I/MediaProvider( 2338): Upgrading media database from version 0 to 700, which will destroy all old data
07-17 05:53:08.692 I/StatusBarManagerService( 1657): registerStatusBar bar=com.android.internal.statusbar.IStatusBar$Stub$Proxy@28359f3
07-17 05:53:08.708 D/NuPlayerDriver( 1185): reset(0xb5217040)
07-17 05:53:08.741 D/NuPlayerDriver( 1185): notifyResetComplete(0xb5217040)
07-17 05:53:08.746 D/NuPlayerDriver( 1185): reset(0xb6250ca0)
07-17 05:53:08.767 W/Settings( 2433): Setting install_non_market_apps has moved from android.provider.Settings.Global to android.provider.Settings.Secure, value is unchanged.
07-17 05:53:08.774 W/ALooperRoster( 1185): failed to deliver message. Target handler not registered.
07-17 05:53:08.777 D/NuPlayerDriver( 1185): notifyResetComplete(0xb6250ca0)
07-17 05:53:08.792 D/NuPlayerDriver( 1185): start(0xb540d040)
07-17 05:53:08.792 I/GenericSource( 1185): start
07-17 05:53:08.897 I/ContactLocale( 2383): AddressBook Labels [en-US]: [, A, B, C, D, E, F, G, H, I, J, K, L, M, N, O, P, Q, R, S, T, U, V, W, X, Y, Z, , , , , , , , , , , , , , , , , , , , , , , , , , , , , , , , , , , , , , , , , , , , , , , , , , , , , , , , , , , , , , , , , , , , , , , , , , , , , , , , , , , , , , , , , , , , , , , , , , , , , , , , , , , , , , , , , , , , , , , , , , , , , , , , , , , , , , , , , , , , , , , , , , , , , , , , , , , , , , , , , , , , , , , , , , , , , , , , , , , , , , , , , , , , #, ]
07-17 05:53:08.899 D/NuPlayerDriver( 1185): reset(0xb540d040)
07-17 05:53:08.907 D/NuPlayerDriver( 1185): notifyResetComplete(0xb540d040)
07-17 05:53:08.922 D/NuPlayerDriver( 1185): start(0xb5011040)
07-17 05:53:08.923 I/GenericSource( 1185): start
07-17 05:53:08.971 D/NuPlayerDriver( 1185): reset(0xb5011040)
07-17 05:53:08.973 D/MmsService( 2301): onCreate
07-17 05:53:08.976 I/MmsServiceBroker( 1657): MmsService connected
07-17 05:53:08.976 I/MmsService( 2301): MmsConfigManager.loadInBackground(): mcc/mnc: 0/0
07-17 05:53:08.976 E/MmsService( 2301): MmsConfigManager.load -- empty getActiveSubInfoList
07-17 05:53:08.981 I/ActivityManager( 1657): Force stopping com.android.sdksetup appid=10042 user=0: pkg changed
07-17 05:53:08.981 I/ActivityManager( 1657): Killing 2433:com.android.sdksetup/u0a42 (adj 0): stop com.android.sdksetup
07-17 05:53:08.981 W/libprocessgroup( 1657): failed to open /acct/uid_10042/pid_2433/cgroup.procs: No such file or directory
07-17 05:53:08.982 I/ActivityManager( 1657):   Force finishing activity ActivityRecord{1b3ab4bd u0 com.android.sdksetup/.DefaultActivity t2}
07-17 05:53:08.986 D/NuPlayerDriver( 1185): notifyResetComplete(0xb5011040)
07-17 05:53:08.988 I/ActivityManager( 1657): START u0 {act=android.intent.action.MAIN cat=[android.intent.category.HOME] flg=0x10000000 cmp=com.android.launcher/com.android.launcher2.Launcher} from uid 0 on display 0
07-17 05:53:08.998 I/InputReader( 1657): Reconfiguring input devices.  changes=0x00000010
07-17 05:53:09.001 D/NuPlayerDriver( 1185): start(0xb5217040)
07-17 05:53:09.002 I/GenericSource( 1185): start
07-17 05:53:09.009 D/BackupManagerService( 1657): Received broadcast Intent { act=android.intent.action.PACKAGE_CHANGED dat=package:com.android.sdksetup flg=0x4000010 (has extras) }
07-17 05:53:09.042 I/art     ( 2128): Background partial concurrent mark sweep GC freed 1199(114KB) AllocSpace objects, 0(0B) LOS objects, 39% free, 3MB/5MB, paused 5.672ms total 25.331ms
07-17 05:53:09.128 D/WifiService( 1657): New client listening to asynchronous messages
07-17 05:53:09.136 E/BluetoothAdapter( 2128): Bluetooth binder is null
07-17 05:53:09.136 W/BluetoothController( 2128): Default BT adapter not found
07-17 05:53:09.139 D/NuPlayerDriver( 1185): reset(0xb5217040)
07-17 05:53:09.141 E/SQLiteLog( 2338): (1) no such table: album_info
07-17 05:53:09.142 D/ConnectivityService( 1657): listenForNetwork for NetworkRequest [ id=2, legacyType=-1, [] ]
07-17 05:53:09.146 D/NuPlayerDriver( 1185): notifyResetComplete(0xb5217040)
07-17 05:53:09.161 V/EmulatedCamera_Camera( 1185): getCameraInfo
07-17 05:53:09.161 V/EmulatedCamera_BaseCamera( 1185): getCameraInfo
07-17 05:53:09.161 I/CameraService( 1185): getCameraCharacteristics: Switching to HAL1 shim implementation...
07-17 05:53:09.161 V/EmulatedCamera_Camera( 1185): getCameraInfo
07-17 05:53:09.161 V/EmulatedCamera_BaseCamera( 1185): getCameraInfo
07-17 05:53:09.161 V/EmulatedCamera_Camera( 1185): getCameraInfo
07-17 05:53:09.161 V/EmulatedCamera_BaseCamera( 1185): getCameraInfo
07-17 05:53:09.173 I/LatinIME:LogUtils( 2180): Dictionary info: dictionary = main:de ; version = 44 ; date = 1393228134
07-17 05:53:09.176 I/LatinIME:LogUtils( 2180): Dictionary info: dictionary = main:fr ; version = 45 ; date = 1400639634
07-17 05:53:09.177 I/CameraClient( 1185): Opening camera 0
07-17 05:53:09.177 V/EmulatedCamera_Camera( 1185): getCameraInfo
07-17 05:53:09.177 V/EmulatedCamera_BaseCamera( 1185): getCameraInfo
07-17 05:53:09.177 V/EmulatedCamera_Camera( 1185): connectCamera
07-17 05:53:09.177 V/EmulatedCamera_QemuDevice( 1185): connectDevice
07-17 05:53:09.177 V/EmulatedCamera_QemuDevice( 1185): connectDevice: Connected to device 'virtualscene'
07-17 05:53:09.178 V/EmulatedCamera_CallbackNotifier( 1185): setCallbacks: 0xb6aebc00, 0xb6aebfb0, 0xb6aec0c0, 0xb6aec5b0 (0xb5217280)
07-17 05:53:09.178 V/EmulatedCamera_CallbackNotifier( 1185): enableMessage: msg_type = 0xc0d
07-17 05:53:09.178 V/EmulatedCamera_CallbackNotifier( 1185):     CAMERA_MSG_ERROR
07-17 05:53:09.178 V/EmulatedCamera_CallbackNotifier( 1185):     CAMERA_MSG_FOCUS
07-17 05:53:09.178 V/EmulatedCamera_CallbackNotifier( 1185):     CAMERA_MSG_ZOOM
07-17 05:53:09.178 V/EmulatedCamera_CallbackNotifier( 1185):     CAMERA_MSG_PREVIEW_METADATA
07-17 05:53:09.178 V/EmulatedCamera_CallbackNotifier( 1185): **** Currently enabled messages:
07-17 05:53:09.178 V/EmulatedCamera_CallbackNotifier( 1185):     CAMERA_MSG_ERROR
07-17 05:53:09.178 V/EmulatedCamera_CallbackNotifier( 1185):     CAMERA_MSG_FOCUS
07-17 05:53:09.178 V/EmulatedCamera_CallbackNotifier( 1185):     CAMERA_MSG_ZOOM
07-17 05:53:09.178 V/EmulatedCamera_CallbackNotifier( 1185):     CAMERA_MSG_PREVIEW_METADATA
07-17 05:53:09.178 V/EmulatedCamera_CallbackNotifier( 1185): disableMessage: msg_type = 0xffff
07-17 05:53:09.178 V/EmulatedCamera_CallbackNotifier( 1185):     CAMERA_MSG_ERROR
07-17 05:53:09.178 V/EmulatedCamera_CallbackNotifier( 1185):     CAMERA_MSG_SHUTTER
07-17 05:53:09.178 V/EmulatedCamera_CallbackNotifier( 1185):     CAMERA_MSG_FOCUS
07-17 05:53:09.178 V/EmulatedCamera_CallbackNotifier( 1185):     CAMERA_MSG_ZOOM
07-17 05:53:09.178 V/EmulatedCamera_CallbackNotifier( 1185):     CAMERA_MSG_PREVIEW_FRAME
07-17 05:53:09.178 V/EmulatedCamera_CallbackNotifier( 1185):     CAMERA_MSG_VIDEO_FRAME
07-17 05:53:09.178 V/EmulatedCamera_CallbackNotifier( 1185):     CAMERA_MSG_POSTVIEW_FRAME
07-17 05:53:09.178 V/EmulatedCamera_CallbackNotifier( 1185):     CAMERA_MSG_RAW_IMAGE
07-17 05:53:09.178 V/EmulatedCamera_CallbackNotifier( 1185):     CAMERA_MSG_COMPRESSED_IMAGE
07-17 05:53:09.178 V/EmulatedCamera_CallbackNotifier( 1185):     CAMERA_MSG_RAW_IMAGE_NOTIFY
07-17 05:53:09.178 I/LatinIME:LogUtils( 2180): Dictionary info: dictionary = main:es ; version = 49 ; date = 1404131686
07-17 05:53:09.178 V/EmulatedCamera_CallbackNotifier( 1185):     CAMERA_MSG_PREVIEW_METADATA
07-17 05:53:09.178 V/EmulatedCamera_CallbackNotifier( 1185): **** Currently enabled messages:
07-17 05:53:09.178 V/EmulatedCamera_Camera( 1185): doStopPreview
07-17 05:53:09.178 V/EmulatedCamera_Camera( 1185): cancelPicture
07-17 05:53:09.179 V/EmulatedCamera_Camera( 1185): releaseCamera
07-17 05:53:09.179 V/EmulatedCamera_Camera( 1185): doStopPreview
07-17 05:53:09.179 V/EmulatedCamera_QemuDevice( 1185): disconnectDevice
07-17 05:53:09.179 V/EmulatedCamera_QemuDevice( 1185): disconnectDevice: Disonnected from device 'virtualscene'
07-17 05:53:09.179 I/CameraClient( 1185): Destroying camera 0
07-17 05:53:09.179 V/EmulatedCamera_Camera( 1185): closeCamera
07-17 05:53:09.179 V/EmulatedCamera_Camera( 1185): doStopPreview
07-17 05:53:09.179 D/NuPlayerDriver( 1185): reset(0xb5217040)
07-17 05:53:09.180 I/LatinIME:LogUtils( 2180): Dictionary info: dictionary = main:it ; version = 44 ; date = 1393228135
07-17 05:53:09.180 D/NuPlayerDriver( 1185): notifyResetComplete(0xb5217040)
07-17 05:53:09.181 D/NuPlayerDriver( 1185): reset(0xb52171c0)
07-17 05:53:09.182 I/LatinIME:LogUtils( 2180): Dictionary info: dictionary = main:ru ; version = 50 ; date = 1406597821
07-17 05:53:09.183 D/NuPlayerDriver( 1185): notifyResetComplete(0xb52171c0)
07-17 05:53:09.184 V/EmulatedCamera_Camera( 1185): getCameraInfo
07-17 05:53:09.184 V/EmulatedCamera_BaseCamera( 1185): getCameraInfo
07-17 05:53:09.184 I/CameraService( 1185): getCameraCharacteristics: Switching to HAL1 shim implementation...
07-17 05:53:09.184 V/EmulatedCamera_Camera( 1185): getCameraInfo
07-17 05:53:09.184 V/EmulatedCamera_BaseCamera( 1185): getCameraInfo
07-17 05:53:09.184 V/EmulatedCamera_Camera( 1185): getCameraInfo
07-17 05:53:09.184 V/EmulatedCamera_BaseCamera( 1185): getCameraInfo
07-17 05:53:09.186 E/libprocessgroup( 2498): failed to make and chown /acct/uid_10006: Read-only file system
07-17 05:53:09.186 W/Zygote  ( 2498): createProcessGroup failed, kernel missing CONFIG_CGROUP_CPUACCT?
07-17 05:53:09.187 I/ActivityManager( 1657): Start proc com.android.externalstorage for broadcast com.android.externalstorage/.MountReceiver: pid=2498 uid=10006 gids={50006, 9997, 1028, 1015, 1023} abi=x86
07-17 05:53:09.189 I/LatinIME:LogUtils( 2180): Dictionary info: dictionary = main:en ; version = 47 ; date = 1402373178
07-17 05:53:09.203 I/CameraClient( 1185): Opening camera 1
07-17 05:53:09.203 V/EmulatedCamera_Camera( 1185): getCameraInfo
07-17 05:53:09.203 V/EmulatedCamera_BaseCamera( 1185): getCameraInfo
07-17 05:53:09.203 V/EmulatedCamera_Camera( 1185): connectCamera
07-17 05:53:09.203 V/EmulatedCamera_FakeDevice( 1185): connectDevice
07-17 05:53:09.203 V/EmulatedCamera_CallbackNotifier( 1185): setCallbacks: 0xb6aebc00, 0xb6aebfb0, 0xb6aec0c0, 0xb6aec5b0 (0xb540d220)
07-17 05:53:09.203 V/EmulatedCamera_CallbackNotifier( 1185): enableMessage: msg_type = 0xc0d
07-17 05:53:09.203 V/EmulatedCamera_CallbackNotifier( 1185):     CAMERA_MSG_ERROR
07-17 05:53:09.203 V/EmulatedCamera_CallbackNotifier( 1185):     CAMERA_MSG_FOCUS
07-17 05:53:09.203 V/EmulatedCamera_CallbackNotifier( 1185):     CAMERA_MSG_ZOOM
07-17 05:53:09.203 V/EmulatedCamera_CallbackNotifier( 1185):     CAMERA_MSG_PREVIEW_METADATA
07-17 05:53:09.203 V/EmulatedCamera_CallbackNotifier( 1185): **** Currently enabled messages:
07-17 05:53:09.203 V/EmulatedCamera_CallbackNotifier( 1185):     CAMERA_MSG_ERROR
07-17 05:53:09.204 V/EmulatedCamera_CallbackNotifier( 1185):     CAMERA_MSG_FOCUS
07-17 05:53:09.204 V/EmulatedCamera_CallbackNotifier( 1185):     CAMERA_MSG_ZOOM
07-17 05:53:09.204 V/EmulatedCamera_CallbackNotifier( 1185):     CAMERA_MSG_PREVIEW_METADATA
07-17 05:53:09.204 V/EmulatedCamera_CallbackNotifier( 1185): disableMessage: msg_type = 0xffff
07-17 05:53:09.204 V/EmulatedCamera_CallbackNotifier( 1185):     CAMERA_MSG_ERROR
07-17 05:53:09.204 V/EmulatedCamera_CallbackNotifier( 1185):     CAMERA_MSG_SHUTTER
07-17 05:53:09.204 V/EmulatedCamera_CallbackNotifier( 1185):     CAMERA_MSG_FOCUS
07-17 05:53:09.204 V/EmulatedCamera_CallbackNotifier( 1185):     CAMERA_MSG_ZOOM
07-17 05:53:09.204 V/EmulatedCamera_CallbackNotifier( 1185):     CAMERA_MSG_PREVIEW_FRAME
07-17 05:53:09.204 V/EmulatedCamera_CallbackNotifier( 1185):     CAMERA_MSG_VIDEO_FRAME
07-17 05:53:09.204 V/EmulatedCamera_CallbackNotifier( 1185):     CAMERA_MSG_POSTVIEW_FRAME
07-17 05:53:09.204 V/EmulatedCamera_CallbackNotifier( 1185):     CAMERA_MSG_RAW_IMAGE
07-17 05:53:09.204 V/EmulatedCamera_CallbackNotifier( 1185):     CAMERA_MSG_COMPRESSED_IMAGE
07-17 05:53:09.204 V/EmulatedCamera_CallbackNotifier( 1185):     CAMERA_MSG_RAW_IMAGE_NOTIFY
07-17 05:53:09.204 V/EmulatedCamera_CallbackNotifier( 1185):     CAMERA_MSG_PREVIEW_METADATA
07-17 05:53:09.204 V/EmulatedCamera_CallbackNotifier( 1185): **** Currently enabled messages:
07-17 05:53:09.204 V/EmulatedCamera_Camera( 1185): doStopPreview
07-17 05:53:09.204 V/EmulatedCamera_Camera( 1185): cancelPicture
07-17 05:53:09.204 V/EmulatedCamera_Camera( 1185): releaseCamera
07-17 05:53:09.204 V/EmulatedCamera_Camera( 1185): doStopPreview
07-17 05:53:09.204 V/EmulatedCamera_FakeDevice( 1185): disconnectDevice
07-17 05:53:09.204 I/CameraClient( 1185): Destroying camera 1
07-17 05:53:09.204 V/EmulatedCamera_Camera( 1185): closeCamera
07-17 05:53:09.205 V/EmulatedCamera_Camera( 1185): doStopPreview
07-17 05:53:09.207 D/NuPlayerDriver( 1185): reset(0xb540d040)
07-17 05:53:09.207 D/NuPlayerDriver( 1185): notifyResetComplete(0xb540d040)
07-17 05:53:09.208 D/NuPlayerDriver( 1185): reset(0xb540d160)
07-17 05:53:09.208 D/NuPlayerDriver( 1185): notifyResetComplete(0xb540d160)
07-17 05:53:09.208 V/EmulatedCamera_Camera( 1185): getCameraInfo
07-17 05:53:09.208 V/EmulatedCamera_BaseCamera( 1185): getCameraInfo
07-17 05:53:09.209 V/EmulatedCamera_Camera( 1185): getCameraInfo
07-17 05:53:09.209 V/EmulatedCamera_BaseCamera( 1185): getCameraInfo
07-17 05:53:09.215 V/EmulatedCamera_Camera( 1185): getCameraInfo
07-17 05:53:09.215 V/EmulatedCamera_BaseCamera( 1185): getCameraInfo
07-17 05:53:09.216 V/EmulatedCamera_Camera( 1185): getCameraInfo
07-17 05:53:09.217 V/EmulatedCamera_BaseCamera( 1185): getCameraInfo
07-17 05:53:09.219 E/libprocessgroup( 2519): failed to make and chown /acct/uid_10027: Read-only file system
07-17 05:53:09.219 W/Zygote  ( 2519): createProcessGroup failed, kernel missing CONFIG_CGROUP_CPUACCT?
07-17 05:53:09.220 I/ActivityManager( 1657): Start proc com.android.exchange for content provider com.android.exchange/.provider.ExchangeDirectoryProvider: pid=2519 uid=10027 gids={50027, 9997, 3003, 1028, 1015} abi=x86
07-17 05:53:09.236 I/DownloadManager( 2338): Upgrading downloads database from version 0 to version 109, which will destroy all old data
07-17 05:53:09.244 E/libprocessgroup( 2534): failed to make and chown /acct/uid_10007: Read-only file system
07-17 05:53:09.244 W/Zygote  ( 2534): createProcessGroup failed, kernel missing CONFIG_CGROUP_CPUACCT?
07-17 05:53:09.256 I/ActivityManager( 1657): Start proc com.android.launcher for activity com.android.launcher/com.android.launcher2.Launcher: pid=2534 uid=10007 gids={50007, 9997} abi=x86
07-17 05:53:09.266 I/art     ( 1191): Explicit concurrent mark sweep GC freed 702(30KB) AllocSpace objects, 0(0B) LOS objects, 90% free, 110KB/1134KB, paused 430us total 11.646ms
07-17 05:53:09.269 D/ExternalStorage( 2498): After updating volumes, found 1 active roots
07-17 05:53:09.285 I/art     ( 1191): Explicit concurrent mark sweep GC freed 7(224B) AllocSpace objects, 0(0B) LOS objects, 90% free, 110KB/1134KB, paused 832us total 17.781ms
07-17 05:53:09.292 D/ExternalStorage( 2498): After updating volumes, found 1 active roots
07-17 05:53:09.294 I/art     ( 1191): Explicit concurrent mark sweep GC freed 5(160B) AllocSpace objects, 0(0B) LOS objects, 90% free, 110KB/1134KB, paused 1.081ms total 8.686ms
07-17 05:53:09.319 E/libprocessgroup( 2558): failed to make and chown /acct/uid_10025: Read-only file system
07-17 05:53:09.320 W/Zygote  ( 2558): createProcessGroup failed, kernel missing CONFIG_CGROUP_CPUACCT?
07-17 05:53:09.331 I/ActivityManager( 1657): Start proc com.android.email for content provider com.android.email/.provider.EmailProvider: pid=2558 uid=10025 gids={50025, 9997, 3003, 1028, 1015} abi=x86
07-17 05:53:09.339 D/MediaScannerReceiver( 2338): action: android.intent.action.MEDIA_MOUNTED path: /storage/sdcard
07-17 05:53:09.342 I/ContactDirectoryManager( 2383): deleted 0 stale rows which don't have any relevant directory
07-17 05:53:09.353 E/art     ( 2558): Failed writing handshake bytes (-1 of 14): Broken pipe
07-17 05:53:09.355 I/art     ( 2558): Debugger is no longer active
07-17 05:53:09.357 I/ContactDirectoryManager( 2383): Discovered 0 contact directories in 196ms
07-17 05:53:09.358 I/ValidateNoPeople( 1657): mEvictionCount: 0
07-17 05:53:09.360 I/ContactsProvider( 2383): Upgrading aggregation algorithm
07-17 05:53:09.362 I/ContactAggregator( 2383): Marked all visible contacts for aggregation: 0 raw contacts, 1 ms
07-17 05:53:09.373 D/OpenGLRenderer( 2128): Render dirty regions requested: true
07-17 05:53:09.376 D/        ( 2128): HostConnection::get() New Host Connection established 0xac7a0c40, tid 2128
07-17 05:53:09.378 D/Atlas   ( 2128): Validating map...
07-17 05:53:09.380 I/LatinIME:LogUtils( 2180): Dictionary info: dictionary = main:en ; version = 47 ; date = 1402373178
07-17 05:53:09.381 D/PhoneStatusBar( 2128): disable: < expand icons alerts system_info back home recent clock search >
07-17 05:53:09.395 I/LatinIME:LogUtils( 2180): Dictionary info: dictionary = main:en ; version = 47 ; date = 1402373178
07-17 05:53:09.396 D/ActivityThread( 2558): Loading provider com.android.email.provider;com.android.email.notifier: com.android.email.provider.EmailProvider
07-17 05:53:09.398 I/LatinIME:LogUtils( 2180): Dictionary info: dictionary = main:en ; version = 47 ; date = 1402373178
07-17 05:53:09.402 I/ContactsProvider( 2383): Aggregation algorithm upgraded for 0 raw contacts in 42ms
07-17 05:53:09.402 I/LatinIME:LogUtils( 2180): Dictionary info: dictionary = main:en ; version = 47 ; date = 1402373178
07-17 05:53:09.406 D/ActivityThread( 2558): Loading provider com.android.email.provider;com.android.email.notifier: com.android.email.provider.EmailProvider
07-17 05:53:09.408 E/BluetoothAdapter( 2128): Bluetooth binder is null
07-17 05:53:09.409 I/LatinIME:LogUtils( 2180): Dictionary info: dictionary = main:en ; version = 47 ; date = 1402373178
07-17 05:53:09.412 I/LatinIME:LogUtils( 2180): Dictionary info: dictionary = main:en ; version = 47 ; date = 1402373178
07-17 05:53:09.414 D/ActivityThread( 2558): Loading provider com.android.email.provider;com.android.email.notifier: com.android.email.provider.EmailProvider
07-17 05:53:09.416 I/LatinIME:LogUtils( 2180): Dictionary info: dictionary = main:en ; version = 47 ; date = 1402373178
07-17 05:53:09.417 D/ActivityThread( 2558): Loading provider com.android.email.provider;com.android.email.notifier: com.android.email.provider.EmailProvider
07-17 05:53:09.419 D/ActivityThread( 2558): Loading provider com.android.email.provider;com.android.email.notifier: com.android.email.provider.EmailProvider
07-17 05:53:09.423 D/PhoneStatusBar( 2128): heads up is enabled
07-17 05:53:09.445 I/ContactsFTS( 2383): Rebuild contact search index in 38ms, 0 contacts
07-17 05:53:09.446 I/art     ( 1657): Explicit concurrent mark sweep GC freed 17602(1756KB) AllocSpace objects, 15(660KB) LOS objects, 33% free, 6MB/9MB, paused 1.534ms total 21.846ms
07-17 05:53:09.455 D/StatusBar( 2128): user hasn't seen notification about hidden notifications
07-17 05:53:09.456 D/StatusBar( 2128): insecure lockscreen, skipping notification
07-17 05:53:09.466 W/MediaScanner( 2338): Error opening directory '/storage/sdcard/.android_secure/', skipping: Permission denied.
07-17 05:53:09.469 W/BackupManagerService( 1657): dataChanged but no participant pkg='com.android.providers.settings' uid=10012
07-17 05:53:09.492 V/MediaScanner( 2338): pruneDeadThumbnailFiles... android.database.sqlite.SQLiteCursor@37c20850
07-17 05:53:09.492 V/MediaScanner( 2338): /pruneDeadThumbnailFiles... android.database.sqlite.SQLiteCursor@37c20850
07-17 05:53:09.599 D/gralloc_ranchu( 1176): gralloc_alloc: Creating ashmem region of size 8294400
07-17 05:53:09.662 W/ActivityManager( 1657): Unable to start service Intent { act=com.android.mail.action.BACKUP_DATA_CHANGED pkg=com.android.email } U=0: not found
07-17 05:53:09.663 W/ActivityManager( 1657): Unable to start service Intent { act=com.android.mail.action.BACKUP_DATA_CHANGED pkg=com.android.email } U=0: not found
07-17 05:53:09.664 W/ActivityManager( 1657): Unable to start service Intent { act=com.android.mail.action.BACKUP_DATA_CHANGED pkg=com.android.email } U=0: not found
07-17 05:53:09.665 W/ActivityManager( 1657): Unable to start service Intent { act=com.android.mail.action.BACKUP_DATA_CHANGED pkg=com.android.email } U=0: not found
07-17 05:53:09.665 W/ActivityManager( 1657): Unable to start service Intent { act=com.android.mail.action.BACKUP_DATA_CHANGED pkg=com.android.email } U=0: not found
07-17 05:53:09.666 W/ActivityManager( 1657): Unable to start service Intent { act=com.android.mail.action.BACKUP_DATA_CHANGED pkg=com.android.email } U=0: not found
07-17 05:53:09.667 W/ActivityManager( 1657): Unable to start service Intent { act=com.android.mail.action.BACKUP_DATA_CHANGED pkg=com.android.email } U=0: not found
07-17 05:53:09.672 W/Resources( 2534): Converting to int: TypedValue{t=0x3/d=0x15 "2" a=-1}
07-17 05:53:09.672 W/Resources( 2534): Converting to int: TypedValue{t=0x3/d=0x15 "2" a=-1}
07-17 05:53:09.682 I/Choreographer( 2128): Skipped 61 frames!  The application may be doing too much work on its main thread.
07-17 05:53:09.684 D/ViewRootImpl( 2128): changeCanvasOpacity: opaque=true
07-17 05:53:09.700 D/OpenGLRenderer( 2534): Render dirty regions requested: true
07-17 05:53:09.702 D/        ( 2534): HostConnection::get() New Host Connection established 0xacdb4c90, tid 2534
07-17 05:53:09.703 D/Atlas   ( 2534): Validating map...
07-17 05:53:09.717 E/libprocessgroup( 2604): failed to make and chown /acct/uid_10033: Read-only file system
07-17 05:53:09.717 W/Zygote  ( 2604): createProcessGroup failed, kernel missing CONFIG_CGROUP_CPUACCT?
07-17 05:53:09.722 D/        ( 2128): HostConnection::get() New Host Connection established 0xa4e340b0, tid 2580
07-17 05:53:09.723 I/OpenGLRenderer( 2128): Initialized EGL, version 1.4
07-17 05:53:09.723 W/OpenGLRenderer( 2128): Failed to choose config with EGL_SWAP_BEHAVIOR_PRESERVED, retrying without...
07-17 05:53:09.726 I/ActivityManager( 1657): Start proc com.android.music for broadcast com.android.music/.MediaButtonIntentReceiver: pid=2604 uid=10033 gids={50033, 9997, 3003, 1028, 1015} abi=x86
07-17 05:53:09.726 W/ActivityManager( 1657): Unable to start service Intent { cmp=com.android.email/.service.AttachmentService } U=0: not found
07-17 05:53:09.728 W/ActivityManager( 1657): Unable to start service Intent { cmp=com.android.email/.service.AttachmentService } U=0: not found
07-17 05:53:09.730 W/ActivityManager( 1657): Unable to start service Intent { cmp=com.android.email/.service.AttachmentService } U=0: not found
07-17 05:53:09.733 W/Launcher.LauncherProvider( 2534): Unable to add favorite: com.android.camera2/com.android.camera.CameraLauncher
07-17 05:53:09.733 W/Launcher.LauncherProvider( 2534): android.content.pm.PackageManager$NameNotFoundException: ComponentInfo{com.android.camera2/com.android.camera.CameraLauncher}
07-17 05:53:09.733 W/Launcher.LauncherProvider( 2534): 	at android.app.ApplicationPackageManager.getActivityInfo(ApplicationPackageManager.java:314)
07-17 05:53:09.733 W/Launcher.LauncherProvider( 2534): 	at com.android.launcher2.LauncherProvider$DatabaseHelper.addAppShortcut(LauncherProvider.java:997)
07-17 05:53:09.733 W/Launcher.LauncherProvider( 2534): 	at com.android.launcher2.LauncherProvider$DatabaseHelper.loadFavorites(LauncherProvider.java:901)
07-17 05:53:09.733 W/Launcher.LauncherProvider( 2534): 	at com.android.launcher2.LauncherProvider$DatabaseHelper.access$000(LauncherProvider.java:254)
07-17 05:53:09.733 W/Launcher.LauncherProvider( 2534): 	at com.android.launcher2.LauncherProvider.loadDefaultFavoritesIfNecessary(LauncherProvider.java:238)
07-17 05:53:09.733 W/Launcher.LauncherProvider( 2534): 	at com.android.launcher2.LauncherModel$LoaderTask.loadWorkspace(LauncherModel.java:1276)
07-17 05:53:09.733 W/Launcher.LauncherProvider( 2534): 	at com.android.launcher2.LauncherModel$LoaderTask.loadAndBindWorkspace(LauncherModel.java:1030)
07-17 05:53:09.733 W/Launcher.LauncherProvider( 2534): 	at com.android.launcher2.LauncherModel$LoaderTask.run(LauncherModel.java:1133)
07-17 05:53:09.733 W/Launcher.LauncherProvider( 2534): 	at android.os.Handler.handleCallback(Handler.java:739)
07-17 05:53:09.733 W/Launcher.LauncherProvider( 2534): 	at android.os.Handler.dispatchMessage(Handler.java:95)
07-17 05:53:09.733 W/Launcher.LauncherProvider( 2534): 	at android.os.Looper.loop(Looper.java:135)
07-17 05:53:09.733 W/Launcher.LauncherProvider( 2534): 	at android.os.HandlerThread.run(HandlerThread.java:61)
07-17 05:53:09.733 W/Launcher.LauncherProvider( 2534): Unable to add favorite: com.android.gallery3d/com.android.gallery3d.app.Gallery
07-17 05:53:09.733 W/Launcher.LauncherProvider( 2534): android.content.pm.PackageManager$NameNotFoundException: ComponentInfo{com.android.gallery3d/com.android.gallery3d.app.Gallery}
07-17 05:53:09.733 W/Launcher.LauncherProvider( 2534): 	at android.app.ApplicationPackageManager.getActivityInfo(ApplicationPackageManager.java:314)
07-17 05:53:09.733 W/Launcher.LauncherProvider( 2534): 	at com.android.launcher2.LauncherProvider$DatabaseHelper.addAppShortcut(LauncherProvider.java:997)
07-17 05:53:09.733 W/Launcher.LauncherProvider( 2534): 	at com.android.launcher2.LauncherProvider$DatabaseHelper.loadFavorites(LauncherProvider.java:901)
07-17 05:53:09.733 W/Launcher.LauncherProvider( 2534): 	at com.android.launcher2.LauncherProvider$DatabaseHelper.access$000(LauncherProvider.java:254)
07-17 05:53:09.733 W/Launcher.LauncherProvider( 2534): 	at com.android.launcher2.LauncherProvider.loadDefaultFavoritesIfNecessary(LauncherProvider.java:238)
07-17 05:53:09.733 W/Launcher.LauncherProvider( 2534): 	at com.android.launcher2.LauncherModel$LoaderTask.loadWorkspace(LauncherModel.java:1276)
07-17 05:53:09.733 W/Launcher.LauncherProvider( 2534): 	at com.android.launcher2.LauncherModel$LoaderTask.loadAndBindWorkspace(LauncherModel.java:1030)
07-17 05:53:09.733 W/Launcher.LauncherProvider( 2534): 	at com.android.launcher2.LauncherModel$LoaderTask.run(LauncherModel.java:1133)
07-17 05:53:09.733 W/Launcher.LauncherProvider( 2534): 	at android.os.Handler.handleCallback(Handler.java:739)
07-17 05:53:09.733 W/Launcher.LauncherProvider( 2534): 	at android.os.Handler.dispatchMessage(Handler.java:95)
07-17 05:53:09.733 W/Launcher.LauncherProvider( 2534): 	at android.os.Looper.loop(Looper.java:135)
07-17 05:53:09.733 W/Launcher.LauncherProvider( 2534): 	at android.os.HandlerThread.run(HandlerThread.java:61)
07-17 05:53:09.736 I/Exchange( 2519): EasService.onCreate
07-17 05:53:09.746 I/Email   ( 2558): Observing account changes for notifications
07-17 05:53:09.749 I/Exchange( 2519): RestartPingTask
07-17 05:53:09.765 W/ActivityManager( 1657): Unable to start service Intent { cmp=com.android.email/.service.AttachmentService } U=0: not found
07-17 05:53:09.784 W/ActivityManager( 1657): Unable to start service Intent { cmp=com.android.email/.service.AttachmentService } U=0: not found
07-17 05:53:09.789 D/EGL_emulation( 2128): eglCreateContext: 0xa4e320a0: maj 2 min 0 rcv 2
07-17 05:53:09.792 I/Exchange( 2519): RestartPingsTask did not start any pings.
07-17 05:53:09.792 I/Exchange( 2519): PSS stopIfIdle
07-17 05:53:09.792 I/Exchange( 2519): PSS has no active accounts; stopping service.
07-17 05:53:09.804 W/ActivityManager( 1657): Unable to start service Intent { cmp=com.android.email/.service.AttachmentService } U=0: not found
07-17 05:53:09.804 D/EGL_emulation( 2128): eglMakeCurrent: 0xa4e320a0: ver 2 0
07-17 05:53:09.814 D/OpenGLRenderer( 2128): Enabling debug mode 0
07-17 05:53:09.818 D/        ( 2534): HostConnection::get() New Host Connection established 0xa3e260b0, tid 2600
07-17 05:53:09.836 I/OpenGLRenderer( 2534): Initialized EGL, version 1.4
07-17 05:53:09.837 W/OpenGLRenderer( 2534): Failed to choose config with EGL_SWAP_BEHAVIOR_PRESERVED, retrying without...
07-17 05:53:09.839 D/EGL_emulation( 2128): eglMakeCurrent: 0xa4e320a0: ver 2 0
07-17 05:53:09.839 I/Exchange( 2519): onDestroy
07-17 05:53:09.842 I/Exchange( 2519): EasService.onCreate
07-17 05:53:09.857 E/libprocessgroup( 2630): failed to make and chown /acct/uid_10021: Read-only file system
07-17 05:53:09.857 W/Zygote  ( 2630): createProcessGroup failed, kernel missing CONFIG_CGROUP_CPUACCT?
07-17 05:53:09.864 I/ActivityManager( 1657): Start proc com.android.deskclock for broadcast com.android.deskclock/com.android.alarmclock.AnalogAppWidgetProvider: pid=2630 uid=10021 gids={50021, 9997, 1028} abi=x86
07-17 05:53:09.868 I/Exchange( 2519): RestartPingTask
07-17 05:53:09.882 I/Exchange( 2519): RestartPingsTask did not start any pings.
07-17 05:53:09.882 I/Exchange( 2519): PSS stopIfIdle
07-17 05:53:09.882 I/Exchange( 2519): PSS has no active accounts; stopping service.
07-17 05:53:09.885 I/Exchange( 2519): onDestroy
07-17 05:53:09.901 D/EGL_emulation( 2534): eglCreateContext: 0xa3e240a0: maj 2 min 0 rcv 2
07-17 05:53:09.906 D/EGL_emulation( 2534): eglMakeCurrent: 0xa3e240a0: ver 2 0
07-17 05:53:09.908 D/OpenGLRenderer( 2534): Enabling debug mode 0
07-17 05:53:09.921 D/EGL_emulation( 2534): eglMakeCurrent: 0xa3e240a0: ver 2 0
07-17 05:53:09.943 D/EGL_emulation( 2128): eglMakeCurrent: 0xa4e320a0: ver 2 0
07-17 05:53:09.947 D/        ( 1176): HostConnection::get() New Host Connection established 0xb2910100, tid 2598
07-17 05:53:09.961 D/WifiService( 1657): New client listening to asynchronous messages
07-17 05:53:10.021 D/OpenGLRenderer( 2128): setting property extraRasterBucket to 0.95
07-17 05:53:10.021 D/OpenGLRenderer( 2128):     failed
07-17 05:53:10.021 D/OpenGLRenderer( 2128): setting property extraRasterBucket to 0.0
07-17 05:53:10.021 D/OpenGLRenderer( 2128):     failed
07-17 05:53:10.026 D/EGL_emulation( 2128): eglMakeCurrent: 0xa4e320a0: ver 2 0
07-17 05:53:10.093 D/EGL_emulation( 2128): eglMakeCurrent: 0xa4e320a0: ver 2 0
07-17 05:53:10.096 V/RenderScript( 2534): 0xa3e42600 Launching thread(s), CPUs 4
07-17 05:53:10.126 D/EGL_emulation( 2128): eglMakeCurrent: 0xa4e320a0: ver 2 0
07-17 05:53:10.145 W/InputMethodManagerService( 1657): Focus gain on non-focused client com.android.internal.view.IInputMethodClient$Stub$Proxy@197f3d23 (uid=10007 pid=2534)
07-17 05:53:10.156 I/ActivityManager( 1657): Displayed com.android.launcher/com.android.launcher2.Launcher: +932ms (total +2s17ms)
07-17 05:53:10.346 V/KeyguardServiceDelegate( 1657): *** Keyguard started
07-17 05:53:10.347 W/KeyguardServiceDelegate( 1657): onScreenTurnedOn(): no keyguard service!
07-17 05:53:10.347 V/KeyguardServiceDelegate( 1657): *** Keyguard connected (yay!)
07-17 05:53:10.350 I/SurfaceFlinger( 1176): Boot is finished (14128 ms)
07-17 05:53:10.352 V/KeyguardServiceDelegate( 1657): **** SHOWN CALLED ****
07-17 05:53:10.419 W/ResourceType( 2534): No package identifier when getting value for resource number 0x00000000
07-17 05:53:10.419 W/ResourceType( 2534): No package identifier when getting value for resource number 0x00000000
07-17 05:53:10.419 W/PackageManager( 2534): Failure retrieving resources for com.android.speechrecorder: Resource ID #0x0
07-17 05:53:10.419 W/ResourceType( 2534): No package identifier when getting value for resource number 0x00000000
07-17 05:53:10.419 W/PackageManager( 2534): Failure retrieving resources for com.android.speechrecorder: Resource ID #0x0
07-17 05:53:10.624 I/SystemServiceManager( 1657): Starting phase 1000
07-17 05:53:10.661 E/libprocessgroup( 2663): failed to make and chown /acct/uid_1000: Read-only file system
07-17 05:53:10.661 W/Zygote  ( 2663): createProcessGroup failed, kernel missing CONFIG_CGROUP_CPUACCT?
07-17 05:53:10.670 I/ActivityManager( 1657): Start proc com.android.keychain for service com.android.keychain/.KeyChainService: pid=2663 uid=1000 gids={41000, 9997, 1028, 1015, 3002, 3001, 3003} abi=x86
07-17 05:53:10.681 I/RecoverySystem( 1657): No recovery log file
07-17 05:53:10.689 I/BootReceiver( 1657): Copying audit failures to DropBox
07-17 05:53:10.689 I/BootReceiver( 1657): Checking for fsck errors
07-17 05:53:10.690 I/BootReceiver( 1657): Copying /dev/fscklogs/log to DropBox (SYSTEM_FSCK)
07-17 05:53:10.691 E/SharedPreferencesImpl( 1657): Couldn't create directory for SharedPreferences file shared_prefs/log_files.xml
07-17 05:53:10.693 E/libprocessgroup( 2684): failed to make and chown /acct/uid_10004: Read-only file system
07-17 05:53:10.693 W/Zygote  ( 2684): createProcessGroup failed, kernel missing CONFIG_CGROUP_CPUACCT?
07-17 05:53:10.701 I/ActivityManager( 1657): Start proc com.android.dialer for broadcast com.android.dialer/.calllog.CallLogReceiver: pid=2684 uid=10004 gids={50004, 9997, 3003, 1028, 1015} abi=x86
07-17 05:53:10.758 D/ExtensionsFactory( 2684): No custom extensions.
07-17 05:53:10.836 D/ConnectivityService( 1657): Got NetworkFactory Messenger for Telephony
07-17 05:53:10.851 W/OpenGLRenderer( 2534): Incorrectly called buildLayer on View: ShortcutAndWidgetContainer, destroying layer...
07-17 05:53:10.851 W/OpenGLRenderer( 2534): Incorrectly called buildLayer on View: ShortcutAndWidgetContainer, destroying layer...
07-17 05:53:10.851 W/OpenGLRenderer( 2534): Incorrectly called buildLayer on View: ShortcutAndWidgetContainer, destroying layer...
07-17 05:53:10.862 D/TelephonyProvider( 2301): dbh.onCreate:+ db=SQLiteDatabase: /data/data/com.android.providers.telephony/databases/telephony.db
07-17 05:53:10.862 D/TelephonyProvider( 2301): dbh.createSimInfoTable:+
07-17 05:53:10.863 D/TelephonyProvider( 2301): dbh.createSimInfoTable:-
07-17 05:53:10.863 D/TelephonyProvider( 2301): dbh.createCarriersTable:+
07-17 05:53:10.864 D/TelephonyProvider( 2301): dbh.createCarriersTable:-
07-17 05:53:10.876 D/TelephonyProvider( 2301): dbh.onCreate:- db=SQLiteDatabase: /data/data/com.android.providers.telephony/databases/telephony.db
07-17 05:53:10.881 D/TelephonyProvider( 2301): dbh.onOpen: ok, queried table=siminfo
07-17 05:53:10.881 D/TelephonyProvider( 2301): dbh.onOpen: ok, queried table=carriers
07-17 05:53:10.925 I/art     ( 1657): Explicit concurrent mark sweep GC freed 12650(1154KB) AllocSpace objects, 11(415KB) LOS objects, 33% free, 6MB/9MB, paused 901us total 17.072ms
07-17 05:53:10.933 D/GpsLocationProvider( 1657): received SIM realted action: android.intent.action.SIM_STATE_CHANGED
07-17 05:53:10.934 D/GpsLocationProvider( 1657): SIM MCC/MNC is still not available
07-17 05:53:10.935 D/DcSwitchState( 2301): [DcSwitchState-0] DcSwitchState constructor E
07-17 05:53:10.935 D/DcSwitchState( 2301): [DcSwitchState-0] DcSwitchState constructor X
07-17 05:53:10.937 D/DctController( 2301): [DctController] DctController(phones): Connect success: 0
07-17 05:53:10.949 W/BackupManagerService( 1657): dataChanged but no participant pkg='com.android.providers.settings' uid=1001
07-17 05:53:10.951 I/PackageManager( 1657): Replacing preferred activity com.android.mms/.ui.ComposeMessageActivity for user 0:
07-17 05:53:10.952 I/PackageManager( 1657):   Action: "android.intent.action.SENDTO"
07-17 05:53:10.952 I/PackageManager( 1657):   Category: "android.intent.category.DEFAULT"
07-17 05:53:10.952 I/PackageManager( 1657):   Scheme: "sms"
07-17 05:53:10.958 I/PackageManager( 1657): Replacing preferred activity com.android.mms/.ui.ComposeMessageActivity for user 0:
07-17 05:53:10.958 I/PackageManager( 1657):   Action: "android.intent.action.SENDTO"
07-17 05:53:10.958 I/PackageManager( 1657):   Category: "android.intent.category.DEFAULT"
07-17 05:53:10.958 I/PackageManager( 1657):   Scheme: "smsto"
07-17 05:53:10.965 I/PackageManager( 1657): Replacing preferred activity com.android.mms/.ui.ComposeMessageActivity for user 0:
07-17 05:53:10.965 I/PackageManager( 1657):   Action: "android.intent.action.SENDTO"
07-17 05:53:10.965 I/PackageManager( 1657):   Category: "android.intent.category.DEFAULT"
07-17 05:53:10.965 I/PackageManager( 1657):   Scheme: "mms"
07-17 05:53:10.971 I/PackageManager( 1657): Replacing preferred activity com.android.mms/.ui.ComposeMessageActivity for user 0:
07-17 05:53:10.971 I/PackageManager( 1657):   Action: "android.intent.action.SENDTO"
07-17 05:53:10.971 I/PackageManager( 1657):   Category: "android.intent.category.DEFAULT"
07-17 05:53:10.971 I/PackageManager( 1657):   Scheme: "mmsto"
07-17 05:53:11.006 E/BluetoothAdapter( 2301): Bluetooth binder is null
07-17 05:53:11.035 D/ConnectivityService( 1657): Got NetworkFactory Messenger for WIFI
07-17 05:53:11.035 D/WIFI    ( 1657): got request NetworkRequest [ id=1, legacyType=-1, [ Capabilities: INTERNET&NOT_RESTRICTED&TRUSTED&NOT_VPN] ] with score 0
07-17 05:53:11.056 E/libprocessgroup( 2727): failed to make and chown /acct/uid_10017: Read-only file system
07-17 05:53:11.056 W/Zygote  ( 2727): createProcessGroup failed, kernel missing CONFIG_CGROUP_CPUACCT?
07-17 05:53:11.062 I/ActivityManager( 1657): Start proc com.android.calendar for broadcast com.android.calendar/.UpgradeReceiver: pid=2727 uid=10017 gids={50017, 9997, 3003} abi=x86
07-17 05:53:11.083 D/AlarmManagerService( 1657): Kernel timezone updated to 0 minutes west of GMT
07-17 05:53:11.088 D/AlarmManagerService( 1657): Setting time of day to sec=1563342792
07-17 05:53:12.519 D/ExtensionsFactory( 2727): No custom extensions.
07-17 05:53:12.545 E/libprocessgroup( 2748): failed to make and chown /acct/uid_10001: Read-only file system
07-17 05:53:12.545 W/Zygote  ( 2748): createProcessGroup failed, kernel missing CONFIG_CGROUP_CPUACCT?
07-17 05:53:12.556 I/ActivityManager( 1657): Start proc com.android.providers.calendar for broadcast com.android.providers.calendar/.CalendarReceiver: pid=2748 uid=10001 gids={50001, 9997, 3003, 1028, 1015} abi=x86
07-17 05:53:12.585 W/ResourcesManager( 2748): Asset path '/system/framework/android.test.runner.jar' does not exist or contains no resources.
07-17 05:53:12.600 D/TelephonyNetworkFactory( 2301): got request NetworkRequest [ id=1, legacyType=-1, [ Capabilities: INTERNET&NOT_RESTRICTED&TRUSTED&NOT_VPN] ] with score 0
07-17 05:53:12.600 D/TelephonyNetworkFactory( 2301): Cellular needs Network for NetworkRequest [ id=1, legacyType=-1, [ Capabilities: INTERNET&NOT_RESTRICTED&TRUSTED&NOT_VPN] ]
07-17 05:53:12.602 D/DctController( 2301): [DctController] EVENT_PHONE1_RADIO_OFF.
07-17 05:53:12.603 D/TelephonyDebugService( 2301): TelephonyDebugService()
07-17 05:53:12.613 I/CalendarDatabaseHelper( 2748): Bootstrapping database
07-17 05:53:12.630 D/DctController( 2301): [DctController] DataStateReceiver: phoneId= 0
07-17 05:53:12.630 D/DctController( 2301): [DctController] DataStateReceiver: ignore invalid subId=-1
07-17 05:53:12.642 I/CalendarProvider2( 2748): Created com.android.providers.calendar.CalendarAlarmManager@2407faaa(com.android.providers.calendar.CalendarProvider2@f41b69b)
07-17 05:53:12.663 E/libprocessgroup( 2774): failed to make and chown /acct/uid_10008: Read-only file system
07-17 05:53:12.664 W/Zygote  ( 2774): createProcessGroup failed, kernel missing CONFIG_CGROUP_CPUACCT?
07-17 05:53:12.673 I/ActivityManager( 1657): Start proc com.android.managedprovisioning for broadcast com.android.managedprovisioning/.BootReminder: pid=2774 uid=10008 gids={50008, 9997, 1028, 3003} abi=x86
07-17 05:53:12.679 D/MccTable( 2301): updateMccMncConfiguration mccmnc='310260' fromServiceState=true
07-17 05:53:12.679 D/MccTable( 2301): updateMccMncConfiguration defaultMccMnc=
07-17 05:53:12.679 D/MccTable( 2301): updateMccMncConfiguration: mcc=310, mnc=260
