07-17 05:52:59.480 W/Resources( 1191): Preloaded drawable resource #0x108021e (android:drawable/btn_star_off_disabled_focused_holo_light) that varies with configuration!!
07-17 05:52:59.480 W/Resources( 1191): Preloaded drawable resource #0x1080220 (android:drawable/btn_star_off_disabled_holo_light) that varies with configuration!!
07-17 05:52:59.481 W/Resources( 1191): Preloaded drawable resource #0x1080224 (android:drawable/btn_star_off_normal_holo_light) that varies with configuration!!
07-17 05:52:59.482 W/Resources( 1191): Preloaded drawable resource #0x108022e (android:drawable/btn_star_on_normal_holo_light) that varies with configuration!!
07-17 05:52:59.482 W/Resources( 1191): Preloaded drawable resource #0x1080219 (android:drawable/btn_star_holo_light) that varies with configuration!!
07-17 05:52:59.485 D/AndroidRuntime( 1593): Shutting down VM
07-17 05:52:59.489 I/art     ( 1191): Explicit concurrent mark sweep GC freed 374(409KB) AllocSpace objects, 0(0B) LOS objects, 66% free, 1557KB/4MB, paused 511us total 6.095ms
07-17 05:52:59.491 W/Resources( 1191): Preloaded drawable resource #0x1080223 (android:drawable/btn_star_off_normal_holo_dark) that varies with configuration!!
07-17 05:52:59.491 W/Resources( 1191): Preloaded drawable resource #0x108022d (android:drawable/btn_star_on_normal_holo_dark) that varies with configuration!!
07-17 05:52:59.497 I/art     ( 1593): Debugger is no longer active
07-17 05:52:59.499 I/art     ( 1191): Explicit concurrent mark sweep GC freed 144(62KB) AllocSpace objects, 0(0B) LOS objects, 66% free, 1553KB/4MB, paused 911us total 7.786ms
07-17 05:52:59.501 W/Resources( 1191): Preloaded drawable resource #0x1080229 (android:drawable/btn_star_on_disabled_holo_dark) that varies with configuration!!
07-17 05:52:59.501 W/Resources( 1191): Preloaded drawable resource #0x108021f (android:drawable/btn_star_off_disabled_holo_dark) that varies with configuration!!
07-17 05:52:59.505 I/art     ( 1191): Explicit concurrent mark sweep GC freed 59(58KB) AllocSpace objects, 0(0B) LOS objects, 66% free, 1553KB/4MB, paused 335us total 3.566ms
07-17 05:52:59.506 W/Resources( 1191): Preloaded drawable resource #0x108022f (android:drawable/btn_star_on_pressed_holo_dark) that varies with configuration!!
07-17 05:52:59.507 W/Resources( 1191): Preloaded drawable resource #0x1080225 (android:drawable/btn_star_off_pressed_holo_dark) that varies with configuration!!
07-17 05:52:59.511 I/art     ( 1191): Explicit concurrent mark sweep GC freed 59(58KB) AllocSpace objects, 0(0B) LOS objects, 66% free, 1554KB/4MB, paused 365us total 4.104ms
07-17 05:52:59.513 W/Resources( 1191): Preloaded drawable resource #0x108022b (android:drawable/btn_star_on_focused_holo_dark) that varies with configuration!!
07-17 05:52:59.513 W/Resources( 1191): Preloaded drawable resource #0x1080221 (android:drawable/btn_star_off_focused_holo_dark) that varies with configuration!!
07-17 05:52:59.517 I/art     ( 1191): Explicit concurrent mark sweep GC freed 59(58KB) AllocSpace objects, 0(0B) LOS objects, 66% free, 1554KB/4MB, paused 384us total 3.872ms
07-17 05:52:59.519 W/Resources( 1191): Preloaded drawable resource #0x1080227 (android:drawable/btn_star_on_disabled_focused_holo_dark) that varies with configuration!!
07-17 05:52:59.520 W/Resources( 1191): Preloaded drawable resource #0x108021d (android:drawable/btn_star_off_disabled_focused_holo_dark) that varies with configuration!!
07-17 05:52:59.525 I/art     ( 1191): Explicit concurrent mark sweep GC freed 59(58KB) AllocSpace objects, 0(0B) LOS objects, 66% free, 1554KB/4MB, paused 597us total 4.447ms
07-17 05:52:59.526 W/Resources( 1191): Preloaded drawable resource #0x1080223 (android:drawable/btn_star_off_normal_holo_dark) that varies with configuration!!
07-17 05:52:59.526 W/Resources( 1191): Preloaded drawable resource #0x108022d (android:drawable/btn_star_on_normal_holo_dark) that varies with configuration!!
07-17 05:52:59.527 W/Resources( 1191): Preloaded drawable resource #0x1080229 (android:drawable/btn_star_on_disabled_holo_dark) that varies with configuration!!
07-17 05:52:59.527 W/Resources( 1191): Preloaded drawable resource #0x108021f (android:drawable/btn_star_off_disabled_holo_dark) that varies with configuration!!
07-17 05:52:59.528 W/Resources( 1191): Preloaded drawable resource #0x108022f (android:drawable/btn_star_on_pressed_holo_dark) that varies with configuration!!
07-17 05:52:59.528 W/Resources( 1191): Preloaded drawable resource #0x1080225 (android:drawable/btn_star_off_pressed_holo_dark) that varies with configuration!!
07-17 05:52:59.529 W/Resources( 1191): Preloaded drawable resource #0x108022b (android:drawable/btn_star_on_focused_holo_dark) that varies with configuration!!
07-17 05:52:59.529 W/Resources( 1191): Preloaded drawable resource #0x1080221 (android:drawable/btn_star_off_focused_holo_dark) that varies with configuration!!
07-17 05:52:59.530 W/Resources( 1191): Preloaded drawable resource #0x1080227 (android:drawable/btn_star_on_disabled_focused_holo_dark) that varies with configuration!!
07-17 05:52:59.531 W/Resources( 1191): Preloaded drawable resource #0x1080229 (android:drawable/btn_star_on_disabled_holo_dark) that varies with configuration!!
07-17 05:52:59.531 W/Resources( 1191): Preloaded drawable resource #0x108021d (android:drawable/btn_star_off_disabled_focused_holo_dark) that varies with configuration!!
07-17 05:52:59.532 W/Resources( 1191): Preloaded drawable resource #0x108021f (android:drawable/btn_star_off_disabled_holo_dark) that varies with configuration!!
07-17 05:52:59.532 W/Resources( 1191): Preloaded drawable resource #0x1080223 (android:drawable/btn_star_off_normal_holo_dark) that varies with configuration!!
07-17 05:52:59.533 W/Resources( 1191): Preloaded drawable resource #0x108022d (android:drawable/btn_star_on_normal_holo_dark) that varies with configuration!!
07-17 05:52:59.533 W/Resources( 1191): Preloaded drawable resource #0x1080218 (android:drawable/btn_star_holo_dark) that varies with configuration!!
07-17 05:52:59.537 I/art     ( 1191): Explicit concurrent mark sweep GC freed 374(409KB) AllocSpace objects, 0(0B) LOS objects, 66% free, 1558KB/4MB, paused 389us total 4.140ms
07-17 05:52:59.539 W/Resources( 1191): Preloaded drawable resource #0x1080264 (android:drawable/btn_toggle_on_pressed_holo_light) that varies with configuration!!
07-17 05:52:59.539 W/Resources( 1191): Preloaded drawable resource #0x1080263 (android:drawable/btn_toggle_on_pressed_holo_dark) that varies with configuration!!
07-17 05:52:59.543 I/art     ( 1191): Explicit concurrent mark sweep GC freed 142(7KB) AllocSpace objects, 0(0B) LOS objects, 66% free, 1600KB/4MB, paused 300us total 3.414ms
07-17 05:52:59.545 W/Resources( 1191): Preloaded drawable resource #0x1080262 (android:drawable/btn_toggle_on_normal_holo_light) that varies with configuration!!
07-17 05:52:59.545 W/Resources( 1191): Preloaded drawable resource #0x1080261 (android:drawable/btn_toggle_on_normal_holo_dark) that varies with configuration!!
07-17 05:52:59.545 W/Resources( 1191): Preloaded drawable resource #0x1080260 (android:drawable/btn_toggle_on_focused_holo_light) that varies with configuration!!
07-17 05:52:59.549 I/art     ( 1191): Explicit concurrent mark sweep GC freed 89(50KB) AllocSpace objects, 0(0B) LOS objects, 66% free, 1623KB/4MB, paused 312us total 3.236ms
07-17 05:52:59.550 W/Resources( 1191): Preloaded drawable resource #0x108025f (android:drawable/btn_toggle_on_focused_holo_dark) that varies with configuration!!
07-17 05:52:59.550 W/Resources( 1191): Preloaded drawable resource #0x108025e (android:drawable/btn_toggle_on_disabled_holo_light) that varies with configuration!!
07-17 05:52:59.555 I/art     ( 1191): Explicit concurrent mark sweep GC freed 81(71KB) AllocSpace objects, 0(0B) LOS objects, 66% free, 1601KB/4MB, paused 340us total 4.046ms
07-17 05:52:59.556 W/Resources( 1191): Preloaded drawable resource #0x108025d (android:drawable/btn_toggle_on_disabled_holo_dark) that varies with configuration!!
07-17 05:52:59.556 W/Resources( 1191): Preloaded drawable resource #0x108025c (android:drawable/btn_toggle_on_disabled_focused_holo_light) that varies with configuration!!
07-17 05:52:59.560 I/art     ( 1191): Explicit concurrent mark sweep GC freed 69(48KB) AllocSpace objects, 0(0B) LOS objects, 66% free, 1601KB/4MB, paused 457us total 3.648ms
07-17 05:52:59.561 W/Resources( 1191): Preloaded drawable resource #0x108025b (android:drawable/btn_toggle_on_disabled_focused_holo_dark) that varies with configuration!!
07-17 05:52:59.562 W/Resources( 1191): Preloaded drawable resource #0x1080259 (android:drawable/btn_toggle_off_pressed_holo_light) that varies with configuration!!
07-17 05:52:59.565 I/art     ( 1191): Explicit concurrent mark sweep GC freed 69(48KB) AllocSpace objects, 0(0B) LOS objects, 66% free, 1601KB/4MB, paused 306us total 3.145ms
07-17 05:52:59.566 W/Resources( 1191): Preloaded drawable resource #0x1080258 (android:drawable/btn_toggle_off_pressed_holo_dark) that varies with configuration!!
07-17 05:52:59.567 W/Resources( 1191): Preloaded drawable resource #0x1080257 (android:drawable/btn_toggle_off_normal_holo_light) that varies with configuration!!
07-17 05:52:59.571 I/art     ( 1191): Explicit concurrent mark sweep GC freed 69(48KB) AllocSpace objects, 0(0B) LOS objects, 66% free, 1602KB/4MB, paused 438us total 3.963ms
07-17 05:52:59.572 W/Resources( 1191): Preloaded drawable resource #0x1080256 (android:drawable/btn_toggle_off_normal_holo_dark) that varies with configuration!!
07-17 05:52:59.573 W/Resources( 1191): Preloaded drawable resource #0x1080255 (android:drawable/btn_toggle_off_focused_holo_light) that varies with configuration!!
07-17 05:52:59.577 I/art     ( 1191): Explicit concurrent mark sweep GC freed 69(48KB) AllocSpace objects, 0(0B) LOS objects, 66% free, 1602KB/4MB, paused 371us total 3.906ms
07-17 05:52:59.578 W/Resources( 1191): Preloaded drawable resource #0x1080254 (android:drawable/btn_toggle_off_focused_holo_dark) that varies with configuration!!
07-17 05:52:59.579 W/Resources( 1191): Preloaded drawable resource #0x1080253 (android:drawable/btn_toggle_off_disabled_holo_light) that varies with configuration!!
07-17 05:52:59.583 I/art     ( 1191): Explicit concurrent mark sweep GC freed 69(48KB) AllocSpace objects, 0(0B) LOS objects, 66% free, 1602KB/4MB, paused 281us total 3.756ms
07-17 05:52:59.584 W/Resources( 1191): Preloaded drawable resource #0x1080252 (android:drawable/btn_toggle_off_disabled_holo_dark) that varies with configuration!!
07-17 05:52:59.584 W/Resources( 1191): Preloaded drawable resource #0x1080251 (android:drawable/btn_toggle_off_disabled_focused_holo_light) that varies with configuration!!
07-17 05:52:59.588 I/art     ( 1191): Explicit concurrent mark sweep GC freed 69(48KB) AllocSpace objects, 0(0B) LOS objects, 66% free, 1603KB/4MB, paused 316us total 3.758ms
07-17 05:52:59.589 W/Resources( 1191): Preloaded drawable resource #0x1080250 (android:drawable/btn_toggle_off_disabled_focused_holo_dark) that varies with configuration!!
07-17 05:52:59.590 W/Resources( 1191): Preloaded drawable resource #0x1080262 (android:drawable/btn_toggle_on_normal_holo_light) that varies with configuration!!
07-17 05:52:59.590 W/Resources( 1191): Preloaded drawable resource #0x108025e (android:drawable/btn_toggle_on_disabled_holo_light) that varies with configuration!!
07-17 05:52:59.591 W/Resources( 1191): Preloaded drawable resource #0x1080264 (android:drawable/btn_toggle_on_pressed_holo_light) that varies with configuration!!
07-17 05:52:59.592 W/Resources( 1191): Preloaded drawable resource #0x1080260 (android:drawable/btn_toggle_on_focused_holo_light) that varies with configuration!!
07-17 05:52:59.592 W/Resources( 1191): Preloaded drawable resource #0x1080262 (android:drawable/btn_toggle_on_normal_holo_light) that varies with configuration!!
07-17 05:52:59.593 W/Resources( 1191): Preloaded drawable resource #0x108025c (android:drawable/btn_toggle_on_disabled_focused_holo_light) that varies with configuration!!
07-17 05:52:59.593 W/Resources( 1191): Preloaded drawable resource #0x108025e (android:drawable/btn_toggle_on_disabled_holo_light) that varies with configuration!!
07-17 05:52:59.593 W/Resources( 1191): Preloaded drawable resource #0x1080257 (android:drawable/btn_toggle_off_normal_holo_light) that varies with configuration!!
07-17 05:52:59.594 W/Resources( 1191): Preloaded drawable resource #0x1080253 (android:drawable/btn_toggle_off_disabled_holo_light) that varies with configuration!!
07-17 05:52:59.594 W/Resources( 1191): Preloaded drawable resource #0x1080259 (android:drawable/btn_toggle_off_pressed_holo_light) that varies with configuration!!
07-17 05:52:59.595 W/Resources( 1191): Preloaded drawable resource #0x1080255 (android:drawable/btn_toggle_off_focused_holo_light) that varies with configuration!!
07-17 05:52:59.595 W/Resources( 1191): Preloaded drawable resource #0x1080257 (android:drawable/btn_toggle_off_normal_holo_light) that varies with configuration!!
07-17 05:52:59.596 W/Resources( 1191): Preloaded drawable resource #0x1080251 (android:drawable/btn_toggle_off_disabled_focused_holo_light) that varies with configuration!!
07-17 05:52:59.596 W/Resources( 1191): Preloaded drawable resource #0x1080253 (android:drawable/btn_toggle_off_disabled_holo_light) that varies with configuration!!
07-17 05:52:59.596 W/Resources( 1191): Preloaded drawable resource #0x108024c (android:drawable/btn_toggle_holo_light) that varies with configuration!!
07-17 05:52:59.600 I/art     ( 1191): Explicit concurrent mark sweep GC freed 392(69KB) AllocSpace objects, 0(0B) LOS objects, 66% free, 1901KB/5MB, paused 359us total 3.868ms
07-17 05:52:59.604 W/Resources( 1191): Preloaded drawable resource #0x1080261 (android:drawable/btn_toggle_on_normal_holo_dark) that varies with configuration!!
07-17 05:52:59.604 W/Resources( 1191): Preloaded drawable resource #0x108025d (android:drawable/btn_toggle_on_disabled_holo_dark) that varies with configuration!!
07-17 05:52:59.605 W/Resources( 1191): Preloaded drawable resource #0x1080263 (android:drawable/btn_toggle_on_pressed_holo_dark) that varies with configuration!!
07-17 05:52:59.605 W/Resources( 1191): Preloaded drawable resource #0x108025f (android:drawable/btn_toggle_on_focused_holo_dark) that varies with configuration!!
07-17 05:52:59.605 W/Resources( 1191): Preloaded drawable resource #0x1080261 (android:drawable/btn_toggle_on_normal_holo_dark) that varies with configuration!!
07-17 05:52:59.606 W/Resources( 1191): Preloaded drawable resource #0x108025b (android:drawable/btn_toggle_on_disabled_focused_holo_dark) that varies with configuration!!
07-17 05:52:59.606 W/Resources( 1191): Preloaded drawable resource #0x108025d (android:drawable/btn_toggle_on_disabled_holo_dark) that varies with configuration!!
07-17 05:52:59.607 W/Resources( 1191): Preloaded drawable resource #0x1080256 (android:drawable/btn_toggle_off_normal_holo_dark) that varies with configuration!!
07-17 05:52:59.607 W/Resources( 1191): Preloaded drawable resource #0x1080252 (android:drawable/btn_toggle_off_disabled_holo_dark) that varies with configuration!!
07-17 05:52:59.608 W/Resources( 1191): Preloaded drawable resource #0x1080258 (android:drawable/btn_toggle_off_pressed_holo_dark) that varies with configuration!!
07-17 05:52:59.608 W/Resources( 1191): Preloaded drawable resource #0x1080254 (android:drawable/btn_toggle_off_focused_holo_dark) that varies with configuration!!
07-17 05:52:59.608 W/Resources( 1191): Preloaded drawable resource #0x1080256 (android:drawable/btn_toggle_off_normal_holo_dark) that varies with configuration!!
07-17 05:52:59.609 W/Resources( 1191): Preloaded drawable resource #0x1080250 (android:drawable/btn_toggle_off_disabled_focused_holo_dark) that varies with configuration!!
07-17 05:52:59.609 W/Resources( 1191): Preloaded drawable resource #0x1080252 (android:drawable/btn_toggle_off_disabled_holo_dark) that varies with configuration!!
07-17 05:52:59.609 W/Resources( 1191): Preloaded drawable resource #0x108024b (android:drawable/btn_toggle_holo_dark) that varies with configuration!!
07-17 05:52:59.614 I/art     ( 1191): Explicit concurrent mark sweep GC freed 541(366KB) AllocSpace objects, 0(0B) LOS objects, 66% free, 1878KB/5MB, paused 345us total 3.972ms
07-17 05:52:59.619 W/Resources( 1191): Preloaded drawable resource #0x1080726 (android:drawable/textfield_multiline_default_holo_light) that varies with configuration!!
07-17 05:52:59.620 W/Resources( 1191): Preloaded drawable resource #0x108072a (android:drawable/textfield_multiline_disabled_holo_light) that varies with configuration!!
07-17 05:52:59.620 W/Resources( 1191): Preloaded drawable resource #0x1080724 (android:drawable/textfield_multiline_activated_holo_light) that varies with configuration!!
07-17 05:52:59.621 W/Resources( 1191): Preloaded drawable resource #0x108072c (android:drawable/textfield_multiline_focused_holo_light) that varies with configuration!!
07-17 05:52:59.621 W/Resources( 1191): Preloaded drawable resource #0x1080726 (android:drawable/textfield_multiline_default_holo_light) that varies with configuration!!
07-17 05:52:59.622 W/Resources( 1191): Preloaded drawable resource #0x1080728 (android:drawable/textfield_multiline_disabled_focused_holo_light) that varies with configuration!!
07-17 05:52:59.622 W/Resources( 1191): Preloaded drawable resource #0x108072a (android:drawable/textfield_multiline_disabled_holo_light) that varies with configuration!!
07-17 05:52:59.625 W/Resources( 1191): Preloaded drawable resource #0x1080718 (android:drawable/textfield_default_holo_light) that varies with configuration!!
07-17 05:52:59.626 W/Resources( 1191): Preloaded drawable resource #0x108071e (android:drawable/textfield_disabled_holo_light) that varies with configuration!!
07-17 05:52:59.627 W/Resources( 1191): Preloaded drawable resource #0x108070f (android:drawable/textfield_activated_holo_light) that varies with configuration!!
07-17 05:52:59.627 W/Resources( 1191): Preloaded drawable resource #0x1080721 (android:drawable/textfield_focused_holo_light) that varies with configuration!!
07-17 05:52:59.627 W/Resources( 1191): Preloaded drawable resource #0x1080718 (android:drawable/textfield_default_holo_light) that varies with configuration!!
07-17 05:52:59.628 W/Resources( 1191): Preloaded drawable resource #0x108071c (android:drawable/textfield_disabled_focused_holo_light) that varies with configuration!!
07-17 05:52:59.628 W/Resources( 1191): Preloaded drawable resource #0x108071e (android:drawable/textfield_disabled_holo_light) that varies with configuration!!
07-17 05:52:59.628 W/Resources( 1191): Preloaded drawable resource #0x10802cc (android:drawable/edit_text_holo_light) that varies with configuration!!
07-17 05:52:59.633 I/art     ( 1191): Explicit concurrent mark sweep GC freed 528(343KB) AllocSpace objects, 0(0B) LOS objects, 66% free, 1879KB/5MB, paused 373us total 3.878ms
07-17 05:52:59.634 W/Resources( 1191): Preloaded drawable resource #0x1080725 (android:drawable/textfield_multiline_default_holo_dark) that varies with configuration!!
07-17 05:52:59.635 W/Resources( 1191): Preloaded drawable resource #0x1080729 (android:drawable/textfield_multiline_disabled_holo_dark) that varies with configuration!!
07-17 05:52:59.635 W/Resources( 1191): Preloaded drawable resource #0x1080723 (android:drawable/textfield_multiline_activated_holo_dark) that varies with configuration!!
07-17 05:52:59.636 W/Resources( 1191): Preloaded drawable resource #0x108072b (android:drawable/textfield_multiline_focused_holo_dark) that varies with configuration!!
07-17 05:52:59.636 W/Resources( 1191): Preloaded drawable resource #0x1080725 (android:drawable/textfield_multiline_default_holo_dark) that varies with configuration!!
07-17 05:52:59.636 W/Resources( 1191): Preloaded drawable resource #0x1080727 (android:drawable/textfield_multiline_disabled_focused_holo_dark) that varies with configuration!!
07-17 05:52:59.637 W/Resources( 1191): Preloaded drawable resource #0x1080729 (android:drawable/textfield_multiline_disabled_holo_dark) that varies with configuration!!
07-17 05:52:59.637 W/Resources( 1191): Preloaded drawable resource #0x1080717 (android:drawable/textfield_default_holo_dark) that varies with configuration!!
07-17 05:52:59.638 W/Resources( 1191): Preloaded drawable resource #0x108071d (android:drawable/textfield_disabled_holo_dark) that varies with configuration!!
07-17 05:52:59.638 W/Resources( 1191): Preloaded drawable resource #0x108070e (android:drawable/textfield_activated_holo_dark) that varies with configuration!!
07-17 05:52:59.638 W/Resources( 1191): Preloaded drawable resource #0x1080720 (android:drawable/textfield_focused_holo_dark) that varies with configuration!!
07-17 05:52:59.639 W/Resources( 1191): Preloaded drawable resource #0x1080717 (android:drawable/textfield_default_holo_dark) that varies with configuration!!
07-17 05:52:59.639 W/Resources( 1191): Preloaded drawable resource #0x108071b (android:drawable/textfield_disabled_focused_holo_dark) that varies with configuration!!
07-17 05:52:59.640 W/Resources( 1191): Preloaded drawable resource #0x108071d (android:drawable/textfield_disabled_holo_dark) that varies with configuration!!
07-17 05:52:59.640 W/Resources( 1191): Preloaded drawable resource #0x10802cb (android:drawable/edit_text_holo_dark) that varies with configuration!!
07-17 05:52:59.644 I/art     ( 1191): Explicit concurrent mark sweep GC freed 528(342KB) AllocSpace objects, 0(0B) LOS objects, 66% free, 1881KB/5MB, paused 323us total 3.985ms
07-17 05:52:59.650 W/Resources( 1191): Preloaded drawable resource #0x1080705 (android:drawable/text_select_handle_left) that varies with configuration!!
07-17 05:52:59.654 I/art     ( 1191): Explicit concurrent mark sweep GC freed 219(395KB) AllocSpace objects, 0(0B) LOS objects, 66% free, 1563KB/4MB, paused 273us total 4.035ms
07-17 05:52:59.657 W/Resources( 1191): Preloaded drawable resource #0x108070b (android:drawable/text_select_handle_right) that varies with configuration!!
07-17 05:52:59.661 I/art     ( 1191): Explicit concurrent mark sweep GC freed 36(75KB) AllocSpace objects, 0(0B) LOS objects, 66% free, 1563KB/4MB, paused 370us total 4.006ms
07-17 05:52:59.663 W/Resources( 1191): Preloaded drawable resource #0x1080702 (android:drawable/text_edit_paste_window) that varies with configuration!!
07-17 05:52:59.664 W/Resources( 1191): Preloaded drawable resource #0x10802e3 (android:drawable/expander_close_holo_dark) that varies with configuration!!
07-17 05:52:59.668 I/art     ( 1191): Explicit concurrent mark sweep GC freed 51(4KB) AllocSpace objects, 0(0B) LOS objects, 66% free, 1616KB/4MB, paused 285us total 3.476ms
07-17 05:52:59.669 W/Resources( 1191): Preloaded drawable resource #0x10802e4 (android:drawable/expander_close_holo_light) that varies with configuration!!
07-17 05:52:59.669 W/Resources( 1191): Preloaded drawable resource #0x10802e3 (android:drawable/expander_close_holo_dark) that varies with configuration!!
07-17 05:52:59.670 W/Resources( 1191): Preloaded drawable resource #0x10802ec (android:drawable/expander_open_holo_dark) that varies with configuration!!
07-17 05:52:59.670 W/Resources( 1191): Preloaded drawable resource #0x10802e7 (android:drawable/expander_group_holo_dark) that varies with configuration!!
07-17 05:52:59.674 I/art     ( 1191): Explicit concurrent mark sweep GC freed 111(57KB) AllocSpace objects, 0(0B) LOS objects, 66% free, 1648KB/4MB, paused 349us total 3.687ms
07-17 05:52:59.675 W/Resources( 1191): Preloaded drawable resource #0x10802e4 (android:drawable/expander_close_holo_light) that varies with configuration!!
07-17 05:52:59.675 W/Resources( 1191): Preloaded drawable resource #0x10802ed (android:drawable/expander_open_holo_light) that varies with configuration!!
07-17 05:52:59.676 W/Resources( 1191): Preloaded drawable resource #0x10802e8 (android:drawable/expander_group_holo_light) that varies with configuration!!
07-17 05:52:59.680 I/art     ( 1191): Explicit concurrent mark sweep GC freed 117(87KB) AllocSpace objects, 0(0B) LOS objects, 66% free, 1620KB/4MB, paused 333us total 4.262ms
07-17 05:52:59.686 W/Resources( 1191): Preloaded drawable resource #0x10804c3 (android:drawable/list_selector_disabled_holo_dark) that varies with configuration!!
07-17 05:52:59.687 W/Resources( 1191): Preloaded drawable resource #0x10804c3 (android:drawable/list_selector_disabled_holo_dark) that varies with configuration!!
07-17 05:52:59.690 W/Resources( 1191): Preloaded drawable resource #0x10804a2 (android:drawable/list_pressed_holo_dark) that varies with configuration!!
07-17 05:52:59.690 W/Resources( 1191): Preloaded drawable resource #0x10804a0 (android:drawable/list_longpressed_holo_dark) that varies with configuration!!
07-17 05:52:59.690 W/Resources( 1191): Preloaded drawable resource #0x10804c0 (android:drawable/list_selector_background_transition_holo_dark) that varies with configuration!!
07-17 05:52:59.690 W/Resources( 1191): Preloaded drawable resource #0x10804a2 (android:drawable/list_pressed_holo_dark) that varies with configuration!!
07-17 05:52:59.691 W/Resources( 1191): Preloaded drawable resource #0x10804a0 (android:drawable/list_longpressed_holo_dark) that varies with configuration!!
07-17 05:52:59.691 W/Resources( 1191): Preloaded drawable resource #0x10804c0 (android:drawable/list_selector_background_transition_holo_dark) that varies with configuration!!
07-17 05:52:59.691 W/Resources( 1191): Preloaded drawable resource #0x108049b (android:drawable/list_focused_holo) that varies with configuration!!
07-17 05:52:59.691 W/Resources( 1191): Preloaded drawable resource #0x10804c7 (android:drawable/list_selector_holo_dark) that varies with configuration!!
07-17 05:52:59.695 I/art     ( 1191): Explicit concurrent mark sweep GC freed 263(69KB) AllocSpace objects, 0(0B) LOS objects, 66% free, 1607KB/4MB, paused 317us total 3.834ms
07-17 05:52:59.697 W/Resources( 1191): Preloaded drawable resource #0x10804c4 (android:drawable/list_selector_disabled_holo_light) that varies with configuration!!
07-17 05:52:59.697 W/Resources( 1191): Preloaded drawable resource #0x10804c4 (android:drawable/list_selector_disabled_holo_light) that varies with configuration!!
07-17 05:52:59.697 W/Resources( 1191): Preloaded drawable resource #0x10804a3 (android:drawable/list_pressed_holo_light) that varies with configuration!!
07-17 05:52:59.698 W/Resources( 1191): Preloaded drawable resource #0x10804a1 (android:drawable/list_longpressed_holo_light) that varies with configuration!!
07-17 05:52:59.698 W/Resources( 1191): Preloaded drawable resource #0x10804c1 (android:drawable/list_selector_background_transition_holo_light) that varies with configuration!!
07-17 05:52:59.698 W/Resources( 1191): Preloaded drawable resource #0x10804a3 (android:drawable/list_pressed_holo_light) that varies with configuration!!
07-17 05:52:59.698 W/Resources( 1191): Preloaded drawable resource #0x10804a1 (android:drawable/list_longpressed_holo_light) that varies with configuration!!
07-17 05:52:59.698 W/Resources( 1191): Preloaded drawable resource #0x10804c1 (android:drawable/list_selector_background_transition_holo_light) that varies with configuration!!
07-17 05:52:59.698 W/Resources( 1191): Preloaded drawable resource #0x108049b (android:drawable/list_focused_holo) that varies with configuration!!
07-17 05:52:59.698 W/Resources( 1191): Preloaded drawable resource #0x10804c8 (android:drawable/list_selector_holo_light) that varies with configuration!!
07-17 05:52:59.704 I/art     ( 1191): Explicit concurrent mark sweep GC freed 336(56KB) AllocSpace objects, 0(0B) LOS objects, 66% free, 1608KB/4MB, paused 426us total 5.155ms
07-17 05:52:59.707 W/Resources( 1191): Preloaded drawable resource #0x10804a5 (android:drawable/list_section_divider_holo_light) that varies with configuration!!
07-17 05:52:59.707 W/Resources( 1191): Preloaded drawable resource #0x10804a4 (android:drawable/list_section_divider_holo_dark) that varies with configuration!!
07-17 05:52:59.708 W/Resources( 1191): Preloaded drawable resource #0x10804d8 (android:drawable/menu_hardkey_panel_holo_dark) that varies with configuration!!
07-17 05:52:59.712 I/art     ( 1191): Explicit concurrent mark sweep GC freed 173(45KB) AllocSpace objects, 0(0B) LOS objects, 66% free, 1620KB/4MB, paused 392us total 4.396ms
07-17 05:52:59.717 W/Resources( 1191): Preloaded drawable resource #0x10804d9 (android:drawable/menu_hardkey_panel_holo_light) that varies with configuration!!
07-17 05:52:59.718 W/Resources( 1191): Preloaded drawable resource #0x10804e0 (android:drawable/menu_submenu_background) that varies with configuration!!
07-17 05:52:59.723 I/art     ( 1191): Explicit concurrent mark sweep GC freed 80(56KB) AllocSpace objects, 0(0B) LOS objects, 66% free, 1673KB/4MB, paused 449us total 4.727ms
07-17 05:52:59.725 W/Resources( 1191): Preloaded drawable resource #0x10804d7 (android:drawable/menu_dropdown_panel_holo_light) that varies with configuration!!
07-17 05:52:59.730 I/art     ( 1191): Explicit concurrent mark sweep GC freed 49(106KB) AllocSpace objects, 0(0B) LOS objects, 66% free, 1623KB/4MB, paused 353us total 4.127ms
07-17 05:52:59.735 W/Resources( 1191): Preloaded drawable resource #0x10804d6 (android:drawable/menu_dropdown_panel_holo_dark) that varies with configuration!!
07-17 05:52:59.739 I/art     ( 1191): Explicit concurrent mark sweep GC freed 37(57KB) AllocSpace objects, 0(0B) LOS objects, 66% free, 1623KB/4MB, paused 310us total 3.456ms
07-17 05:52:59.741 W/Resources( 1191): Preloaded drawable resource #0x10804dd (android:drawable/menu_popup_panel_holo_light) that varies with configuration!!
07-17 05:52:59.745 I/art     ( 1191): Explicit concurrent mark sweep GC freed 37(57KB) AllocSpace objects, 0(0B) LOS objects, 66% free, 1623KB/4MB, paused 352us total 3.759ms
07-17 05:52:59.747 W/Resources( 1191): Preloaded drawable resource #0x10804dc (android:drawable/menu_popup_panel_holo_dark) that varies with configuration!!
07-17 05:52:59.751 I/art     ( 1191): Explicit concurrent mark sweep GC freed 37(57KB) AllocSpace objects, 0(0B) LOS objects, 66% free, 1624KB/4MB, paused 868us total 4.308ms
07-17 05:52:59.753 W/Resources( 1191): Preloaded drawable resource #0x10804dd (android:drawable/menu_popup_panel_holo_light) that varies with configuration!!
07-17 05:52:59.753 W/Resources( 1191): Preloaded drawable resource #0x10804d7 (android:drawable/menu_dropdown_panel_holo_light) that varies with configuration!!
07-17 05:52:59.754 W/Resources( 1191): Preloaded drawable resource #0x10804db (android:drawable/menu_panel_holo_light) that varies with configuration!!
07-17 05:52:59.758 I/art     ( 1191): Explicit concurrent mark sweep GC freed 82(60KB) AllocSpace objects, 0(0B) LOS objects, 66% free, 1680KB/4MB, paused 492us total 4.045ms
07-17 05:52:59.760 W/Resources( 1191): Preloaded drawable resource #0x10804dc (android:drawable/menu_popup_panel_holo_dark) that varies with configuration!!
07-17 05:52:59.761 W/Resources( 1191): Preloaded drawable resource #0x10804d6 (android:drawable/menu_dropdown_panel_holo_dark) that varies with configuration!!
07-17 05:52:59.761 W/Resources( 1191): Preloaded drawable resource #0x10804da (android:drawable/menu_panel_holo_dark) that varies with configuration!!
07-17 05:52:59.766 I/art     ( 1191): Explicit concurrent mark sweep GC freed 107(116KB) AllocSpace objects, 0(0B) LOS objects, 66% free, 1680KB/4MB, paused 467us total 4.604ms
07-17 05:52:59.768 W/Resources( 1191): Preloaded drawable resource #0x108060e (android:drawable/spinner_16_outer_holo) that varies with configuration!!
07-17 05:52:59.768 W/Resources( 1191): Preloaded drawable resource #0x108060d (android:drawable/spinner_16_inner_holo) that varies with configuration!!
07-17 05:52:59.770 W/Resources( 1191): Preloaded drawable resource #0x1080610 (android:drawable/spinner_48_outer_holo) that varies with configuration!!
07-17 05:52:59.776 I/art     ( 1191): Explicit concurrent mark sweep GC freed 105(191KB) AllocSpace objects, 0(0B) LOS objects, 66% free, 1570KB/4MB, paused 340us total 4.735ms
07-17 05:52:59.777 W/Resources( 1191): Preloaded drawable resource #0x108060f (android:drawable/spinner_48_inner_holo) that varies with configuration!!
07-17 05:52:59.780 D/AndroidRuntime( 1609): 
07-17 05:52:59.780 D/AndroidRuntime( 1609): >>>>>> AndroidRuntime START com.android.internal.os.RuntimeInit <<<<<<
07-17 05:52:59.780 I/art     ( 1191): Explicit concurrent mark sweep GC freed 44(64KB) AllocSpace objects, 0(0B) LOS objects, 66% free, 1569KB/4MB, paused 267us total 3.115ms
07-17 05:52:59.781 D/AndroidRuntime( 1609): CheckJNI is ON
07-17 05:52:59.784 W/Resources( 1191): Preloaded drawable resource #0x1080612 (android:drawable/spinner_76_outer_holo) that varies with configuration!!
07-17 05:52:59.788 I/art     ( 1191): Explicit concurrent mark sweep GC freed 32(158KB) AllocSpace objects, 0(0B) LOS objects, 66% free, 1569KB/4MB, paused 364us total 4.131ms
07-17 05:52:59.790 W/Resources( 1191): Preloaded drawable resource #0x1080611 (android:drawable/spinner_76_inner_holo) that varies with configuration!!
07-17 05:52:59.795 I/art     ( 1191): Explicit concurrent mark sweep GC freed 32(158KB) AllocSpace objects, 0(0B) LOS objects, 66% free, 1569KB/4MB, paused 547us total 4.370ms
07-17 05:52:59.796 W/Resources( 1191): Preloaded drawable resource #0x1080566 (android:drawable/progress_bg_holo_dark) that varies with configuration!!
07-17 05:52:59.796 W/Resources( 1191): Preloaded drawable resource #0x1080567 (android:drawable/progress_bg_holo_light) that varies with configuration!!
07-17 05:52:59.796 W/Resources( 1191): Preloaded drawable resource #0x1080566 (android:drawable/progress_bg_holo_dark) that varies with configuration!!
07-17 05:52:59.797 W/Resources( 1191): Preloaded drawable resource #0x1080578 (android:drawable/progress_secondary_holo_dark) that varies with configuration!!
07-17 05:52:59.797 W/Resources( 1191): Preloaded drawable resource #0x1080576 (android:drawable/progress_primary_holo_dark) that varies with configuration!!
07-17 05:52:59.797 W/Resources( 1191): Preloaded drawable resource #0x1080568 (android:drawable/progress_horizontal_holo_dark) that varies with configuration!!
07-17 05:52:59.798 W/Resources( 1191): Preloaded drawable resource #0x1080567 (android:drawable/progress_bg_holo_light) that varies with configuration!!
07-17 05:52:59.798 W/Resources( 1191): Preloaded drawable resource #0x1080579 (android:drawable/progress_secondary_holo_light) that varies with configuration!!
07-17 05:52:59.798 W/Resources( 1191): Preloaded drawable resource #0x1080577 (android:drawable/progress_primary_holo_light) that varies with configuration!!
07-17 05:52:59.798 W/Resources( 1191): Preloaded drawable resource #0x1080569 (android:drawable/progress_horizontal_holo_light) that varies with configuration!!
07-17 05:52:59.804 I/art     ( 1191): Explicit concurrent mark sweep GC freed 241(14KB) AllocSpace objects, 0(0B) LOS objects, 66% free, 1605KB/4MB, paused 356us total 4.619ms
07-17 05:52:59.805 W/Resources( 1191): Preloaded drawable resource #0x1080582 (android:drawable/progressbar_indeterminate_holo1) that varies with configuration!!
07-17 05:52:59.806 W/Resources( 1191): Preloaded drawable resource #0x1080583 (android:drawable/progressbar_indeterminate_holo2) that varies with configuration!!
07-17 05:52:59.807 W/Resources( 1191): Preloaded drawable resource #0x1080584 (android:drawable/progressbar_indeterminate_holo3) that varies with configuration!!
07-17 05:52:59.807 I/ServiceManager( 1185): Waiting for service batterystats...
07-17 05:52:59.808 W/Resources( 1191): Preloaded drawable resource #0x1080585 (android:drawable/progressbar_indeterminate_holo4) that varies with configuration!!
07-17 05:52:59.809 W/Resources( 1191): Preloaded drawable resource #0x1080586 (android:drawable/progressbar_indeterminate_holo5) that varies with configuration!!
07-17 05:52:59.811 W/Resources( 1191): Preloaded drawable resource #0x1080587 (android:drawable/progressbar_indeterminate_holo6) that varies with configuration!!
07-17 05:52:59.812 W/Resources( 1191): Preloaded drawable resource #0x1080588 (android:drawable/progressbar_indeterminate_holo7) that varies with configuration!!
07-17 05:52:59.813 W/Resources( 1191): Preloaded drawable resource #0x1080589 (android:drawable/progressbar_indeterminate_holo8) that varies with configuration!!
07-17 05:52:59.813 W/Resources( 1191): Preloaded drawable resource #0x108056b (android:drawable/progress_indeterminate_horizontal_holo) that varies with configuration!!
07-17 05:52:59.817 I/art     ( 1191): Explicit concurrent mark sweep GC freed 326(2MB) AllocSpace objects, 0(0B) LOS objects, 66% free, 1575KB/4MB, paused 380us total 4.001ms
07-17 05:52:59.822 W/Resources( 1191): Preloaded drawable resource #0x1080612 (android:drawable/spinner_76_outer_holo) that varies with configuration!!
07-17 05:52:59.824 W/Resources( 1191): Preloaded drawable resource #0x1080611 (android:drawable/spinner_76_inner_holo) that varies with configuration!!
07-17 05:52:59.824 W/Resources( 1191): Preloaded drawable resource #0x108056e (android:drawable/progress_large_holo) that varies with configuration!!
07-17 05:52:59.828 I/art     ( 1191): Explicit concurrent mark sweep GC freed 138(320KB) AllocSpace objects, 0(0B) LOS objects, 66% free, 1573KB/4MB, paused 412us total 3.922ms
07-17 05:52:59.830 W/Resources( 1191): Preloaded drawable resource #0x1080610 (android:drawable/spinner_48_outer_holo) that varies with configuration!!
07-17 05:52:59.831 W/Resources( 1191): Preloaded drawable resource #0x108060f (android:drawable/spinner_48_inner_holo) that varies with configuration!!
07-17 05:52:59.831 W/Resources( 1191): Preloaded drawable resource #0x1080572 (android:drawable/progress_medium_holo) that varies with configuration!!
07-17 05:52:59.831 E/memtrack( 1609): Couldn't load memtrack module (No such file or directory)
07-17 05:52:59.831 E/android.os.Debug( 1609): failed to load memtrack module: -2
07-17 05:52:59.835 I/art     ( 1191): Explicit concurrent mark sweep GC freed 100(129KB) AllocSpace objects, 0(0B) LOS objects, 66% free, 1573KB/4MB, paused 292us total 3.473ms
07-17 05:52:59.836 W/Resources( 1191): Preloaded drawable resource #0x1080576 (android:drawable/progress_primary_holo_dark) that varies with configuration!!
07-17 05:52:59.837 W/Resources( 1191): Preloaded drawable resource #0x1080577 (android:drawable/progress_primary_holo_light) that varies with configuration!!
07-17 05:52:59.837 W/Resources( 1191): Preloaded drawable resource #0x1080578 (android:drawable/progress_secondary_holo_dark) that varies with configuration!!
07-17 05:52:59.837 W/Resources( 1191): Preloaded drawable resource #0x1080579 (android:drawable/progress_secondary_holo_light) that varies with configuration!!
07-17 05:52:59.838 W/Resources( 1191): Preloaded drawable resource #0x108060e (android:drawable/spinner_16_outer_holo) that varies with configuration!!
07-17 05:52:59.838 W/Resources( 1191): Preloaded drawable resource #0x108060d (android:drawable/spinner_16_inner_holo) that varies with configuration!!
07-17 05:52:59.838 W/Resources( 1191): Preloaded drawable resource #0x108057b (android:drawable/progress_small_holo) that varies with configuration!!
07-17 05:52:59.842 I/art     ( 1191): Explicit concurrent mark sweep GC freed 180(24KB) AllocSpace objects, 0(0B) LOS objects, 66% free, 1598KB/4MB, paused 267us total 3.459ms
07-17 05:52:59.843 W/Resources( 1191): Preloaded drawable resource #0x10805f5 (android:drawable/scrubber_track_holo_dark) that varies with configuration!!
07-17 05:52:59.843 W/Resources( 1191): Preloaded drawable resource #0x10805f4 (android:drawable/scrubber_secondary_holo) that varies with configuration!!
07-17 05:52:59.843 W/Resources( 1191): Preloaded drawable resource #0x10805ef (android:drawable/scrubber_primary_holo) that varies with configuration!!
07-17 05:52:59.844 W/Resources( 1191): Preloaded drawable resource #0x10805f1 (android:drawable/scrubber_progress_horizontal_holo_dark) that varies with configuration!!
07-17 05:52:59.844 W/Resources( 1191): Preloaded drawable resource #0x10805f6 (android:drawable/scrubber_track_holo_light) that varies with configuration!!
07-17 05:52:59.844 W/Resources( 1191): Preloaded drawable resource #0x10805f4 (android:drawable/scrubber_secondary_holo) that varies with configuration!!
07-17 05:52:59.844 W/Resources( 1191): Preloaded drawable resource #0x10805ef (android:drawable/scrubber_primary_holo) that varies with configuration!!
07-17 05:52:59.844 W/Resources( 1191): Preloaded drawable resource #0x10805f2 (android:drawable/scrubber_progress_horizontal_holo_light) that varies with configuration!!
07-17 05:52:59.846 W/Resources( 1191): Preloaded drawable resource #0x10805d2 (android:drawable/scrollbar_handle_holo_dark) that varies with configuration!!
07-17 05:52:59.846 W/Resources( 1191): Preloaded drawable resource #0x10805d3 (android:drawable/scrollbar_handle_holo_light) that varies with configuration!!
07-17 05:52:59.848 D/AndroidRuntime( 1609): Calling main entry com.android.commands.pm.Pm
07-17 05:52:59.850 I/art     ( 1191): Explicit concurrent mark sweep GC freed 328(41KB) AllocSpace objects, 0(0B) LOS objects, 66% free, 1609KB/4MB, paused 599us total 4.330ms
07-17 05:52:59.853 D/AndroidRuntime( 1609): Shutting down VM
07-17 05:52:59.854 W/Resources( 1191): Preloaded drawable resource #0x1080635 (android:drawable/spinner_disabled_holo_dark) that varies with configuration!!
07-17 05:52:59.854 W/Resources( 1191): Preloaded drawable resource #0x1080643 (android:drawable/spinner_pressed_holo_dark) that varies with configuration!!
07-17 05:52:59.855 W/Resources( 1191): Preloaded drawable resource #0x108063b (android:drawable/spinner_focused_holo_dark) that varies with configuration!!
07-17 05:52:59.855 W/Resources( 1191): Preloaded drawable resource #0x1080630 (android:drawable/spinner_default_holo_dark) that varies with configuration!!
07-17 05:52:59.855 W/Resources( 1191): Preloaded drawable resource #0x1080629 (android:drawable/spinner_background_holo_dark) that varies with configuration!!
07-17 05:52:59.859 I/art     ( 1609): Debugger is no longer active
07-17 05:52:59.862 I/art     ( 1191): Explicit concurrent mark sweep GC freed 312(40KB) AllocSpace objects, 0(0B) LOS objects, 66% free, 1658KB/4MB, paused 391us total 6.704ms
07-17 05:52:59.864 W/Resources( 1191): Preloaded drawable resource #0x1080637 (android:drawable/spinner_disabled_holo_light) that varies with configuration!!
07-17 05:52:59.864 W/Resources( 1191): Preloaded drawable resource #0x1080645 (android:drawable/spinner_pressed_holo_light) that varies with configuration!!
07-17 05:52:59.865 W/Resources( 1191): Preloaded drawable resource #0x108063d (android:drawable/spinner_focused_holo_light) that varies with configuration!!
07-17 05:52:59.865 W/Resources( 1191): Preloaded drawable resource #0x1080632 (android:drawable/spinner_default_holo_light) that varies with configuration!!
07-17 05:52:59.866 W/Resources( 1191): Preloaded drawable resource #0x108062a (android:drawable/spinner_background_holo_light) that varies with configuration!!
07-17 05:52:59.869 I/art     ( 1191): Explicit concurrent mark sweep GC freed 225(88KB) AllocSpace objects, 0(0B) LOS objects, 66% free, 1659KB/4MB, paused 271us total 3.486ms
07-17 05:52:59.871 W/Resources( 1191): Preloaded drawable resource #0x1080615 (android:drawable/spinner_ab_default_holo_dark) that varies with configuration!!
07-17 05:52:59.872 W/Resources( 1191): Preloaded drawable resource #0x1080617 (android:drawable/spinner_ab_default_holo_light) that varies with configuration!!
07-17 05:52:59.872 W/Resources( 1191): Preloaded drawable resource #0x1080619 (android:drawable/spinner_ab_disabled_holo_dark) that varies with configuration!!
07-17 05:52:59.876 I/art     ( 1191): Explicit concurrent mark sweep GC freed 165(84KB) AllocSpace objects, 0(0B) LOS objects, 66% free, 1640KB/4MB, paused 283us total 3.168ms
07-17 05:52:59.877 W/Resources( 1191): Preloaded drawable resource #0x108061b (android:drawable/spinner_ab_disabled_holo_light) that varies with configuration!!
07-17 05:52:59.877 W/Resources( 1191): Preloaded drawable resource #0x108061d (android:drawable/spinner_ab_focused_holo_dark) that varies with configuration!!
07-17 05:52:59.877 W/Resources( 1191): Preloaded drawable resource #0x108061f (android:drawable/spinner_ab_focused_holo_light) that varies with configuration!!
07-17 05:52:59.882 I/art     ( 1191): Explicit concurrent mark sweep GC freed 131(64KB) AllocSpace objects, 0(0B) LOS objects, 66% free, 1641KB/4MB, paused 364us total 3.969ms
07-17 05:52:59.883 W/Resources( 1191): Preloaded drawable resource #0x1080623 (android:drawable/spinner_ab_pressed_holo_dark) that varies with configuration!!
07-17 05:52:59.884 W/Resources( 1191): Preloaded drawable resource #0x1080625 (android:drawable/spinner_ab_pressed_holo_light) that varies with configuration!!
07-17 05:52:59.884 W/Resources( 1191): Preloaded drawable resource #0x1080619 (android:drawable/spinner_ab_disabled_holo_dark) that varies with configuration!!
07-17 05:52:59.884 W/Resources( 1191): Preloaded drawable resource #0x1080623 (android:drawable/spinner_ab_pressed_holo_dark) that varies with configuration!!
07-17 05:52:59.885 W/Resources( 1191): Preloaded drawable resource #0x108061d (android:drawable/spinner_ab_focused_holo_dark) that varies with configuration!!
07-17 05:52:59.885 W/Resources( 1191): Preloaded drawable resource #0x1080615 (android:drawable/spinner_ab_default_holo_dark) that varies with configuration!!
07-17 05:52:59.885 W/Resources( 1191): Preloaded drawable resource #0x1080621 (android:drawable/spinner_ab_holo_dark) that varies with configuration!!
07-17 05:52:59.890 I/art     ( 1191): Explicit concurrent mark sweep GC freed 225(70KB) AllocSpace objects, 0(0B) LOS objects, 66% free, 1701KB/4MB, paused 336us total 3.708ms
07-17 05:52:59.892 W/Resources( 1191): Preloaded drawable resource #0x108061b (android:drawable/spinner_ab_disabled_holo_light) that varies with configuration!!
07-17 05:52:59.892 W/Resources( 1191): Preloaded drawable resource #0x1080625 (android:drawable/spinner_ab_pressed_holo_light) that varies with configuration!!
07-17 05:52:59.892 W/Resources( 1191): Preloaded drawable resource #0x108061f (android:drawable/spinner_ab_focused_holo_light) that varies with configuration!!
07-17 05:52:59.893 W/Resources( 1191): Preloaded drawable resource #0x1080617 (android:drawable/spinner_ab_default_holo_light) that varies with configuration!!
07-17 05:52:59.893 W/Resources( 1191): Preloaded drawable resource #0x1080622 (android:drawable/spinner_ab_holo_light) that varies with configuration!!
07-17 05:52:59.897 I/art     ( 1191): Explicit concurrent mark sweep GC freed 250(127KB) AllocSpace objects, 0(0B) LOS objects, 66% free, 1662KB/4MB, paused 333us total 3.590ms
07-17 05:52:59.898 W/Resources( 1191): Preloaded drawable resource #0x1080630 (android:drawable/spinner_default_holo_dark) that varies with configuration!!
07-17 05:52:59.899 W/Resources( 1191): Preloaded drawable resource #0x1080632 (android:drawable/spinner_default_holo_light) that varies with configuration!!
07-17 05:52:59.899 W/Resources( 1191): Preloaded drawable resource #0x1080635 (android:drawable/spinner_disabled_holo_dark) that varies with configuration!!
07-17 05:52:59.902 I/art     ( 1191): Explicit concurrent mark sweep GC freed 167(84KB) AllocSpace objects, 0(0B) LOS objects, 66% free, 1641KB/4MB, paused 267us total 3.240ms
07-17 05:52:59.904 W/Resources( 1191): Preloaded drawable resource #0x1080637 (android:drawable/spinner_disabled_holo_light) that varies with configuration!!
07-17 05:52:59.904 W/Resources( 1191): Preloaded drawable resource #0x108063b (android:drawable/spinner_focused_holo_dark) that varies with configuration!!
07-17 05:52:59.904 W/Resources( 1191): Preloaded drawable resource #0x108063d (android:drawable/spinner_focused_holo_light) that varies with configuration!!
07-17 05:52:59.908 I/art     ( 1191): Explicit concurrent mark sweep GC freed 131(64KB) AllocSpace objects, 0(0B) LOS objects, 66% free, 1641KB/4MB, paused 343us total 3.467ms
07-17 05:52:59.909 W/Resources( 1191): Preloaded drawable resource #0x1080643 (android:drawable/spinner_pressed_holo_dark) that varies with configuration!!
07-17 05:52:59.910 W/Resources( 1191): Preloaded drawable resource #0x1080645 (android:drawable/spinner_pressed_holo_light) that varies with configuration!!
07-17 05:52:59.910 W/Resources( 1191): Preloaded drawable resource #0x1080275 (android:drawable/cab_background_bottom_holo_dark) that varies with configuration!!
07-17 05:52:59.914 I/art     ( 1191): Explicit concurrent mark sweep GC freed 129(64KB) AllocSpace objects, 0(0B) LOS objects, 66% free, 1638KB/4MB, paused 333us total 3.477ms
07-17 05:52:59.915 W/Resources( 1191): Preloaded drawable resource #0x108027a (android:drawable/cab_background_top_holo_light) that varies with configuration!!
07-17 05:52:59.915 W/Resources( 1191): Preloaded drawable resource #0x1080276 (android:drawable/cab_background_bottom_holo_light) that varies with configuration!!
07-17 05:52:59.916 W/Resources( 1191): Preloaded drawable resource #0x1080337 (android:drawable/ic_cab_done_holo_dark) that varies with configuration!!
07-17 05:52:59.920 I/art     ( 1191): Explicit concurrent mark sweep GC freed 118(87KB) AllocSpace objects, 0(0B) LOS objects, 66% free, 1615KB/4MB, paused 279us total 3.562ms
